Archive member included to satisfy reference by file (symbol)

/home/yaohui.c/work/afl-pt/afl-2.42b/pt_mode/glibc-2.19/pt-build/libc_pic.a(check_fds.os)
                              /home/yaohui.c/work/afl-pt/afl-2.42b/pt_mode/glibc-2.19/pt-build/elf/dl-allobjs.os (__libc_check_standard_fds)
/home/yaohui.c/work/afl-pt/afl-2.42b/pt_mode/glibc-2.19/pt-build/libc_pic.a(errno.os)
                              /home/yaohui.c/work/afl-pt/afl-2.42b/pt_mode/glibc-2.19/pt-build/libc_pic.a(check_fds.os) (__libc_errno)
/home/yaohui.c/work/afl-pt/afl-2.42b/pt_mode/glibc-2.19/pt-build/libc_pic.a(setjmp.os)
                              /home/yaohui.c/work/afl-pt/afl-2.42b/pt_mode/glibc-2.19/pt-build/elf/dl-allobjs.os (__sigsetjmp)
/home/yaohui.c/work/afl-pt/afl-2.42b/pt_mode/glibc-2.19/pt-build/libc_pic.a(__longjmp.os)
                              /home/yaohui.c/work/afl-pt/afl-2.42b/pt_mode/glibc-2.19/pt-build/elf/dl-allobjs.os (__longjmp)
/home/yaohui.c/work/afl-pt/afl-2.42b/pt_mode/glibc-2.19/pt-build/libc_pic.a(strchr.os)
                              /home/yaohui.c/work/afl-pt/afl-2.42b/pt_mode/glibc-2.19/pt-build/elf/dl-allobjs.os (strchr)
/home/yaohui.c/work/afl-pt/afl-2.42b/pt_mode/glibc-2.19/pt-build/libc_pic.a(strcmp.os)
                              /home/yaohui.c/work/afl-pt/afl-2.42b/pt_mode/glibc-2.19/pt-build/elf/dl-allobjs.os (strcmp)
/home/yaohui.c/work/afl-pt/afl-2.42b/pt_mode/glibc-2.19/pt-build/libc_pic.a(strcpy.os)
                              /home/yaohui.c/work/afl-pt/afl-2.42b/pt_mode/glibc-2.19/pt-build/elf/dl-allobjs.os (strcpy)
/home/yaohui.c/work/afl-pt/afl-2.42b/pt_mode/glibc-2.19/pt-build/libc_pic.a(strlen.os)
                              /home/yaohui.c/work/afl-pt/afl-2.42b/pt_mode/glibc-2.19/pt-build/elf/dl-allobjs.os (strlen)
/home/yaohui.c/work/afl-pt/afl-2.42b/pt_mode/glibc-2.19/pt-build/libc_pic.a(strnlen.os)
                              /home/yaohui.c/work/afl-pt/afl-2.42b/pt_mode/glibc-2.19/pt-build/elf/dl-allobjs.os (strnlen)
/home/yaohui.c/work/afl-pt/afl-2.42b/pt_mode/glibc-2.19/pt-build/libc_pic.a(memchr.os)
                              /home/yaohui.c/work/afl-pt/afl-2.42b/pt_mode/glibc-2.19/pt-build/elf/dl-allobjs.os (memchr)
/home/yaohui.c/work/afl-pt/afl-2.42b/pt_mode/glibc-2.19/pt-build/libc_pic.a(memcmp.os)
                              /home/yaohui.c/work/afl-pt/afl-2.42b/pt_mode/glibc-2.19/pt-build/elf/dl-allobjs.os (memcmp)
/home/yaohui.c/work/afl-pt/afl-2.42b/pt_mode/glibc-2.19/pt-build/libc_pic.a(memmove.os)
                              /home/yaohui.c/work/afl-pt/afl-2.42b/pt_mode/glibc-2.19/pt-build/elf/dl-allobjs.os (memmove)
/home/yaohui.c/work/afl-pt/afl-2.42b/pt_mode/glibc-2.19/pt-build/libc_pic.a(memset.os)
                              /home/yaohui.c/work/afl-pt/afl-2.42b/pt_mode/glibc-2.19/pt-build/elf/dl-allobjs.os (memset)
/home/yaohui.c/work/afl-pt/afl-2.42b/pt_mode/glibc-2.19/pt-build/libc_pic.a(mempcpy.os)
                              /home/yaohui.c/work/afl-pt/afl-2.42b/pt_mode/glibc-2.19/pt-build/elf/dl-allobjs.os (mempcpy)
/home/yaohui.c/work/afl-pt/afl-2.42b/pt_mode/glibc-2.19/pt-build/libc_pic.a(stpcpy.os)
                              /home/yaohui.c/work/afl-pt/afl-2.42b/pt_mode/glibc-2.19/pt-build/elf/dl-allobjs.os (stpcpy)
/home/yaohui.c/work/afl-pt/afl-2.42b/pt_mode/glibc-2.19/pt-build/libc_pic.a(memcpy.os)
                              (memcpy@@GLIBC_2.14)
/home/yaohui.c/work/afl-pt/afl-2.42b/pt_mode/glibc-2.19/pt-build/libc_pic.a(wordcopy.os)
                              /home/yaohui.c/work/afl-pt/afl-2.42b/pt_mode/glibc-2.19/pt-build/libc_pic.a(memmove.os) (_wordcopy_fwd_aligned)
/home/yaohui.c/work/afl-pt/afl-2.42b/pt_mode/glibc-2.19/pt-build/libc_pic.a(rawmemchr.os)
                              /home/yaohui.c/work/afl-pt/afl-2.42b/pt_mode/glibc-2.19/pt-build/elf/dl-allobjs.os (rawmemchr)
/home/yaohui.c/work/afl-pt/afl-2.42b/pt_mode/glibc-2.19/pt-build/libc_pic.a(strcmp-ssse3.os)
                              /home/yaohui.c/work/afl-pt/afl-2.42b/pt_mode/glibc-2.19/pt-build/libc_pic.a(strcmp.os) (__strcmp_ssse3)
/home/yaohui.c/work/afl-pt/afl-2.42b/pt_mode/glibc-2.19/pt-build/libc_pic.a(strcmp-sse2-unaligned.os)
                              /home/yaohui.c/work/afl-pt/afl-2.42b/pt_mode/glibc-2.19/pt-build/libc_pic.a(strcmp.os) (__strcmp_sse2_unaligned)
/home/yaohui.c/work/afl-pt/afl-2.42b/pt_mode/glibc-2.19/pt-build/libc_pic.a(memcmp-sse4.os)
                              /home/yaohui.c/work/afl-pt/afl-2.42b/pt_mode/glibc-2.19/pt-build/libc_pic.a(memcmp.os) (__memcmp_sse4_1)
/home/yaohui.c/work/afl-pt/afl-2.42b/pt_mode/glibc-2.19/pt-build/libc_pic.a(memcpy-ssse3.os)
                              /home/yaohui.c/work/afl-pt/afl-2.42b/pt_mode/glibc-2.19/pt-build/libc_pic.a(memcpy.os) (__memcpy_ssse3)
/home/yaohui.c/work/afl-pt/afl-2.42b/pt_mode/glibc-2.19/pt-build/libc_pic.a(memcpy-sse2-unaligned.os)
[...]
Memory Configuration

Name             Origin             Length             Attributes
*default*        0x0000000000000000 0xffffffffffffffff

Linker script and memory map

START GROUP
LOAD /home/yaohui.c/work/afl-pt/afl-2.42b/pt_mode/glibc-2.19/pt-build/elf/dl-allobjs.os
LOAD /home/yaohui.c/work/afl-pt/afl-2.42b/pt_mode/glibc-2.19/pt-build/libc_pic.a
LOAD /usr/lib/gcc/x86_64-linux-gnu/4.8/libgcc.a
END GROUP

.interp
 *(.interp)

.note.gnu.build-id
 *(.note.gnu.build-id)

.hash
 *(.hash)

.gnu.hash
 *(.gnu.hash)

.dynsym
 *(.dynsym)

.dynstr
 *(.dynstr)

.gnu.version
 *(.gnu.version)

.gnu.version_d
 *(.gnu.version_d)

.gnu.version_r
 *(.gnu.version_r)

.rela.init
 *(.rela.init)

.rela.text
 *(.rela.text)

.rela.fini
 *(.rela.fini)

.rela.rodata
 *(.rela.rodata)

.rela.data.rel.ro
 *(.rela.data.rel.ro)

.rela.data
 *(.rela.data)

.rela.tdata
 *(.rela.tdata)

.rela.tbss
 *(.rela.tbss)

.rela.ctors
 *(.rela.ctors)

.rela.dtors
 *(.rela.dtors)

.rela.got
 *(.rela.got)

.rela.bss
 *(.rela.bss)

.rela.ldata
 *(.rela.ldata)

.rela.lbss
 *(.rela.lbss)

.rela.lrodata
 *(.rela.lrodata)

.rela.ifunc
 *(.rela.ifunc)

.rela.plt
 *(.rela.plt)

.init
 *(SORT(.init))

.plt
 *(.plt)
 *(.iplt)

.text           0x0000000000000000    0x1cb3d
 *(.text .stub)
 .text          0x0000000000000000    0x15d01 /home/yaohui.c/work/afl-pt/afl-2.42b/pt_mode/glibc-2.19/pt-build/elf/dl-allobjs.os
                0x0000000000000000                _start
                0x0000000000000008                _dl_start_user
                0x0000000000000050                _dl_initial_error_catch_tsd
                0x0000000000005f70                _dl_dst_count
                0x0000000000006020                _dl_dst_substitute
                0x0000000000006960                _dl_init_paths
                0x0000000000006d80                _dl_map_object
                0x0000000000007740                _dl_rtld_di_serinfo
                0x0000000000008430                _dl_lookup_symbol_x
                0x00000000000094b0                _dl_setup_hash
                0x0000000000009560                _dl_add_to_namespace_list
                0x00000000000095f0                _dl_new_object
                0x0000000000009940                _dl_try_allocate_static_tls
                0x0000000000009a20                _dl_allocate_static_tls
                0x0000000000009a50                _dl_nothread_init_static_tls
                0x0000000000009ae0                _dl_protect_relro
                0x0000000000009b40                _dl_reloc_bad_type
                0x0000000000009c20                _dl_relocate_object
                0x000000000000b1c0                _dl_map_object_deps
                0x000000000000c430                _dl_important_hwcaps
                0x000000000000cb70                _dl_fixup
                0x000000000000cd80                _dl_profile_fixup
                0x000000000000d360                _dl_call_pltexit
                0x000000000000d470                _dl_signal_error
                0x000000000000d620                _dl_signal_cerror
                0x000000000000d6a0                _dl_catch_error
                0x000000000000d760                _dl_receive_error
                0x000000000000d8d0                _dl_init_internal
                0x000000000000d8d0                _dl_init
                0x000000000000d9f0                _dl_sort_fini
                0x000000000000dc80                _dl_fini
                0x000000000000e0a0                _dl_debug_state
                0x000000000000e0a0                __GI__dl_debug_state
                0x000000000000e0b0                _dl_debug_initialize
                0x000000000000e6e0                _dl_sysdep_read_whole_file
                0x000000000000e770                _dl_debug_printf
                0x000000000000e7d0                _dl_debug_printf_c
                0x000000000000e830                _dl_dprintf
                0x000000000000e880                _dl_name_match_p
                0x000000000000e8f0                _dl_higher_prime_number
                0x000000000000ed20                _dl_check_map_versions
                0x000000000000f1a0                _dl_check_all_versions
                0x000000000000f210                _dl_start_profile
                0x000000000000fa10                _dl_mcount_internal
                0x000000000000fa10                _dl_mcount
                0x000000000000fc40                _dl_resolve_conflicts
                0x000000000000fe60                _dl_next_tls_modid
                0x000000000000ff40                _dl_determine_tlsoffset
                0x0000000000010100                __GI__dl_tls_setup
                0x0000000000010100                _dl_tls_setup
                0x00000000000101b0                _dl_get_tls_static_info
                0x00000000000101d0                _dl_allocate_tls_storage
                0x0000000000010310                __GI__dl_allocate_tls_init
                0x0000000000010310                _dl_allocate_tls_init
                0x0000000000010530                __GI__dl_allocate_tls
                0x0000000000010530                _dl_allocate_tls
                0x0000000000010570                _dl_deallocate_tls
                0x0000000000010570                __GI__dl_deallocate_tls
                0x0000000000010600                _dl_update_slotinfo
                0x0000000000010950                __tls_get_addr
                0x0000000000010990                _dl_tls_get_addr_soft
                0x0000000000010a00                _dl_add_to_slotinfo
                0x0000000000010ae0                _dl_get_origin
                0x0000000000010c50                _dl_scope_free
                0x0000000000010d10                _dl_make_stack_executable
                0x0000000000010d10                __GI__dl_make_stack_executable
                0x0000000000010d90                _dl_check_caller
                0x00000000000111c0                _dl_open
                0x0000000000011530                _dl_show_scope
                0x0000000000011680                _dl_addr_inside_object
                0x00000000000116e0                __GI__dl_find_dso_for_object
                0x00000000000116e0                _dl_find_dso_for_object
                0x0000000000012200                _dl_close_worker
                0x00000000000130a0                _dl_close
                0x0000000000013120                _dl_runtime_resolve
                0x0000000000013190                _dl_runtime_profile
                0x00000000000136f0                _dl_x86_64_save_sse
                0x00000000000137e0                _dl_x86_64_restore_sse
                0x0000000000013890                _dl_cache_libcmp
                0x0000000000013970                _dl_load_cache_lookup
                0x0000000000013ec0                _dl_unload_cache
                0x0000000000013f00                _dl_sysdep_start
                0x00000000000141c0                _dl_sysdep_start_cleanup
                0x00000000000141d0                _dl_show_auxv
                0x0000000000014380                _dl_discover_osversion
                0x0000000000014560                _dl_next_ld_env_entry
                0x00000000000145a0                unsetenv
                0x0000000000014620                __libc_memalign
                0x0000000000014730                malloc
                0x0000000000014740                calloc
                0x0000000000014780                free
                0x00000000000147b0                __sigjmp_save
                0x00000000000147c0                __strerror_r
                0x00000000000148a0                __GI___assert_fail
                0x00000000000148a0                __assert_fail
                0x00000000000148f0                realloc
                0x0000000000014980                __GI___assert_perror_fail
                0x0000000000014980                __assert_perror_fail
                0x00000000000149f0                __strtoul_internal
                0x0000000000014bc0                _itoa
                0x0000000000014c10                __strsep
                0x0000000000014c10                strsep
                0x0000000000014c10                __strsep_g
                0x0000000000014ca0                __GI___chk_fail
                0x0000000000014ca0                __chk_fail
                0x0000000000014cb0                __brk
                0x0000000000014cb0                brk
                0x0000000000014d10                sbrk
                0x0000000000014d10                __sbrk
                0x0000000000014da0                __getcwd
                0x0000000000014da0                getcwd
                0x00000000000153b0                openat64
                0x0000000000015400                __alloc_dir
                0x0000000000015500                __opendirat
                0x0000000000015570                __opendir
                0x0000000000015570                opendir
                0x0000000000015580                __fxstatat
                0x0000000000015580                __fxstatat64
                0x0000000000015580                __GI___fxstatat64
                0x00000000000155f0                _dl_make_tlsdesc_dynamic
                0x00000000000158c0                _dl_tlsdesc_resolve_rela_fixup
                0x0000000000015aa0                _dl_tlsdesc_resolve_hold_fixup
                0x0000000000015ae0                _dl_unmap
                0x0000000000015b60                _dl_tlsdesc_return
                0x0000000000015b70                _dl_tlsdesc_undefweak
                0x0000000000015b80                _dl_tlsdesc_dynamic
                0x0000000000015c20                _dl_tlsdesc_resolve_rela
                0x0000000000015c90                _dl_tlsdesc_resolve_hold
 *fill*         0x0000000000015d01        0xf 
 .text          0x0000000000015d10       0xe2 /home/yaohui.c/work/afl-pt/afl-2.42b/pt_mode/glibc-2.19/pt-build/libc_pic.a(check_fds.os)
                0x0000000000015dc0                __libc_check_standard_fds
 .text          0x0000000000015df2        0x0 /home/yaohui.c/work/afl-pt/afl-2.42b/pt_mode/glibc-2.19/pt-build/libc_pic.a(errno.os)
 *fill*         0x0000000000015df2        0xe 
 .text          0x0000000000015e00       0x57 /home/yaohui.c/work/afl-pt/afl-2.42b/pt_mode/glibc-2.19/pt-build/libc_pic.a(setjmp.os)
                0x0000000000015e00                __sigsetjmp
                0x0000000000015e00                __GI___sigsetjmp
 *fill*         0x0000000000015e57        0x9 
 .text          0x0000000000015e60       0x50 /home/yaohui.c/work/afl-pt/afl-2.42b/pt_mode/glibc-2.19/pt-build/libc_pic.a(__longjmp.os)
                0x0000000000015e60                __longjmp
 .text          0x0000000000015eb0      0x24a /home/yaohui.c/work/afl-pt/afl-2.42b/pt_mode/glibc-2.19/pt-build/libc_pic.a(strchr.os)
                0x0000000000015eb0                index
                0x0000000000015eb0                strchr
                0x0000000000015ee0                __strchr_sse2
                0x0000000000015ee0                __GI_strchr
 *fill*         0x00000000000160fa        0x6 
 .text          0x0000000000016100     0x1479 /home/yaohui.c/work/afl-pt/afl-2.42b/pt_mode/glibc-2.19/pt-build/libc_pic.a(strcmp.os)
                0x0000000000016100                strcmp
                0x0000000000016140                __strcmp_sse2
                0x0000000000016140                __GI_strcmp
 *fill*         0x0000000000017579        0x7 
 .text          0x0000000000017580      0x11c /home/yaohui.c/work/afl-pt/afl-2.42b/pt_mode/glibc-2.19/pt-build/libc_pic.a(strcpy.os)
                0x0000000000017580                strcpy
                0x00000000000175c0                __GI_strcpy
                0x00000000000175c0                __strcpy_sse2
 *fill*         0x000000000001769c        0x4 
 .text          0x00000000000176a0      0x1b4 /home/yaohui.c/work/afl-pt/afl-2.42b/pt_mode/glibc-2.19/pt-build/libc_pic.a(strlen.os)
                0x00000000000176a0                strlen
                0x00000000000176a0                __GI_strlen
 *fill*         0x0000000000017854        0xc 
 .text          0x0000000000017860      0x220 /home/yaohui.c/work/afl-pt/afl-2.42b/pt_mode/glibc-2.19/pt-build/libc_pic.a(strnlen.os)
                0x0000000000017860                __strnlen
                0x0000000000017860                strnlen
                0x0000000000017860                __GI___strnlen
                0x0000000000017860                __GI_strnlen
 .text          0x0000000000017a80      0x344 /home/yaohui.c/work/afl-pt/afl-2.42b/pt_mode/glibc-2.19/pt-build/libc_pic.a(memchr.os)
                0x0000000000017a80                __GI_memchr
                0x0000000000017a80                memchr
                0x0000000000017a80                __memchr
 *fill*         0x0000000000017dc4        0xc 
 .text          0x0000000000017dd0      0x440 /home/yaohui.c/work/afl-pt/afl-2.42b/pt_mode/glibc-2.19/pt-build/libc_pic.a(memcmp.os)
                0x0000000000017dd0                bcmp
                0x0000000000017dd0                memcmp
                0x0000000000017e10                __GI_memcmp
                0x0000000000017e10                __memcmp_sse2
 .text          0x0000000000018210      0x1e7 /home/yaohui.c/work/afl-pt/afl-2.42b/pt_mode/glibc-2.19/pt-build/libc_pic.a(memmove.os)
                0x0000000000018210                __GI_memmove
                0x0000000000018210                __memmove_sse2
                0x00000000000183b0                memmove
                0x00000000000183b0                memcpy@GLIBC_2.2.5
                0x00000000000183b0                __libc_memmove
 *fill*         0x00000000000183f7        0x9 
 .text          0x0000000000018400      0x137 /home/yaohui.c/work/afl-pt/afl-2.42b/pt_mode/glibc-2.19/pt-build/libc_pic.a(memset.os)
                0x0000000000018400                __bzero
                0x0000000000018400                bzero
                0x0000000000018410                __memset_tail
                0x0000000000018430                __memset_chk
                0x0000000000018440                __GI_memset
                0x0000000000018440                memset
 *fill*         0x0000000000018537        0x9 
 .text          0x0000000000018540      0x4a2 /home/yaohui.c/work/afl-pt/afl-2.42b/pt_mode/glibc-2.19/pt-build/libc_pic.a(mempcpy.os)
                0x0000000000018540                mempcpy
                0x0000000000018540                __mempcpy
                0x0000000000018580                __mempcpy_chk_sse2
                0x0000000000018590                __GI_mempcpy
                0x0000000000018590                __mempcpy_sse2
                0x0000000000018590                __GI___mempcpy
 *fill*         0x00000000000189e2        0xe 
 .text          0x00000000000189f0      0x11c /home/yaohui.c/work/afl-pt/afl-2.42b/pt_mode/glibc-2.19/pt-build/libc_pic.a(stpcpy.os)
                0x00000000000189f0                stpcpy
                0x00000000000189f0                __stpcpy
                0x0000000000018a30                __GI_stpcpy
                0x0000000000018a30                __GI___stpcpy
                0x0000000000018a30                __stpcpy_sse2
 *fill*         0x0000000000018b0c        0x4 
 .text          0x0000000000018b10      0x4b5 /home/yaohui.c/work/afl-pt/afl-2.42b/pt_mode/glibc-2.19/pt-build/libc_pic.a(memcpy.os)
                0x0000000000018b10                __new_memcpy
                0x0000000000018b10                memcpy@@GLIBC_2.14
                0x0000000000018b50                __memcpy_chk_sse2
                0x0000000000018b60                __memcpy_sse2
                0x0000000000018b60                __GI_memcpy
 *fill*         0x0000000000018fc5        0xb 
 .text          0x0000000000018fd0      0x556 /home/yaohui.c/work/afl-pt/afl-2.42b/pt_mode/glibc-2.19/pt-build/libc_pic.a(wordcopy.os)
                0x0000000000018fd0                _wordcopy_fwd_aligned
                0x0000000000019110                _wordcopy_fwd_dest_aligned
                0x0000000000019240                _wordcopy_bwd_aligned
                0x00000000000193d0                _wordcopy_bwd_dest_aligned
 *fill*         0x0000000000019526        0xa 
 .text          0x0000000000019530      0x204 /home/yaohui.c/work/afl-pt/afl-2.42b/pt_mode/glibc-2.19/pt-build/libc_pic.a(rawmemchr.os)
                0x0000000000019530                __GI___rawmemchr
                0x0000000000019530                __rawmemchr
                0x0000000000019530                rawmemchr
 .text          0x0000000000019734        0x0 /home/yaohui.c/work/afl-pt/afl-2.42b/pt_mode/glibc-2.19/pt-build/libc_pic.a(strcmp-ssse3.os)
 *fill*         0x0000000000019734        0xc 
 .text          0x0000000000019740      0x2a3 /home/yaohui.c/work/afl-pt/afl-2.42b/pt_mode/glibc-2.19/pt-build/libc_pic.a(strcmp-sse2-unaligned.os)
                0x0000000000019740                __strcmp_sse2_unaligned
 .text          0x00000000000199e3        0x0 /home/yaohui.c/work/afl-pt/afl-2.42b/pt_mode/glibc-2.19/pt-build/libc_pic.a(memcmp-sse4.os)
 .text          0x00000000000199e3        0x0 /home/yaohui.c/work/afl-pt/afl-2.42b/pt_mode/glibc-2.19/pt-build/libc_pic.a(memcpy-ssse3.os)
 *fill*         0x00000000000199e3        0xd 
 .text          0x00000000000199f0      0x217 /home/yaohui.c/work/afl-pt/afl-2.42b/pt_mode/glibc-2.19/pt-build/libc_pic.a(memcpy-sse2-unaligned.os)
                0x00000000000199f0                __memcpy_sse2_unaligned
 .text          0x0000000000019c07        0x0 /home/yaohui.c/work/afl-pt/afl-2.42b/pt_mode/glibc-2.19/pt-build/libc_pic.a(mempcpy-ssse3.os)
 .text          0x0000000000019c07        0x0 /home/yaohui.c/work/afl-pt/afl-2.42b/pt_mode/glibc-2.19/pt-build/libc_pic.a(memmove-ssse3.os)
 .text          0x0000000000019c07        0x0 /home/yaohui.c/work/afl-pt/afl-2.42b/pt_mode/glibc-2.19/pt-build/libc_pic.a(mempcpy-ssse3-back.os)
 .text          0x0000000000019c07        0x0 /home/yaohui.c/work/afl-pt/afl-2.42b/pt_mode/glibc-2.19/pt-build/libc_pic.a(memmove-ssse3-back.os)
 .text          0x0000000000019c07        0x0 /home/yaohui.c/work/afl-pt/afl-2.42b/pt_mode/glibc-2.19/pt-build/libc_pic.a(strcpy-ssse3.os)
 .text          0x0000000000019c07        0x0 /home/yaohui.c/work/afl-pt/afl-2.42b/pt_mode/glibc-2.19/pt-build/libc_pic.a(stpcpy-ssse3.os)
 *fill*         0x0000000000019c07        0x9 
 .text          0x0000000000019c10      0x630 /home/yaohui.c/work/afl-pt/afl-2.42b/pt_mode/glibc-2.19/pt-build/libc_pic.a(strcpy-sse2-unaligned.os)
                0x0000000000019c10                __strcpy_sse2_unaligned
 .text          0x000000000001a240      0x6b0 /home/yaohui.c/work/afl-pt/afl-2.42b/pt_mode/glibc-2.19/pt-build/libc_pic.a(stpcpy-sse2-unaligned.os)
                0x000000000001a240                __stpcpy_sse2_unaligned
 .text          0x000000000001a8f0        0x0 /home/yaohui.c/work/afl-pt/afl-2.42b/pt_mode/glibc-2.19/pt-build/libc_pic.a(strchr-sse2-no-bsf.os)
 .text          0x000000000001a8f0        0x0 /home/yaohui.c/work/afl-pt/afl-2.42b/pt_mode/glibc-2.19/pt-build/libc_pic.a(memcmp-ssse3.os)
 .text          0x000000000001a8f0      0x5e7 /home/yaohui.c/work/afl-pt/afl-2.42b/pt_mode/glibc-2.19/pt-build/libc_pic.a(cacheinfo.os)
                0x000000000001ae80                __cache_sysconf
 *fill*         0x000000000001aed7        0x9 
 .text          0x000000000001aee0       0x2c /home/yaohui.c/work/afl-pt/afl-2.42b/pt_mode/glibc-2.19/pt-build/libc_pic.a(closedir.os)
                0x000000000001aee0                __closedir
                0x000000000001aee0                closedir
 *fill*         0x000000000001af0c        0x4 
 .text          0x000000000001af10      0x10d /home/yaohui.c/work/afl-pt/afl-2.42b/pt_mode/glibc-2.19/pt-build/libc_pic.a(readdir.os)
                0x000000000001af10                readdir
                0x000000000001af10                __readdir64
                0x000000000001af10                __readdir
                0x000000000001af10                readdir64
 *fill*         0x000000000001b01d        0x3 
 .text          0x000000000001b020       0x97 /home/yaohui.c/work/afl-pt/afl-2.42b/pt_mode/glibc-2.19/pt-build/libc_pic.a(rewinddir.os)
                0x000000000001b020                rewinddir
                0x000000000001b020                __GI_rewinddir
 *fill*         0x000000000001b0b7        0x9 
 .text          0x000000000001b0c0       0x84 /home/yaohui.c/work/afl-pt/afl-2.42b/pt_mode/glibc-2.19/pt-build/libc_pic.a(getdents.os)
                0x000000000001b0c0                __getdents
                0x000000000001b0c0                __getdents64
 *fill*         0x000000000001b144        0xc 
 .text          0x000000000001b150       0x87 /home/yaohui.c/work/afl-pt/afl-2.42b/pt_mode/glibc-2.19/pt-build/libc_pic.a(fdopendir.os)
                0x000000000001b150                fdopendir
                0x000000000001b150                __fdopendir
 *fill*         0x000000000001b1d7        0x9 
 .text          0x000000000001b1e0       0x21 /home/yaohui.c/work/afl-pt/afl-2.42b/pt_mode/glibc-2.19/pt-build/libc_pic.a(uname.os)
                0x000000000001b1e0                uname
                0x000000000001b1e0                __GI_uname
                0x000000000001b1e0                __uname
                0x000000000001b1e0                __GI___uname
 *fill*         0x000000000001b201        0xf 
 .text          0x000000000001b210       0x96 /home/yaohui.c/work/afl-pt/afl-2.42b/pt_mode/glibc-2.19/pt-build/libc_pic.a(waitpid.os)
                0x000000000001b210                waitpid
                0x000000000001b210                __libc_waitpid
                0x000000000001b210                __waitpid
                0x000000000001b210                __GI___waitpid
 *fill*         0x000000000001b2a6        0xa 
 .text          0x000000000001b2b0       0x55 /home/yaohui.c/work/afl-pt/afl-2.42b/pt_mode/glibc-2.19/pt-build/libc_pic.a(_exit.os)
                0x000000000001b2b0                _Exit
                0x000000000001b2b0                __GI__exit
                0x000000000001b2b0                _exit
 *fill*         0x000000000001b305        0xb 
 .text          0x000000000001b310       0x3b /home/yaohui.c/work/afl-pt/afl-2.42b/pt_mode/glibc-2.19/pt-build/libc_pic.a(getpid.os)
                0x000000000001b310                __getpid
                0x000000000001b310                getpid
                0x000000000001b310                __GI_getpid
                0x000000000001b310                __GI___getpid
 .text          0x000000000001b34b        0x0 /home/yaohui.c/work/afl-pt/afl-2.42b/pt_mode/glibc-2.19/pt-build/libc_pic.a(environ.os)
 *fill*         0x000000000001b34b        0x5 
 .text          0x000000000001b350       0x45 /home/yaohui.c/work/afl-pt/afl-2.42b/pt_mode/glibc-2.19/pt-build/libc_pic.a(xstat.os)
                0x000000000001b350                _xstat
                0x000000000001b350                __xstat64
                0x000000000001b350                __GI___xstat64
                0x000000000001b350                __GI___xstat
                0x000000000001b350                __xstat
 *fill*         0x000000000001b395        0xb 
 .text          0x000000000001b3a0       0x45 /home/yaohui.c/work/afl-pt/afl-2.42b/pt_mode/glibc-2.19/pt-build/libc_pic.a(fxstat.os)
                0x000000000001b3a0                __GI___fxstat
                0x000000000001b3a0                __GI___fxstat64
                0x000000000001b3a0                __fxstat64
                0x000000000001b3a0                _fxstat
                0x000000000001b3a0                __fxstat
 *fill*         0x000000000001b3e5        0xb 
 .text          0x000000000001b3f0       0x45 /home/yaohui.c/work/afl-pt/afl-2.42b/pt_mode/glibc-2.19/pt-build/libc_pic.a(lxstat.os)
                0x000000000001b3f0                __GI___lxstat
                0x000000000001b3f0                _lxstat
                0x000000000001b3f0                __lxstat
                0x000000000001b3f0                __lxstat64
                0x000000000001b3f0                __GI___lxstat64
 *fill*         0x000000000001b435        0xb 
 .text          0x000000000001b440       0x5a /home/yaohui.c/work/afl-pt/afl-2.42b/pt_mode/glibc-2.19/pt-build/libc_pic.a(open.os)
                0x000000000001b440                __GI___open64
                0x000000000001b440                __open
                0x000000000001b440                __GI_open
                0x000000000001b440                __GI___open
                0x000000000001b440                __GI_open64
                0x000000000001b440                __libc_open
                0x000000000001b440                open64
                0x000000000001b440                __GI___libc_open
                0x000000000001b440                open
                0x000000000001b440                __open64
                0x000000000001b449                __open_nocancel
 *fill*         0x000000000001b49a        0x6 
 .text          0x000000000001b4a0       0x5a /home/yaohui.c/work/afl-pt/afl-2.42b/pt_mode/glibc-2.19/pt-build/libc_pic.a(read.os)
                0x000000000001b4a0                __read
                0x000000000001b4a0                __GI_read
                0x000000000001b4a0                __libc_read
                0x000000000001b4a0                __GI___read
                0x000000000001b4a0                read
                0x000000000001b4a0                __GI___libc_read
                0x000000000001b4a9                __read_nocancel
 *fill*         0x000000000001b4fa        0x6 
 .text          0x000000000001b500       0x5a /home/yaohui.c/work/afl-pt/afl-2.42b/pt_mode/glibc-2.19/pt-build/libc_pic.a(write.os)
                0x000000000001b500                __write
                0x000000000001b500                __GI_write
                0x000000000001b500                write
                0x000000000001b500                __GI___libc_write
                0x000000000001b500                __GI___write
                0x000000000001b500                __libc_write
                0x000000000001b509                __write_nocancel
 *fill*         0x000000000001b55a        0x6 
 .text          0x000000000001b560       0x21 /home/yaohui.c/work/afl-pt/afl-2.42b/pt_mode/glibc-2.19/pt-build/libc_pic.a(access.os)
                0x000000000001b560                __GI_access
                0x000000000001b560                __GI___access
                0x000000000001b560                access
                0x000000000001b560                __access
 *fill*         0x000000000001b581        0xf 
 .text          0x000000000001b590      0x173 /home/yaohui.c/work/afl-pt/afl-2.42b/pt_mode/glibc-2.19/pt-build/libc_pic.a(fcntl.os)
                0x000000000001b660                __fcntl_nocancel
                0x000000000001b690                __libc_fcntl
                0x000000000001b690                __GI___libc_fcntl
                0x000000000001b690                __GI___fcntl
                0x000000000001b690                __fcntl
                0x000000000001b690                fcntl
 *fill*         0x000000000001b703        0xd 
 .text          0x000000000001b710       0x5a /home/yaohui.c/work/afl-pt/afl-2.42b/pt_mode/glibc-2.19/pt-build/libc_pic.a(close.os)
                0x000000000001b710                __GI_close
                0x000000000001b710                __GI___libc_close
                0x000000000001b710                __libc_close
                0x000000000001b710                __close
                0x000000000001b710                __GI___close
                0x000000000001b710                close
                0x000000000001b719                __close_nocancel
 *fill*         0x000000000001b76a        0x6 
 .text          0x000000000001b770       0x24 /home/yaohui.c/work/afl-pt/afl-2.42b/pt_mode/glibc-2.19/pt-build/libc_pic.a(mmap.os)
                0x000000000001b770                __GI___mmap
                0x000000000001b770                __GI_mmap64
                0x000000000001b770                __mmap
                0x000000000001b770                mmap
                0x000000000001b770                __GI___mmap64
                0x000000000001b770                __mmap64
                0x000000000001b770                __GI_mmap
                0x000000000001b770                mmap64
 *fill*         0x000000000001b794        0xc 
 .text          0x000000000001b7a0       0x21 /home/yaohui.c/work/afl-pt/afl-2.42b/pt_mode/glibc-2.19/pt-build/libc_pic.a(munmap.os)
                0x000000000001b7a0                munmap
                0x000000000001b7a0                __GI___munmap
                0x000000000001b7a0                __GI_munmap
                0x000000000001b7a0                __munmap
 *fill*         0x000000000001b7c1        0xf 
 .text          0x000000000001b7d0       0x21 /home/yaohui.c/work/afl-pt/afl-2.42b/pt_mode/glibc-2.19/pt-build/libc_pic.a(mprotect.os)
                0x000000000001b7d0                __mprotect
                0x000000000001b7d0                __GI___mprotect
                0x000000000001b7d0                __GI_mprotect
                0x000000000001b7d0                mprotect
 *fill*         0x000000000001b7f1        0xf 
 .text          0x000000000001b800       0x5a /home/yaohui.c/work/afl-pt/afl-2.42b/pt_mode/glibc-2.19/pt-build/libc_pic.a(llseek.os)
                0x000000000001b800                __GI___lseek
                0x000000000001b800                __GI_lseek64
                0x000000000001b800                __llseek
                0x000000000001b800                __GI_llseek
                0x000000000001b800                __lseek64
                0x000000000001b800                lseek
                0x000000000001b800                __libc_lseek64
                0x000000000001b800                __GI___libc_lseek64
                0x000000000001b800                __GI___libc_lseek
                0x000000000001b800                llseek
                0x000000000001b800                __lseek
                0x000000000001b800                __GI___lseek64
                0x000000000001b800                __libc_lseek
                0x000000000001b800                __GI___llseek
                0x000000000001b800                __GI_lseek
                0x000000000001b800                lseek64
                0x000000000001b809                __lseek_nocancel
 *fill*         0x000000000001b85a        0x6 
 .text          0x000000000001b860      0x1ce /home/yaohui.c/work/afl-pt/afl-2.42b/pt_mode/glibc-2.19/pt-build/libc_pic.a(profil.os)
                0x000000000001b8b0                __profil
                0x000000000001b8b0                profil
 *fill*         0x000000000001ba2e        0x2 
 .text          0x000000000001ba30        0xb /home/yaohui.c/work/afl-pt/afl-2.42b/pt_mode/glibc-2.19/pt-build/libc_pic.a(prof-freq.os)
                0x000000000001ba30                __GI___profile_frequency
                0x000000000001ba30                __profile_frequency
 *fill*         0x000000000001ba3b        0x5 
 .text          0x000000000001ba40       0x52 /home/yaohui.c/work/afl-pt/afl-2.42b/pt_mode/glibc-2.19/pt-build/libc_pic.a(libc-lowlevellock.os)
                0x000000000001ba40                __lll_lock_wait_private
                0x000000000001ba70                __lll_unlock_wake_private
 *fill*         0x000000000001ba92        0xe 
 .text          0x000000000001baa0       0xbc /home/yaohui.c/work/afl-pt/afl-2.42b/pt_mode/glibc-2.19/pt-build/libc_pic.a(libc-cancellation.os)
                0x000000000001baa0                __libc_enable_asynccancel
                0x000000000001bb00                __libc_disable_asynccancel
 .text          0x000000000001bb5c        0x0 /home/yaohui.c/work/afl-pt/afl-2.42b/pt_mode/glibc-2.19/pt-build/libc_pic.a(libc_multiple_threads.os)
 *fill*         0x000000000001bb5c        0x4 
 .text          0x000000000001bb60      0x267 /home/yaohui.c/work/afl-pt/afl-2.42b/pt_mode/glibc-2.19/pt-build/libc_pic.a(init-arch.os)
                0x000000000001bb60                __init_cpu_features
                0x000000000001bdb0                __get_cpu_features
 *fill*         0x000000000001bdc7        0x9 
 .text          0x000000000001bdd0      0x22f /home/yaohui.c/work/afl-pt/afl-2.42b/pt_mode/glibc-2.19/pt-build/libc_pic.a(sigaction.os)
                0x000000000001bdf0                __libc_sigaction
                0x000000000001bdf0                __GI___libc_sigaction
                0x000000000001bfe0                sigaction
                0x000000000001bfe0                __GI___sigaction
                0x000000000001bfe0                __sigaction
 *fill*         0x000000000001bfff        0x1 
 .text          0x000000000001c000       0x21 /home/yaohui.c/work/afl-pt/afl-2.42b/pt_mode/glibc-2.19/pt-build/libc_pic.a(setitimer.os)
                0x000000000001c000                setitimer
                0x000000000001c000                __setitimer
                0x000000000001c000                __GI_setitimer
                0x000000000001c000                __GI___setitimer
 *fill*         0x000000000001c021        0xf 
 .text          0x000000000001c030      0x5c6 /home/yaohui.c/work/afl-pt/afl-2.42b/pt_mode/glibc-2.19/pt-build/libc_pic.a(forward.os)
                0x000000000001c030                pthread_equal
                0x000000000001c060                pthread_attr_destroy
                0x000000000001c090                pthread_attr_init@@GLIBC_2.2.5
                0x000000000001c090                __pthread_attr_init_2_1
                0x000000000001c0c0                pthread_attr_getdetachstate
                0x000000000001c0f0                pthread_attr_setdetachstate
                0x000000000001c120                pthread_attr_getinheritsched
                0x000000000001c150                pthread_attr_setinheritsched
                0x000000000001c180                pthread_attr_getschedparam
                0x000000000001c1b0                pthread_attr_setschedparam
                0x000000000001c1e0                pthread_attr_getschedpolicy
                0x000000000001c210                pthread_attr_setschedpolicy
                0x000000000001c240                pthread_attr_getscope
                0x000000000001c270                pthread_attr_setscope
                0x000000000001c2a0                pthread_condattr_destroy
                0x000000000001c2d0                pthread_condattr_init
                0x000000000001c300                pthread_cond_broadcast@@GLIBC_2.3.2
                0x000000000001c300                __pthread_cond_broadcast
                0x000000000001c330                pthread_cond_destroy@@GLIBC_2.3.2
                0x000000000001c330                __pthread_cond_destroy
                0x000000000001c360                pthread_cond_init@@GLIBC_2.3.2
                0x000000000001c360                __pthread_cond_init
                0x000000000001c390                pthread_cond_signal@@GLIBC_2.3.2
                0x000000000001c390                __pthread_cond_signal
                0x000000000001c3c0                pthread_cond_wait@@GLIBC_2.3.2
                0x000000000001c3c0                __pthread_cond_wait
                0x000000000001c3f0                pthread_cond_timedwait@@GLIBC_2.3.2
                0x000000000001c3f0                __pthread_cond_timedwait
                0x000000000001c420                pthread_exit
                0x000000000001c420                __pthread_exit
                0x000000000001c450                pthread_getschedparam
                0x000000000001c480                pthread_setschedparam
                0x000000000001c4b0                pthread_mutex_destroy
                0x000000000001c4e0                pthread_mutex_init
                0x000000000001c510                pthread_mutex_lock
                0x000000000001c540                pthread_mutex_unlock
                0x000000000001c570                pthread_self
                0x000000000001c5a0                pthread_setcancelstate
                0x000000000001c5d0                pthread_setcanceltype
 *fill*         0x000000000001c5f6        0xa 
 .text          0x000000000001c600      0x125 /home/yaohui.c/work/afl-pt/afl-2.42b/pt_mode/glibc-2.19/pt-build/libc_pic.a(exit.os)
                0x000000000001c600                __run_exit_handlers
                0x000000000001c710                __GI_exit
                0x000000000001c710                exit
 *fill*         0x000000000001c725        0xb 
 .text          0x000000000001c730      0x24d /home/yaohui.c/work/afl-pt/afl-2.42b/pt_mode/glibc-2.19/pt-build/libc_pic.a(cxa_atexit.os)
                0x000000000001c730                __new_exitfn
                0x000000000001c8a0                __internal_atexit
                0x000000000001c8f0                __cxa_atexit_internal
                0x000000000001c8f0                __cxa_atexit
 *fill*         0x000000000001c97d        0x3 
 .text          0x000000000001c980      0x1bd /home/yaohui.c/work/afl-pt/afl-2.42b/pt_mode/glibc-2.19/pt-build/libc_pic.a(cxa_thread_atexit_impl.os)
                0x000000000001c980                __cxa_thread_atexit_impl
                0x000000000001ca80                __GI___call_tls_dtors
                0x000000000001ca80                __call_tls_dtors
 *(.gnu.warning)

.text.unlikely  0x0000000000000000      0x710
 .text.unlikely
                0x0000000000000000      0x710 /home/yaohui.c/work/afl-pt/afl-2.42b/pt_mode/glibc-2.19/pt-build/elf/dl-allobjs.os

.text.sse4.2    0x0000000000000000      0xda9
 .text.sse4.2   0x0000000000000000      0xda9 /home/yaohui.c/work/afl-pt/afl-2.42b/pt_mode/glibc-2.19/pt-build/libc_pic.a(strcmp.os)
                0x0000000000000000                __strcmp_sse42

.text.ssse3     0x0000000000000000    0x11723
 .text.ssse3    0x0000000000000000     0x1259 /home/yaohui.c/work/afl-pt/afl-2.42b/pt_mode/glibc-2.19/pt-build/libc_pic.a(strcmp-ssse3.os)
                0x0000000000000000                __GI___strcmp_ssse3
                0x0000000000000000                __strcmp_ssse3
 *fill*         0x0000000000001259        0x7 
 .text.ssse3    0x0000000000001260     0x29c6 /home/yaohui.c/work/afl-pt/afl-2.42b/pt_mode/glibc-2.19/pt-build/libc_pic.a(memcpy-ssse3.os)
                0x0000000000001260                __memcpy_chk_ssse3
                0x0000000000001270                __memcpy_ssse3
 *fill*         0x0000000000003c26        0xa 
 .text.ssse3    0x0000000000003c30     0x29c6 /home/yaohui.c/work/afl-pt/afl-2.42b/pt_mode/glibc-2.19/pt-build/libc_pic.a(mempcpy-ssse3.os)
                0x0000000000003c30                __mempcpy_chk_ssse3
                0x0000000000003c40                __mempcpy_ssse3
 *fill*         0x00000000000065f6        0xa 
 .text.ssse3    0x0000000000006600     0x2b77 /home/yaohui.c/work/afl-pt/afl-2.42b/pt_mode/glibc-2.19/pt-build/libc_pic.a(memmove-ssse3.os)
                0x0000000000006600                __memmove_chk_ssse3
                0x0000000000006610                __memmove_ssse3
 *fill*         0x0000000000009177        0x9 
 .text.ssse3    0x0000000000009180     0x2ac6 /home/yaohui.c/work/afl-pt/afl-2.42b/pt_mode/glibc-2.19/pt-build/libc_pic.a(mempcpy-ssse3-back.os)
                0x0000000000009180                __mempcpy_chk_ssse3_back
                0x0000000000009190                __mempcpy_ssse3_back
 *fill*         0x000000000000bc46        0xa 
 .text.ssse3    0x000000000000bc50     0x2b16 /home/yaohui.c/work/afl-pt/afl-2.42b/pt_mode/glibc-2.19/pt-build/libc_pic.a(memmove-ssse3-back.os)
                0x000000000000bc50                __memmove_chk_ssse3_back
                0x000000000000bc60                __memmove_ssse3_back
 *fill*         0x000000000000e766        0xa 
 .text.ssse3    0x000000000000e770     0x17a2 /home/yaohui.c/work/afl-pt/afl-2.42b/pt_mode/glibc-2.19/pt-build/libc_pic.a(strcpy-ssse3.os)
                0x000000000000e770                __strcpy_ssse3
 *fill*         0x000000000000ff12        0xe 
 .text.ssse3    0x000000000000ff20     0x1803 /home/yaohui.c/work/afl-pt/afl-2.42b/pt_mode/glibc-2.19/pt-build/libc_pic.a(stpcpy-ssse3.os)
                0x000000000000ff20                __stpcpy_ssse3

.text.sse4.1    0x0000000000000000     0x163e
 .text.sse4.1   0x0000000000000000     0x163e /home/yaohui.c/work/afl-pt/afl-2.42b/pt_mode/glibc-2.19/pt-build/libc_pic.a(memcmp-sse4.os)
                0x0000000000000000                __memcmp_sse4_1

.text.atom      0x0000000000000000     0x1a83
 .text.atom     0x0000000000000000      0x315 /home/yaohui.c/work/afl-pt/afl-2.42b/pt_mode/glibc-2.19/pt-build/libc_pic.a(strchr-sse2-no-bsf.os)
                0x0000000000000000                __strchr_sse2_no_bsf
 *fill*         0x0000000000000315        0xb 
 .text.atom     0x0000000000000320     0x1763 /home/yaohui.c/work/afl-pt/afl-2.42b/pt_mode/glibc-2.19/pt-build/libc_pic.a(memcmp-ssse3.os)
                0x0000000000000320                __memcmp_ssse3

.text.startup   0x0000000000000000      0x25e
 .text.startup  0x0000000000000000      0x25e /home/yaohui.c/work/afl-pt/afl-2.42b/pt_mode/glibc-2.19/pt-build/libc_pic.a(cacheinfo.os)

.text.compat    0x0000000000000000      0x156
 .text.compat   0x0000000000000000      0x156 /home/yaohui.c/work/afl-pt/afl-2.42b/pt_mode/glibc-2.19/pt-build/libc_pic.a(forward.os)
                0x0000000000000000                pthread_cond_broadcast@GLIBC_2.2.5
                0x0000000000000000                __pthread_cond_broadcast_2_0
                0x0000000000000030                __pthread_cond_destroy_2_0
                0x0000000000000030                pthread_cond_destroy@GLIBC_2.2.5
                0x0000000000000060                __pthread_cond_init_2_0
                0x0000000000000060                pthread_cond_init@GLIBC_2.2.5
                0x0000000000000090                __pthread_cond_signal_2_0
                0x0000000000000090                pthread_cond_signal@GLIBC_2.2.5
                0x00000000000000c0                pthread_cond_wait@GLIBC_2.2.5
                0x00000000000000c0                __pthread_cond_wait_2_0
                0x00000000000000f0                pthread_cond_timedwait@GLIBC_2.2.5
                0x00000000000000f0                __pthread_cond_timedwait_2_0
                0x0000000000000120                __pthread_unwind

.fini
 *(SORT(.fini))

.rodata         0x0000000000000000      0xfe0
 *(.rodata)
 .rodata        0x0000000000000000      0xb30 /home/yaohui.c/work/afl-pt/afl-2.42b/pt_mode/glibc-2.19/pt-build/elf/dl-allobjs.os
                0x0000000000000b20                __GI__itoa_lower_digits
                0x0000000000000b20                _itoa_lower_digits
 .rodata        0x0000000000000b30       0x40 /home/yaohui.c/work/afl-pt/afl-2.42b/pt_mode/glibc-2.19/pt-build/libc_pic.a(strcmp.os)
 .rodata        0x0000000000000b70       0x40 /home/yaohui.c/work/afl-pt/afl-2.42b/pt_mode/glibc-2.19/pt-build/libc_pic.a(wordcopy.os)
 .rodata        0x0000000000000bb0       0x40 /home/yaohui.c/work/afl-pt/afl-2.42b/pt_mode/glibc-2.19/pt-build/libc_pic.a(strcmp-ssse3.os)
 .rodata        0x0000000000000bf0       0x80 /home/yaohui.c/work/afl-pt/afl-2.42b/pt_mode/glibc-2.19/pt-build/libc_pic.a(strcpy-sse2-unaligned.os)
 .rodata        0x0000000000000c70       0x80 /home/yaohui.c/work/afl-pt/afl-2.42b/pt_mode/glibc-2.19/pt-build/libc_pic.a(stpcpy-sse2-unaligned.os)
 *fill*         0x0000000000000cf0       0x10 
 .rodata        0x0000000000000d00      0x2e0 /home/yaohui.c/work/afl-pt/afl-2.42b/pt_mode/glibc-2.19/pt-build/libc_pic.a(cacheinfo.os)

.rodata.str1.1  0x0000000000000000     0x112d
 .rodata.str1.1
                0x0000000000000000     0x10ac /home/yaohui.c/work/afl-pt/afl-2.42b/pt_mode/glibc-2.19/pt-build/elf/dl-allobjs.os
 .rodata.str1.1
                0x00000000000010ac       0x14 /home/yaohui.c/work/afl-pt/afl-2.42b/pt_mode/glibc-2.19/pt-build/libc_pic.a(check_fds.os)
 .rodata.str1.1
                0x00000000000010c0       0x42 /home/yaohui.c/work/afl-pt/afl-2.42b/pt_mode/glibc-2.19/pt-build/libc_pic.a(cacheinfo.os)
 .rodata.str1.1
                0x0000000000001102       0x2b /home/yaohui.c/work/afl-pt/afl-2.42b/pt_mode/glibc-2.19/pt-build/libc_pic.a(cxa_atexit.os)

.rodata.str1.8  0x0000000000000000     0x2583
 .rodata.str1.8
                0x0000000000000000     0x2551 /home/yaohui.c/work/afl-pt/afl-2.42b/pt_mode/glibc-2.19/pt-build/elf/dl-allobjs.os
 *fill*         0x0000000000002551        0x7 
 .rodata.str1.8
                0x0000000000002558       0x2b /home/yaohui.c/work/afl-pt/afl-2.42b/pt_mode/glibc-2.19/pt-build/libc_pic.a(cacheinfo.os)

.rodata.str1.16
                0x0000000000000000      0x3d1
 .rodata.str1.16
                0x0000000000000000      0x3b3 /home/yaohui.c/work/afl-pt/afl-2.42b/pt_mode/glibc-2.19/pt-build/elf/dl-allobjs.os
 *fill*         0x00000000000003b3        0xd 
 .rodata.str1.16
                0x00000000000003c0       0x11 /home/yaohui.c/work/afl-pt/afl-2.42b/pt_mode/glibc-2.19/pt-build/libc_pic.a(cacheinfo.os)

.rodata.cst16   0x0000000000000000       0x20
 .rodata.cst16  0x0000000000000000       0x20 /home/yaohui.c/work/afl-pt/afl-2.42b/pt_mode/glibc-2.19/pt-build/elf/dl-allobjs.os

.rodata.cst4    0x0000000000000000        0x4
 .rodata.cst4   0x0000000000000000        0x4 /home/yaohui.c/work/afl-pt/afl-2.42b/pt_mode/glibc-2.19/pt-build/elf/dl-allobjs.os

.rodata.str1.32
                0x0000000000000000      0x121
 .rodata.str1.32
                0x0000000000000000      0x121 /home/yaohui.c/work/afl-pt/afl-2.42b/pt_mode/glibc-2.19/pt-build/elf/dl-allobjs.os

.rodata.sse4.2  0x0000000000000000       0x40
 .rodata.sse4.2
                0x0000000000000000       0x40 /home/yaohui.c/work/afl-pt/afl-2.42b/pt_mode/glibc-2.19/pt-build/libc_pic.a(strcmp.os)

.rodata.sse4.1  0x0000000000000000      0x140
 .rodata.sse4.1
                0x0000000000000000      0x140 /home/yaohui.c/work/afl-pt/afl-2.42b/pt_mode/glibc-2.19/pt-build/libc_pic.a(memcmp-sse4.os)

.rodata.ssse3   0x0000000000000000      0xf40
 .rodata.ssse3  0x0000000000000000      0x1c0 /home/yaohui.c/work/afl-pt/afl-2.42b/pt_mode/glibc-2.19/pt-build/libc_pic.a(memcpy-ssse3.os)
 .rodata.ssse3  0x00000000000001c0      0x1c0 /home/yaohui.c/work/afl-pt/afl-2.42b/pt_mode/glibc-2.19/pt-build/libc_pic.a(mempcpy-ssse3.os)
 .rodata.ssse3  0x0000000000000380      0x1c0 /home/yaohui.c/work/afl-pt/afl-2.42b/pt_mode/glibc-2.19/pt-build/libc_pic.a(memmove-ssse3.os)
 .rodata.ssse3  0x0000000000000540      0x500 /home/yaohui.c/work/afl-pt/afl-2.42b/pt_mode/glibc-2.19/pt-build/libc_pic.a(mempcpy-ssse3-back.os)
 .rodata.ssse3  0x0000000000000a40      0x500 /home/yaohui.c/work/afl-pt/afl-2.42b/pt_mode/glibc-2.19/pt-build/libc_pic.a(memmove-ssse3-back.os)

.rodata1
 *(.rodata1)

.eh_frame_hdr
 *(.eh_frame_hdr)

.eh_frame       0x0000000000000000     0x3778
 *(.eh_frame)
 .eh_frame      0x0000000000000000     0x1ee0 /home/yaohui.c/work/afl-pt/afl-2.42b/pt_mode/glibc-2.19/pt-build/elf/dl-allobjs.os
 .eh_frame      0x0000000000001ee0       0x68 /home/yaohui.c/work/afl-pt/afl-2.42b/pt_mode/glibc-2.19/pt-build/libc_pic.a(check_fds.os)
 .eh_frame      0x0000000000001f48       0x30 /home/yaohui.c/work/afl-pt/afl-2.42b/pt_mode/glibc-2.19/pt-build/libc_pic.a(setjmp.os)
 .eh_frame      0x0000000000001f78       0x48 /home/yaohui.c/work/afl-pt/afl-2.42b/pt_mode/glibc-2.19/pt-build/libc_pic.a(__longjmp.os)
 .eh_frame      0x0000000000001fc0       0x40 /home/yaohui.c/work/afl-pt/afl-2.42b/pt_mode/glibc-2.19/pt-build/libc_pic.a(strchr.os)
 .eh_frame      0x0000000000002000       0x58 /home/yaohui.c/work/afl-pt/afl-2.42b/pt_mode/glibc-2.19/pt-build/libc_pic.a(strcmp.os)
 .eh_frame      0x0000000000002058       0x40 /home/yaohui.c/work/afl-pt/afl-2.42b/pt_mode/glibc-2.19/pt-build/libc_pic.a(strcpy.os)
 .eh_frame      0x0000000000002098       0x30 /home/yaohui.c/work/afl-pt/afl-2.42b/pt_mode/glibc-2.19/pt-build/libc_pic.a(strlen.os)
 .eh_frame      0x00000000000020c8       0x30 /home/yaohui.c/work/afl-pt/afl-2.42b/pt_mode/glibc-2.19/pt-build/libc_pic.a(strnlen.os)
 .eh_frame      0x00000000000020f8       0x30 /home/yaohui.c/work/afl-pt/afl-2.42b/pt_mode/glibc-2.19/pt-build/libc_pic.a(memchr.os)
 .eh_frame      0x0000000000002128       0x40 /home/yaohui.c/work/afl-pt/afl-2.42b/pt_mode/glibc-2.19/pt-build/libc_pic.a(memcmp.os)
 .eh_frame      0x0000000000002168       0x78 /home/yaohui.c/work/afl-pt/afl-2.42b/pt_mode/glibc-2.19/pt-build/libc_pic.a(memmove.os)
 .eh_frame      0x00000000000021e0       0x68 /home/yaohui.c/work/afl-pt/afl-2.42b/pt_mode/glibc-2.19/pt-build/libc_pic.a(memset.os)
 .eh_frame      0x0000000000002248       0x80 /home/yaohui.c/work/afl-pt/afl-2.42b/pt_mode/glibc-2.19/pt-build/libc_pic.a(mempcpy.os)
 .eh_frame      0x00000000000022c8       0x40 /home/yaohui.c/work/afl-pt/afl-2.42b/pt_mode/glibc-2.19/pt-build/libc_pic.a(stpcpy.os)
 .eh_frame      0x0000000000002308       0x80 /home/yaohui.c/work/afl-pt/afl-2.42b/pt_mode/glibc-2.19/pt-build/libc_pic.a(memcpy.os)
 .eh_frame      0x0000000000002388       0xa0 /home/yaohui.c/work/afl-pt/afl-2.42b/pt_mode/glibc-2.19/pt-build/libc_pic.a(wordcopy.os)
 .eh_frame      0x0000000000002428       0x30 /home/yaohui.c/work/afl-pt/afl-2.42b/pt_mode/glibc-2.19/pt-build/libc_pic.a(rawmemchr.os)
 .eh_frame      0x0000000000002458       0x30 /home/yaohui.c/work/afl-pt/afl-2.42b/pt_mode/glibc-2.19/pt-build/libc_pic.a(strcmp-ssse3.os)
 .eh_frame      0x0000000000002488       0x30 /home/yaohui.c/work/afl-pt/afl-2.42b/pt_mode/glibc-2.19/pt-build/libc_pic.a(strcmp-sse2-unaligned.os)
 .eh_frame      0x00000000000024b8       0x30 /home/yaohui.c/work/afl-pt/afl-2.42b/pt_mode/glibc-2.19/pt-build/libc_pic.a(memcmp-sse4.os)
 .eh_frame      0x00000000000024e8       0x40 /home/yaohui.c/work/afl-pt/afl-2.42b/pt_mode/glibc-2.19/pt-build/libc_pic.a(memcpy-ssse3.os)
 .eh_frame      0x0000000000002528       0x30 /home/yaohui.c/work/afl-pt/afl-2.42b/pt_mode/glibc-2.19/pt-build/libc_pic.a(memcpy-sse2-unaligned.os)
 .eh_frame      0x0000000000002558       0x40 /home/yaohui.c/work/afl-pt/afl-2.42b/pt_mode/glibc-2.19/pt-build/libc_pic.a(mempcpy-ssse3.os)
 .eh_frame      0x0000000000002598       0x40 /home/yaohui.c/work/afl-pt/afl-2.42b/pt_mode/glibc-2.19/pt-build/libc_pic.a(memmove-ssse3.os)
 .eh_frame      0x00000000000025d8       0x40 /home/yaohui.c/work/afl-pt/afl-2.42b/pt_mode/glibc-2.19/pt-build/libc_pic.a(mempcpy-ssse3-back.os)
 .eh_frame      0x0000000000002618       0x40 /home/yaohui.c/work/afl-pt/afl-2.42b/pt_mode/glibc-2.19/pt-build/libc_pic.a(memmove-ssse3-back.os)
 .eh_frame      0x0000000000002658       0x30 /home/yaohui.c/work/afl-pt/afl-2.42b/pt_mode/glibc-2.19/pt-build/libc_pic.a(strcpy-ssse3.os)
 .eh_frame      0x0000000000002688       0x30 /home/yaohui.c/work/afl-pt/afl-2.42b/pt_mode/glibc-2.19/pt-build/libc_pic.a(stpcpy-ssse3.os)
 .eh_frame      0x00000000000026b8       0x30 /home/yaohui.c/work/afl-pt/afl-2.42b/pt_mode/glibc-2.19/pt-build/libc_pic.a(strcpy-sse2-unaligned.os)
 .eh_frame      0x00000000000026e8       0x30 /home/yaohui.c/work/afl-pt/afl-2.42b/pt_mode/glibc-2.19/pt-build/libc_pic.a(stpcpy-sse2-unaligned.os)
 .eh_frame      0x0000000000002718       0x30 /home/yaohui.c/work/afl-pt/afl-2.42b/pt_mode/glibc-2.19/pt-build/libc_pic.a(strchr-sse2-no-bsf.os)
 .eh_frame      0x0000000000002748       0x30 /home/yaohui.c/work/afl-pt/afl-2.42b/pt_mode/glibc-2.19/pt-build/libc_pic.a(memcmp-ssse3.os)
 .eh_frame      0x0000000000002778      0x198 /home/yaohui.c/work/afl-pt/afl-2.42b/pt_mode/glibc-2.19/pt-build/libc_pic.a(cacheinfo.os)
 .eh_frame      0x0000000000002910       0x38 /home/yaohui.c/work/afl-pt/afl-2.42b/pt_mode/glibc-2.19/pt-build/libc_pic.a(closedir.os)
 .eh_frame      0x0000000000002948      0x118 /home/yaohui.c/work/afl-pt/afl-2.42b/pt_mode/glibc-2.19/pt-build/libc_pic.a(readdir.os)
 .eh_frame      0x0000000000002a60       0xf8 /home/yaohui.c/work/afl-pt/afl-2.42b/pt_mode/glibc-2.19/pt-build/libc_pic.a(rewinddir.os)
 .eh_frame      0x0000000000002b58       0x58 /home/yaohui.c/work/afl-pt/afl-2.42b/pt_mode/glibc-2.19/pt-build/libc_pic.a(getdents.os)
 .eh_frame      0x0000000000002bb0       0x48 /home/yaohui.c/work/afl-pt/afl-2.42b/pt_mode/glibc-2.19/pt-build/libc_pic.a(fdopendir.os)
 .eh_frame      0x0000000000002bf8       0x30 /home/yaohui.c/work/afl-pt/afl-2.42b/pt_mode/glibc-2.19/pt-build/libc_pic.a(uname.os)
 .eh_frame      0x0000000000002c28       0x40 /home/yaohui.c/work/afl-pt/afl-2.42b/pt_mode/glibc-2.19/pt-build/libc_pic.a(waitpid.os)
 .eh_frame      0x0000000000002c68       0x30 /home/yaohui.c/work/afl-pt/afl-2.42b/pt_mode/glibc-2.19/pt-build/libc_pic.a(_exit.os)
 .eh_frame      0x0000000000002c98       0x30 /home/yaohui.c/work/afl-pt/afl-2.42b/pt_mode/glibc-2.19/pt-build/libc_pic.a(getpid.os)
 .eh_frame      0x0000000000002cc8       0x30 /home/yaohui.c/work/afl-pt/afl-2.42b/pt_mode/glibc-2.19/pt-build/libc_pic.a(xstat.os)
 .eh_frame      0x0000000000002cf8       0x30 /home/yaohui.c/work/afl-pt/afl-2.42b/pt_mode/glibc-2.19/pt-build/libc_pic.a(fxstat.os)
 .eh_frame      0x0000000000002d28       0x30 /home/yaohui.c/work/afl-pt/afl-2.42b/pt_mode/glibc-2.19/pt-build/libc_pic.a(lxstat.os)
 .eh_frame      0x0000000000002d58       0x30 /home/yaohui.c/work/afl-pt/afl-2.42b/pt_mode/glibc-2.19/pt-build/libc_pic.a(open.os)
 .eh_frame      0x0000000000002d88       0x30 /home/yaohui.c/work/afl-pt/afl-2.42b/pt_mode/glibc-2.19/pt-build/libc_pic.a(read.os)
 .eh_frame      0x0000000000002db8       0x30 /home/yaohui.c/work/afl-pt/afl-2.42b/pt_mode/glibc-2.19/pt-build/libc_pic.a(write.os)
 .eh_frame      0x0000000000002de8       0x30 /home/yaohui.c/work/afl-pt/afl-2.42b/pt_mode/glibc-2.19/pt-build/libc_pic.a(access.os)
 .eh_frame      0x0000000000002e18       0x70 /home/yaohui.c/work/afl-pt/afl-2.42b/pt_mode/glibc-2.19/pt-build/libc_pic.a(fcntl.os)
 .eh_frame      0x0000000000002e88       0x30 /home/yaohui.c/work/afl-pt/afl-2.42b/pt_mode/glibc-2.19/pt-build/libc_pic.a(close.os)
 .eh_frame      0x0000000000002eb8       0x30 /home/yaohui.c/work/afl-pt/afl-2.42b/pt_mode/glibc-2.19/pt-build/libc_pic.a(mmap.os)
 .eh_frame      0x0000000000002ee8       0x30 /home/yaohui.c/work/afl-pt/afl-2.42b/pt_mode/glibc-2.19/pt-build/libc_pic.a(munmap.os)
 .eh_frame      0x0000000000002f18       0x30 /home/yaohui.c/work/afl-pt/afl-2.42b/pt_mode/glibc-2.19/pt-build/libc_pic.a(mprotect.os)
 .eh_frame      0x0000000000002f48       0x30 /home/yaohui.c/work/afl-pt/afl-2.42b/pt_mode/glibc-2.19/pt-build/libc_pic.a(llseek.os)
 .eh_frame      0x0000000000002f78       0x80 /home/yaohui.c/work/afl-pt/afl-2.42b/pt_mode/glibc-2.19/pt-build/libc_pic.a(profil.os)
 .eh_frame      0x0000000000002ff8       0x30 /home/yaohui.c/work/afl-pt/afl-2.42b/pt_mode/glibc-2.19/pt-build/libc_pic.a(prof-freq.os)
 .eh_frame      0x0000000000003028       0x60 /home/yaohui.c/work/afl-pt/afl-2.42b/pt_mode/glibc-2.19/pt-build/libc_pic.a(libc-lowlevellock.os)
 .eh_frame      0x0000000000003088       0x40 /home/yaohui.c/work/afl-pt/afl-2.42b/pt_mode/glibc-2.19/pt-build/libc_pic.a(libc-cancellation.os)
 .eh_frame      0x00000000000030c8       0x50 /home/yaohui.c/work/afl-pt/afl-2.42b/pt_mode/glibc-2.19/pt-build/libc_pic.a(init-arch.os)
 .eh_frame      0x0000000000003118       0xe8 /home/yaohui.c/work/afl-pt/afl-2.42b/pt_mode/glibc-2.19/pt-build/libc_pic.a(sigaction.os)
 .eh_frame      0x0000000000003200       0x30 /home/yaohui.c/work/afl-pt/afl-2.42b/pt_mode/glibc-2.19/pt-build/libc_pic.a(setitimer.os)
 .eh_frame      0x0000000000003230      0x310 /home/yaohui.c/work/afl-pt/afl-2.42b/pt_mode/glibc-2.19/pt-build/libc_pic.a(forward.os)
 .eh_frame      0x0000000000003540       0x58 /home/yaohui.c/work/afl-pt/afl-2.42b/pt_mode/glibc-2.19/pt-build/libc_pic.a(exit.os)
 .eh_frame      0x0000000000003598      0x160 /home/yaohui.c/work/afl-pt/afl-2.42b/pt_mode/glibc-2.19/pt-build/libc_pic.a(cxa_atexit.os)
 .eh_frame      0x00000000000036f8       0x80 /home/yaohui.c/work/afl-pt/afl-2.42b/pt_mode/glibc-2.19/pt-build/libc_pic.a(cxa_thread_atexit_impl.os)

.gcc_except_table
 *(.gcc_except_table .gcc_except_table.*)

.exception_ranges
 *(.exception_ranges .exception_ranges*)

.eh_frame
 *(.eh_frame)

.gcc_except_table
 *(.gcc_except_table .gcc_except_table.*)

.exception_ranges
 *(.exception_ranges .exception_ranges*)

.tdata
 *(.tdata)

.tbss           0x0000000000000000       0x20
 *(.tbss)
 .tbss          0x0000000000000000        0x4 /home/yaohui.c/work/afl-pt/afl-2.42b/pt_mode/glibc-2.19/pt-build/libc_pic.a(errno.os)
                0x0000000000000000                errno
                0x0000000000000000                __libc_errno
 *fill*         0x0000000000000004        0x4 
 .tbss          0x0000000000000008       0x18 /home/yaohui.c/work/afl-pt/afl-2.42b/pt_mode/glibc-2.19/pt-build/libc_pic.a(cxa_thread_atexit_impl.os)

.preinit_array
 *(.preinit_array)

.jcr
 *(.jcr)

.dynamic
 *(.dynamic)

.got
 *(.got)
 *(.igot)

.got.plt
 *(.got.plt)
 *(.igot.plt)

.data           0x0000000000000000      0xfc8
 *(.data)
 .data          0x0000000000000000      0xf84 /home/yaohui.c/work/afl-pt/afl-2.42b/pt_mode/glibc-2.19/pt-build/elf/dl-allobjs.os
                0x0000000000000000                _rtld_global
                0x0000000000000000                _rtld_local
 .data          0x0000000000000f84        0x0 /home/yaohui.c/work/afl-pt/afl-2.42b/pt_mode/glibc-2.19/pt-build/libc_pic.a(check_fds.os)
 .data          0x0000000000000f84        0x0 /home/yaohui.c/work/afl-pt/afl-2.42b/pt_mode/glibc-2.19/pt-build/libc_pic.a(errno.os)
 .data          0x0000000000000f84        0x0 /home/yaohui.c/work/afl-pt/afl-2.42b/pt_mode/glibc-2.19/pt-build/libc_pic.a(setjmp.os)
 .data          0x0000000000000f84        0x0 /home/yaohui.c/work/afl-pt/afl-2.42b/pt_mode/glibc-2.19/pt-build/libc_pic.a(__longjmp.os)
 .data          0x0000000000000f84        0x0 /home/yaohui.c/work/afl-pt/afl-2.42b/pt_mode/glibc-2.19/pt-build/libc_pic.a(strchr.os)
 .data          0x0000000000000f84        0x0 /home/yaohui.c/work/afl-pt/afl-2.42b/pt_mode/glibc-2.19/pt-build/libc_pic.a(strcmp.os)
 .data          0x0000000000000f84        0x0 /home/yaohui.c/work/afl-pt/afl-2.42b/pt_mode/glibc-2.19/pt-build/libc_pic.a(strcpy.os)
 .data          0x0000000000000f84        0x0 /home/yaohui.c/work/afl-pt/afl-2.42b/pt_mode/glibc-2.19/pt-build/libc_pic.a(strlen.os)
 .data          0x0000000000000f84        0x0 /home/yaohui.c/work/afl-pt/afl-2.42b/pt_mode/glibc-2.19/pt-build/libc_pic.a(strnlen.os)
 .data          0x0000000000000f84        0x0 /home/yaohui.c/work/afl-pt/afl-2.42b/pt_mode/glibc-2.19/pt-build/libc_pic.a(memchr.os)
 .data          0x0000000000000f84        0x0 /home/yaohui.c/work/afl-pt/afl-2.42b/pt_mode/glibc-2.19/pt-build/libc_pic.a(memcmp.os)
 .data          0x0000000000000f84        0x0 /home/yaohui.c/work/afl-pt/afl-2.42b/pt_mode/glibc-2.19/pt-build/libc_pic.a(memmove.os)
 .data          0x0000000000000f84        0x0 /home/yaohui.c/work/afl-pt/afl-2.42b/pt_mode/glibc-2.19/pt-build/libc_pic.a(memset.os)
 .data          0x0000000000000f84        0x0 /home/yaohui.c/work/afl-pt/afl-2.42b/pt_mode/glibc-2.19/pt-build/libc_pic.a(mempcpy.os)
 .data          0x0000000000000f84        0x0 /home/yaohui.c/work/afl-pt/afl-2.42b/pt_mode/glibc-2.19/pt-build/libc_pic.a(stpcpy.os)
 .data          0x0000000000000f84        0x0 /home/yaohui.c/work/afl-pt/afl-2.42b/pt_mode/glibc-2.19/pt-build/libc_pic.a(memcpy.os)
 .data          0x0000000000000f84        0x0 /home/yaohui.c/work/afl-pt/afl-2.42b/pt_mode/glibc-2.19/pt-build/libc_pic.a(wordcopy.os)
 .data          0x0000000000000f84        0x0 /home/yaohui.c/work/afl-pt/afl-2.42b/pt_mode/glibc-2.19/pt-build/libc_pic.a(rawmemchr.os)
 .data          0x0000000000000f84        0x0 /home/yaohui.c/work/afl-pt/afl-2.42b/pt_mode/glibc-2.19/pt-build/libc_pic.a(strcmp-ssse3.os)
 .data          0x0000000000000f84        0x0 /home/yaohui.c/work/afl-pt/afl-2.42b/pt_mode/glibc-2.19/pt-build/libc_pic.a(strcmp-sse2-unaligned.os)
 .data          0x0000000000000f84        0x0 /home/yaohui.c/work/afl-pt/afl-2.42b/pt_mode/glibc-2.19/pt-build/libc_pic.a(memcmp-sse4.os)
 .data          0x0000000000000f84        0x0 /home/yaohui.c/work/afl-pt/afl-2.42b/pt_mode/glibc-2.19/pt-build/libc_pic.a(memcpy-ssse3.os)
 .data          0x0000000000000f84        0x0 /home/yaohui.c/work/afl-pt/afl-2.42b/pt_mode/glibc-2.19/pt-build/libc_pic.a(memcpy-sse2-unaligned.os)
 .data          0x0000000000000f84        0x0 /home/yaohui.c/work/afl-pt/afl-2.42b/pt_mode/glibc-2.19/pt-build/libc_pic.a(mempcpy-ssse3.os)
 .data          0x0000000000000f84        0x0 /home/yaohui.c/work/afl-pt/afl-2.42b/pt_mode/glibc-2.19/pt-build/libc_pic.a(memmove-ssse3.os)
 .data          0x0000000000000f84        0x0 /home/yaohui.c/work/afl-pt/afl-2.42b/pt_mode/glibc-2.19/pt-build/libc_pic.a(mempcpy-ssse3-back.os)
 .data          0x0000000000000f84        0x0 /home/yaohui.c/work/afl-pt/afl-2.42b/pt_mode/glibc-2.19/pt-build/libc_pic.a(memmove-ssse3-back.os)
 .data          0x0000000000000f84        0x0 /home/yaohui.c/work/afl-pt/afl-2.42b/pt_mode/glibc-2.19/pt-build/libc_pic.a(strcpy-ssse3.os)
 .data          0x0000000000000f84        0x0 /home/yaohui.c/work/afl-pt/afl-2.42b/pt_mode/glibc-2.19/pt-build/libc_pic.a(stpcpy-ssse3.os)
 .data          0x0000000000000f84        0x0 /home/yaohui.c/work/afl-pt/afl-2.42b/pt_mode/glibc-2.19/pt-build/libc_pic.a(strcpy-sse2-unaligned.os)
 .data          0x0000000000000f84        0x0 /home/yaohui.c/work/afl-pt/afl-2.42b/pt_mode/glibc-2.19/pt-build/libc_pic.a(stpcpy-sse2-unaligned.os)
 .data          0x0000000000000f84        0x0 /home/yaohui.c/work/afl-pt/afl-2.42b/pt_mode/glibc-2.19/pt-build/libc_pic.a(strchr-sse2-no-bsf.os)
 .data          0x0000000000000f84        0x0 /home/yaohui.c/work/afl-pt/afl-2.42b/pt_mode/glibc-2.19/pt-build/libc_pic.a(memcmp-ssse3.os)
 *fill*         0x0000000000000f84        0x4 
 .data          0x0000000000000f88       0x40 /home/yaohui.c/work/afl-pt/afl-2.42b/pt_mode/glibc-2.19/pt-build/libc_pic.a(cacheinfo.os)
                0x0000000000000f88                __x86_raw_shared_cache_size
                0x0000000000000f90                __x86_raw_shared_cache_size_half
                0x0000000000000f98                __x86_shared_cache_size
                0x0000000000000fa0                __x86_shared_cache_size_half
                0x0000000000000fa8                __x86_raw_data_cache_size
                0x0000000000000fb0                __x86_raw_data_cache_size_half
                0x0000000000000fb8                __x86_data_cache_size
                0x0000000000000fc0                __x86_data_cache_size_half
 .data          0x0000000000000fc8        0x0 /home/yaohui.c/work/afl-pt/afl-2.42b/pt_mode/glibc-2.19/pt-build/libc_pic.a(closedir.os)
 .data          0x0000000000000fc8        0x0 /home/yaohui.c/work/afl-pt/afl-2.42b/pt_mode/glibc-2.19/pt-build/libc_pic.a(readdir.os)
 .data          0x0000000000000fc8        0x0 /home/yaohui.c/work/afl-pt/afl-2.42b/pt_mode/glibc-2.19/pt-build/libc_pic.a(rewinddir.os)
 .data          0x0000000000000fc8        0x0 /home/yaohui.c/work/afl-pt/afl-2.42b/pt_mode/glibc-2.19/pt-build/libc_pic.a(getdents.os)
 .data          0x0000000000000fc8        0x0 /home/yaohui.c/work/afl-pt/afl-2.42b/pt_mode/glibc-2.19/pt-build/libc_pic.a(fdopendir.os)
 .data          0x0000000000000fc8        0x0 /home/yaohui.c/work/afl-pt/afl-2.42b/pt_mode/glibc-2.19/pt-build/libc_pic.a(uname.os)
 .data          0x0000000000000fc8        0x0 /home/yaohui.c/work/afl-pt/afl-2.42b/pt_mode/glibc-2.19/pt-build/libc_pic.a(waitpid.os)
 .data          0x0000000000000fc8        0x0 /home/yaohui.c/work/afl-pt/afl-2.42b/pt_mode/glibc-2.19/pt-build/libc_pic.a(_exit.os)
 .data          0x0000000000000fc8        0x0 /home/yaohui.c/work/afl-pt/afl-2.42b/pt_mode/glibc-2.19/pt-build/libc_pic.a(getpid.os)
 .data          0x0000000000000fc8        0x0 /home/yaohui.c/work/afl-pt/afl-2.42b/pt_mode/glibc-2.19/pt-build/libc_pic.a(environ.os)
 .data          0x0000000000000fc8        0x0 /home/yaohui.c/work/afl-pt/afl-2.42b/pt_mode/glibc-2.19/pt-build/libc_pic.a(xstat.os)
 .data          0x0000000000000fc8        0x0 /home/yaohui.c/work/afl-pt/afl-2.42b/pt_mode/glibc-2.19/pt-build/libc_pic.a(fxstat.os)
 .data          0x0000000000000fc8        0x0 /home/yaohui.c/work/afl-pt/afl-2.42b/pt_mode/glibc-2.19/pt-build/libc_pic.a(lxstat.os)
 .data          0x0000000000000fc8        0x0 /home/yaohui.c/work/afl-pt/afl-2.42b/pt_mode/glibc-2.19/pt-build/libc_pic.a(open.os)
 .data          0x0000000000000fc8        0x0 /home/yaohui.c/work/afl-pt/afl-2.42b/pt_mode/glibc-2.19/pt-build/libc_pic.a(read.os)
 .data          0x0000000000000fc8        0x0 /home/yaohui.c/work/afl-pt/afl-2.42b/pt_mode/glibc-2.19/pt-build/libc_pic.a(write.os)
 .data          0x0000000000000fc8        0x0 /home/yaohui.c/work/afl-pt/afl-2.42b/pt_mode/glibc-2.19/pt-build/libc_pic.a(access.os)
 .data          0x0000000000000fc8        0x0 /home/yaohui.c/work/afl-pt/afl-2.42b/pt_mode/glibc-2.19/pt-build/libc_pic.a(fcntl.os)
 .data          0x0000000000000fc8        0x0 /home/yaohui.c/work/afl-pt/afl-2.42b/pt_mode/glibc-2.19/pt-build/libc_pic.a(close.os)
 .data          0x0000000000000fc8        0x0 /home/yaohui.c/work/afl-pt/afl-2.42b/pt_mode/glibc-2.19/pt-build/libc_pic.a(mmap.os)
 .data          0x0000000000000fc8        0x0 /home/yaohui.c/work/afl-pt/afl-2.42b/pt_mode/glibc-2.19/pt-build/libc_pic.a(munmap.os)
 .data          0x0000000000000fc8        0x0 /home/yaohui.c/work/afl-pt/afl-2.42b/pt_mode/glibc-2.19/pt-build/libc_pic.a(mprotect.os)
 .data          0x0000000000000fc8        0x0 /home/yaohui.c/work/afl-pt/afl-2.42b/pt_mode/glibc-2.19/pt-build/libc_pic.a(llseek.os)
 .data          0x0000000000000fc8        0x0 /home/yaohui.c/work/afl-pt/afl-2.42b/pt_mode/glibc-2.19/pt-build/libc_pic.a(profil.os)
 .data          0x0000000000000fc8        0x0 /home/yaohui.c/work/afl-pt/afl-2.42b/pt_mode/glibc-2.19/pt-build/libc_pic.a(prof-freq.os)
 .data          0x0000000000000fc8        0x0 /home/yaohui.c/work/afl-pt/afl-2.42b/pt_mode/glibc-2.19/pt-build/libc_pic.a(libc-lowlevellock.os)
 .data          0x0000000000000fc8        0x0 /home/yaohui.c/work/afl-pt/afl-2.42b/pt_mode/glibc-2.19/pt-build/libc_pic.a(libc-cancellation.os)
 .data          0x0000000000000fc8        0x0 /home/yaohui.c/work/afl-pt/afl-2.42b/pt_mode/glibc-2.19/pt-build/libc_pic.a(libc_multiple_threads.os)
 .data          0x0000000000000fc8        0x0 /home/yaohui.c/work/afl-pt/afl-2.42b/pt_mode/glibc-2.19/pt-build/libc_pic.a(init-arch.os)
 .data          0x0000000000000fc8        0x0 /home/yaohui.c/work/afl-pt/afl-2.42b/pt_mode/glibc-2.19/pt-build/libc_pic.a(sigaction.os)
 .data          0x0000000000000fc8        0x0 /home/yaohui.c/work/afl-pt/afl-2.42b/pt_mode/glibc-2.19/pt-build/libc_pic.a(setitimer.os)
 .data          0x0000000000000fc8        0x0 /home/yaohui.c/work/afl-pt/afl-2.42b/pt_mode/glibc-2.19/pt-build/libc_pic.a(forward.os)
 .data          0x0000000000000fc8        0x0 /home/yaohui.c/work/afl-pt/afl-2.42b/pt_mode/glibc-2.19/pt-build/libc_pic.a(exit.os)
 .data          0x0000000000000fc8        0x0 /home/yaohui.c/work/afl-pt/afl-2.42b/pt_mode/glibc-2.19/pt-build/libc_pic.a(cxa_atexit.os)
 .data          0x0000000000000fc8        0x0 /home/yaohui.c/work/afl-pt/afl-2.42b/pt_mode/glibc-2.19/pt-build/libc_pic.a(cxa_thread_atexit_impl.os)

.data.rel.ro    0x0000000000000000      0x26c
 .data.rel.ro   0x0000000000000000      0x26c /home/yaohui.c/work/afl-pt/afl-2.42b/pt_mode/glibc-2.19/pt-build/elf/dl-allobjs.os
                0x00000000000000c0                _rtld_global_ro
                0x00000000000000c0                _rtld_local_ro
                0x00000000000001f0                __pointer_chk_guard_local
                0x00000000000001f8                _dl_skip_args
                0x0000000000000200                _dl_argv_internal
                0x0000000000000200                _dl_argv
                0x0000000000000208                _dl_argc
                0x0000000000000250                __stack_prot
                0x0000000000000258                _dl_random
                0x0000000000000260                __libc_stack_end
                0x0000000000000260                __GI___libc_stack_end
                0x0000000000000268                __libc_enable_secure_internal
                0x0000000000000268                __libc_enable_secure

.init_array     0x0000000000000000        0x8
 .init_array    0x0000000000000000        0x8 /home/yaohui.c/work/afl-pt/afl-2.42b/pt_mode/glibc-2.19/pt-build/libc_pic.a(cacheinfo.os)

.data.rel.local
                0x0000000000000000        0x8
 .data.rel.local
                0x0000000000000000        0x8 /home/yaohui.c/work/afl-pt/afl-2.42b/pt_mode/glibc-2.19/pt-build/libc_pic.a(cxa_atexit.os)
                0x0000000000000000                __exit_funcs

.data1
 *(.data1)

.bss            0x0000000000000000      0x634
 *(.dynbss)
 *(.bss)
 .bss           0x0000000000000000      0x124 /home/yaohui.c/work/afl-pt/afl-2.42b/pt_mode/glibc-2.19/pt-build/elf/dl-allobjs.os
                0x00000000000000f8                __libc_multiple_libcs
                0x0000000000000118                __curbrk
 .bss           0x0000000000000124        0x0 /home/yaohui.c/work/afl-pt/afl-2.42b/pt_mode/glibc-2.19/pt-build/libc_pic.a(check_fds.os)
 .bss           0x0000000000000124        0x0 /home/yaohui.c/work/afl-pt/afl-2.42b/pt_mode/glibc-2.19/pt-build/libc_pic.a(errno.os)
 .bss           0x0000000000000124        0x0 /home/yaohui.c/work/afl-pt/afl-2.42b/pt_mode/glibc-2.19/pt-build/libc_pic.a(setjmp.os)
 .bss           0x0000000000000124        0x0 /home/yaohui.c/work/afl-pt/afl-2.42b/pt_mode/glibc-2.19/pt-build/libc_pic.a(__longjmp.os)
 .bss           0x0000000000000124        0x0 /home/yaohui.c/work/afl-pt/afl-2.42b/pt_mode/glibc-2.19/pt-build/libc_pic.a(strchr.os)
 .bss           0x0000000000000124        0x0 /home/yaohui.c/work/afl-pt/afl-2.42b/pt_mode/glibc-2.19/pt-build/libc_pic.a(strcmp.os)
 .bss           0x0000000000000124        0x0 /home/yaohui.c/work/afl-pt/afl-2.42b/pt_mode/glibc-2.19/pt-build/libc_pic.a(strcpy.os)
 .bss           0x0000000000000124        0x0 /home/yaohui.c/work/afl-pt/afl-2.42b/pt_mode/glibc-2.19/pt-build/libc_pic.a(strlen.os)
 .bss           0x0000000000000124        0x0 /home/yaohui.c/work/afl-pt/afl-2.42b/pt_mode/glibc-2.19/pt-build/libc_pic.a(strnlen.os)
 .bss           0x0000000000000124        0x0 /home/yaohui.c/work/afl-pt/afl-2.42b/pt_mode/glibc-2.19/pt-build/libc_pic.a(memchr.os)
 .bss           0x0000000000000124        0x0 /home/yaohui.c/work/afl-pt/afl-2.42b/pt_mode/glibc-2.19/pt-build/libc_pic.a(memcmp.os)
 .bss           0x0000000000000124        0x0 /home/yaohui.c/work/afl-pt/afl-2.42b/pt_mode/glibc-2.19/pt-build/libc_pic.a(memmove.os)
 .bss           0x0000000000000124        0x0 /home/yaohui.c/work/afl-pt/afl-2.42b/pt_mode/glibc-2.19/pt-build/libc_pic.a(memset.os)
 .bss           0x0000000000000124        0x0 /home/yaohui.c/work/afl-pt/afl-2.42b/pt_mode/glibc-2.19/pt-build/libc_pic.a(mempcpy.os)
 .bss           0x0000000000000124        0x0 /home/yaohui.c/work/afl-pt/afl-2.42b/pt_mode/glibc-2.19/pt-build/libc_pic.a(stpcpy.os)
 .bss           0x0000000000000124        0x0 /home/yaohui.c/work/afl-pt/afl-2.42b/pt_mode/glibc-2.19/pt-build/libc_pic.a(memcpy.os)
 .bss           0x0000000000000124        0x0 /home/yaohui.c/work/afl-pt/afl-2.42b/pt_mode/glibc-2.19/pt-build/libc_pic.a(wordcopy.os)
 .bss           0x0000000000000124        0x0 /home/yaohui.c/work/afl-pt/afl-2.42b/pt_mode/glibc-2.19/pt-build/libc_pic.a(rawmemchr.os)
 .bss           0x0000000000000124        0x0 /home/yaohui.c/work/afl-pt/afl-2.42b/pt_mode/glibc-2.19/pt-build/libc_pic.a(strcmp-ssse3.os)
 .bss           0x0000000000000124        0x0 /home/yaohui.c/work/afl-pt/afl-2.42b/pt_mode/glibc-2.19/pt-build/libc_pic.a(strcmp-sse2-unaligned.os)
 .bss           0x0000000000000124        0x0 /home/yaohui.c/work/afl-pt/afl-2.42b/pt_mode/glibc-2.19/pt-build/libc_pic.a(memcmp-sse4.os)
 .bss           0x0000000000000124        0x0 /home/yaohui.c/work/afl-pt/afl-2.42b/pt_mode/glibc-2.19/pt-build/libc_pic.a(memcpy-ssse3.os)
 .bss           0x0000000000000124        0x0 /home/yaohui.c/work/afl-pt/afl-2.42b/pt_mode/glibc-2.19/pt-build/libc_pic.a(memcpy-sse2-unaligned.os)
 .bss           0x0000000000000124        0x0 /home/yaohui.c/work/afl-pt/afl-2.42b/pt_mode/glibc-2.19/pt-build/libc_pic.a(mempcpy-ssse3.os)
 .bss           0x0000000000000124        0x0 /home/yaohui.c/work/afl-pt/afl-2.42b/pt_mode/glibc-2.19/pt-build/libc_pic.a(memmove-ssse3.os)
 .bss           0x0000000000000124        0x0 /home/yaohui.c/work/afl-pt/afl-2.42b/pt_mode/glibc-2.19/pt-build/libc_pic.a(mempcpy-ssse3-back.os)
 .bss           0x0000000000000124        0x0 /home/yaohui.c/work/afl-pt/afl-2.42b/pt_mode/glibc-2.19/pt-build/libc_pic.a(memmove-ssse3-back.os)
 .bss           0x0000000000000124        0x0 /home/yaohui.c/work/afl-pt/afl-2.42b/pt_mode/glibc-2.19/pt-build/libc_pic.a(strcpy-ssse3.os)
 .bss           0x0000000000000124        0x0 /home/yaohui.c/work/afl-pt/afl-2.42b/pt_mode/glibc-2.19/pt-build/libc_pic.a(stpcpy-ssse3.os)
 .bss           0x0000000000000124        0x0 /home/yaohui.c/work/afl-pt/afl-2.42b/pt_mode/glibc-2.19/pt-build/libc_pic.a(strcpy-sse2-unaligned.os)
 .bss           0x0000000000000124        0x0 /home/yaohui.c/work/afl-pt/afl-2.42b/pt_mode/glibc-2.19/pt-build/libc_pic.a(stpcpy-sse2-unaligned.os)
 .bss           0x0000000000000124        0x0 /home/yaohui.c/work/afl-pt/afl-2.42b/pt_mode/glibc-2.19/pt-build/libc_pic.a(strchr-sse2-no-bsf.os)
 .bss           0x0000000000000124        0x0 /home/yaohui.c/work/afl-pt/afl-2.42b/pt_mode/glibc-2.19/pt-build/libc_pic.a(memcmp-ssse3.os)
 .bss           0x0000000000000124        0x0 /home/yaohui.c/work/afl-pt/afl-2.42b/pt_mode/glibc-2.19/pt-build/libc_pic.a(cacheinfo.os)
 .bss           0x0000000000000124        0x0 /home/yaohui.c/work/afl-pt/afl-2.42b/pt_mode/glibc-2.19/pt-build/libc_pic.a(closedir.os)
 .bss           0x0000000000000124        0x0 /home/yaohui.c/work/afl-pt/afl-2.42b/pt_mode/glibc-2.19/pt-build/libc_pic.a(readdir.os)
 .bss           0x0000000000000124        0x0 /home/yaohui.c/work/afl-pt/afl-2.42b/pt_mode/glibc-2.19/pt-build/libc_pic.a(rewinddir.os)
 .bss           0x0000000000000124        0x0 /home/yaohui.c/work/afl-pt/afl-2.42b/pt_mode/glibc-2.19/pt-build/libc_pic.a(getdents.os)
 .bss           0x0000000000000124        0x0 /home/yaohui.c/work/afl-pt/afl-2.42b/pt_mode/glibc-2.19/pt-build/libc_pic.a(fdopendir.os)
 .bss           0x0000000000000124        0x0 /home/yaohui.c/work/afl-pt/afl-2.42b/pt_mode/glibc-2.19/pt-build/libc_pic.a(uname.os)
 .bss           0x0000000000000124        0x0 /home/yaohui.c/work/afl-pt/afl-2.42b/pt_mode/glibc-2.19/pt-build/libc_pic.a(waitpid.os)
 .bss           0x0000000000000124        0x0 /home/yaohui.c/work/afl-pt/afl-2.42b/pt_mode/glibc-2.19/pt-build/libc_pic.a(_exit.os)
 .bss           0x0000000000000124        0x0 /home/yaohui.c/work/afl-pt/afl-2.42b/pt_mode/glibc-2.19/pt-build/libc_pic.a(getpid.os)
 *fill*         0x0000000000000124        0x4 
 .bss           0x0000000000000128        0x8 /home/yaohui.c/work/afl-pt/afl-2.42b/pt_mode/glibc-2.19/pt-build/libc_pic.a(environ.os)
                0x0000000000000128                _environ
                0x0000000000000128                __environ
                0x0000000000000128                environ
 .bss           0x0000000000000130        0x0 /home/yaohui.c/work/afl-pt/afl-2.42b/pt_mode/glibc-2.19/pt-build/libc_pic.a(xstat.os)
 .bss           0x0000000000000130        0x0 /home/yaohui.c/work/afl-pt/afl-2.42b/pt_mode/glibc-2.19/pt-build/libc_pic.a(fxstat.os)
 .bss           0x0000000000000130        0x0 /home/yaohui.c/work/afl-pt/afl-2.42b/pt_mode/glibc-2.19/pt-build/libc_pic.a(lxstat.os)
 .bss           0x0000000000000130        0x0 /home/yaohui.c/work/afl-pt/afl-2.42b/pt_mode/glibc-2.19/pt-build/libc_pic.a(open.os)
 .bss           0x0000000000000130        0x0 /home/yaohui.c/work/afl-pt/afl-2.42b/pt_mode/glibc-2.19/pt-build/libc_pic.a(read.os)
 .bss           0x0000000000000130        0x0 /home/yaohui.c/work/afl-pt/afl-2.42b/pt_mode/glibc-2.19/pt-build/libc_pic.a(write.os)
 .bss           0x0000000000000130        0x0 /home/yaohui.c/work/afl-pt/afl-2.42b/pt_mode/glibc-2.19/pt-build/libc_pic.a(access.os)
 .bss           0x0000000000000130        0x4 /home/yaohui.c/work/afl-pt/afl-2.42b/pt_mode/glibc-2.19/pt-build/libc_pic.a(fcntl.os)
 .bss           0x0000000000000134        0x0 /home/yaohui.c/work/afl-pt/afl-2.42b/pt_mode/glibc-2.19/pt-build/libc_pic.a(close.os)
 .bss           0x0000000000000134        0x0 /home/yaohui.c/work/afl-pt/afl-2.42b/pt_mode/glibc-2.19/pt-build/libc_pic.a(mmap.os)
 .bss           0x0000000000000134        0x0 /home/yaohui.c/work/afl-pt/afl-2.42b/pt_mode/glibc-2.19/pt-build/libc_pic.a(munmap.os)
 .bss           0x0000000000000134        0x0 /home/yaohui.c/work/afl-pt/afl-2.42b/pt_mode/glibc-2.19/pt-build/libc_pic.a(mprotect.os)
 .bss           0x0000000000000134        0x0 /home/yaohui.c/work/afl-pt/afl-2.42b/pt_mode/glibc-2.19/pt-build/libc_pic.a(llseek.os)
 *fill*         0x0000000000000134        0xc 
 .bss           0x0000000000000140       0xe0 /home/yaohui.c/work/afl-pt/afl-2.42b/pt_mode/glibc-2.19/pt-build/libc_pic.a(profil.os)
 .bss           0x0000000000000220        0x0 /home/yaohui.c/work/afl-pt/afl-2.42b/pt_mode/glibc-2.19/pt-build/libc_pic.a(prof-freq.os)
 .bss           0x0000000000000220        0x0 /home/yaohui.c/work/afl-pt/afl-2.42b/pt_mode/glibc-2.19/pt-build/libc_pic.a(libc-lowlevellock.os)
 .bss           0x0000000000000220        0x0 /home/yaohui.c/work/afl-pt/afl-2.42b/pt_mode/glibc-2.19/pt-build/libc_pic.a(libc-cancellation.os)
 .bss           0x0000000000000220        0x0 /home/yaohui.c/work/afl-pt/afl-2.42b/pt_mode/glibc-2.19/pt-build/libc_pic.a(libc_multiple_threads.os)
 .bss           0x0000000000000220        0x0 /home/yaohui.c/work/afl-pt/afl-2.42b/pt_mode/glibc-2.19/pt-build/libc_pic.a(init-arch.os)
 .bss           0x0000000000000220        0x0 /home/yaohui.c/work/afl-pt/afl-2.42b/pt_mode/glibc-2.19/pt-build/libc_pic.a(sigaction.os)
 .bss           0x0000000000000220        0x0 /home/yaohui.c/work/afl-pt/afl-2.42b/pt_mode/glibc-2.19/pt-build/libc_pic.a(setitimer.os)
 .bss           0x0000000000000220        0x0 /home/yaohui.c/work/afl-pt/afl-2.42b/pt_mode/glibc-2.19/pt-build/libc_pic.a(forward.os)
 .bss           0x0000000000000220        0x0 /home/yaohui.c/work/afl-pt/afl-2.42b/pt_mode/glibc-2.19/pt-build/libc_pic.a(exit.os)
 .bss           0x0000000000000220      0x414 /home/yaohui.c/work/afl-pt/afl-2.42b/pt_mode/glibc-2.19/pt-build/libc_pic.a(cxa_atexit.os)
 .bss           0x0000000000000634        0x0 /home/yaohui.c/work/afl-pt/afl-2.42b/pt_mode/glibc-2.19/pt-build/libc_pic.a(cxa_thread_atexit_impl.os)
 *(COMMON)
 COMMON         0x0000000000000634        0x0 /home/yaohui.c/work/afl-pt/afl-2.42b/pt_mode/glibc-2.19/pt-build/elf/dl-allobjs.os
 COMMON         0x0000000000000634        0x0 /home/yaohui.c/work/afl-pt/afl-2.42b/pt_mode/glibc-2.19/pt-build/libc_pic.a(cacheinfo.os)
 COMMON         0x0000000000000634        0x0 /home/yaohui.c/work/afl-pt/afl-2.42b/pt_mode/glibc-2.19/pt-build/libc_pic.a(libc_multiple_threads.os)
 COMMON         0x0000000000000634        0x0 /home/yaohui.c/work/afl-pt/afl-2.42b/pt_mode/glibc-2.19/pt-build/libc_pic.a(init-arch.os)
 COMMON         0x0000000000000634        0x0 /home/yaohui.c/work/afl-pt/afl-2.42b/pt_mode/glibc-2.19/pt-build/libc_pic.a(forward.os)
 COMMON         0x0000000000000634        0x0 /home/yaohui.c/work/afl-pt/afl-2.42b/pt_mode/glibc-2.19/pt-build/libc_pic.a(cxa_atexit.os)

.lbss
 *(.dynlbss)
 *(.lbss)
 *(LARGE_COMMON)

.lrodata
 *(.lrodata)

.ldata
 *(.ldata)

.stab
 *(.stab)

.stabstr
 *(.stabstr)

.stab.excl
 *(.stab.excl)

.stab.exclstr
 *(.stab.exclstr)

.stab.index
 *(.stab.index)

.stab.indexstr
 *(.stab.indexstr)

.comment        0x0000000000000000      0xa7c
 *(.comment)
 .comment       0x0000000000000000      0x5d8 /home/yaohui.c/work/afl-pt/afl-2.42b/pt_mode/glibc-2.19/pt-build/elf/dl-allobjs.os
 .comment       0x00000000000005d8       0x2c /home/yaohui.c/work/afl-pt/afl-2.42b/pt_mode/glibc-2.19/pt-build/libc_pic.a(check_fds.os)
 .comment       0x0000000000000604       0x2c /home/yaohui.c/work/afl-pt/afl-2.42b/pt_mode/glibc-2.19/pt-build/libc_pic.a(errno.os)
 .comment       0x0000000000000630       0x2c /home/yaohui.c/work/afl-pt/afl-2.42b/pt_mode/glibc-2.19/pt-build/libc_pic.a(memmove.os)
 .comment       0x000000000000065c       0x2c /home/yaohui.c/work/afl-pt/afl-2.42b/pt_mode/glibc-2.19/pt-build/libc_pic.a(wordcopy.os)
 .comment       0x0000000000000688       0x2c /home/yaohui.c/work/afl-pt/afl-2.42b/pt_mode/glibc-2.19/pt-build/libc_pic.a(cacheinfo.os)
 .comment       0x00000000000006b4       0x2c /home/yaohui.c/work/afl-pt/afl-2.42b/pt_mode/glibc-2.19/pt-build/libc_pic.a(closedir.os)
 .comment       0x00000000000006e0       0x2c /home/yaohui.c/work/afl-pt/afl-2.42b/pt_mode/glibc-2.19/pt-build/libc_pic.a(readdir.os)
 .comment       0x000000000000070c       0x2c /home/yaohui.c/work/afl-pt/afl-2.42b/pt_mode/glibc-2.19/pt-build/libc_pic.a(rewinddir.os)
 .comment       0x0000000000000738       0x2c /home/yaohui.c/work/afl-pt/afl-2.42b/pt_mode/glibc-2.19/pt-build/libc_pic.a(getdents.os)
 .comment       0x0000000000000764       0x2c /home/yaohui.c/work/afl-pt/afl-2.42b/pt_mode/glibc-2.19/pt-build/libc_pic.a(fdopendir.os)
 .comment       0x0000000000000790       0x2c /home/yaohui.c/work/afl-pt/afl-2.42b/pt_mode/glibc-2.19/pt-build/libc_pic.a(waitpid.os)
 .comment       0x00000000000007bc       0x2c /home/yaohui.c/work/afl-pt/afl-2.42b/pt_mode/glibc-2.19/pt-build/libc_pic.a(_exit.os)
 .comment       0x00000000000007e8       0x2c /home/yaohui.c/work/afl-pt/afl-2.42b/pt_mode/glibc-2.19/pt-build/libc_pic.a(getpid.os)
 .comment       0x0000000000000814       0x2c /home/yaohui.c/work/afl-pt/afl-2.42b/pt_mode/glibc-2.19/pt-build/libc_pic.a(environ.os)
 .comment       0x0000000000000840       0x2c /home/yaohui.c/work/afl-pt/afl-2.42b/pt_mode/glibc-2.19/pt-build/libc_pic.a(xstat.os)
 .comment       0x000000000000086c       0x2c /home/yaohui.c/work/afl-pt/afl-2.42b/pt_mode/glibc-2.19/pt-build/libc_pic.a(fxstat.os)
 .comment       0x0000000000000898       0x2c /home/yaohui.c/work/afl-pt/afl-2.42b/pt_mode/glibc-2.19/pt-build/libc_pic.a(lxstat.os)
 .comment       0x00000000000008c4       0x2c /home/yaohui.c/work/afl-pt/afl-2.42b/pt_mode/glibc-2.19/pt-build/libc_pic.a(fcntl.os)
 .comment       0x00000000000008f0       0x2c /home/yaohui.c/work/afl-pt/afl-2.42b/pt_mode/glibc-2.19/pt-build/libc_pic.a(profil.os)
 .comment       0x000000000000091c       0x2c /home/yaohui.c/work/afl-pt/afl-2.42b/pt_mode/glibc-2.19/pt-build/libc_pic.a(prof-freq.os)
 .comment       0x0000000000000948       0x2c /home/yaohui.c/work/afl-pt/afl-2.42b/pt_mode/glibc-2.19/pt-build/libc_pic.a(libc_multiple_threads.os)
 .comment       0x0000000000000974       0x2c /home/yaohui.c/work/afl-pt/afl-2.42b/pt_mode/glibc-2.19/pt-build/libc_pic.a(init-arch.os)
 .comment       0x00000000000009a0       0x2c /home/yaohui.c/work/afl-pt/afl-2.42b/pt_mode/glibc-2.19/pt-build/libc_pic.a(sigaction.os)
 .comment       0x00000000000009cc       0x2c /home/yaohui.c/work/afl-pt/afl-2.42b/pt_mode/glibc-2.19/pt-build/libc_pic.a(forward.os)
 .comment       0x00000000000009f8       0x2c /home/yaohui.c/work/afl-pt/afl-2.42b/pt_mode/glibc-2.19/pt-build/libc_pic.a(exit.os)
 .comment       0x0000000000000a24       0x2c /home/yaohui.c/work/afl-pt/afl-2.42b/pt_mode/glibc-2.19/pt-build/libc_pic.a(cxa_atexit.os)
 .comment       0x0000000000000a50       0x2c /home/yaohui.c/work/afl-pt/afl-2.42b/pt_mode/glibc-2.19/pt-build/libc_pic.a(cxa_thread_atexit_impl.os)

.note.GNU-stack
                0x0000000000000000        0x0
 .note.GNU-stack
                0x0000000000000000        0x0 /home/yaohui.c/work/afl-pt/afl-2.42b/pt_mode/glibc-2.19/pt-build/elf/dl-allobjs.os
 .note.GNU-stack
                0x0000000000000000        0x0 /home/yaohui.c/work/afl-pt/afl-2.42b/pt_mode/glibc-2.19/pt-build/libc_pic.a(check_fds.os)
 .note.GNU-stack
                0x0000000000000000        0x0 /home/yaohui.c/work/afl-pt/afl-2.42b/pt_mode/glibc-2.19/pt-build/libc_pic.a(errno.os)
 .note.GNU-stack
                0x0000000000000000        0x0 /home/yaohui.c/work/afl-pt/afl-2.42b/pt_mode/glibc-2.19/pt-build/libc_pic.a(setjmp.os)
 .note.GNU-stack
                0x0000000000000000        0x0 /home/yaohui.c/work/afl-pt/afl-2.42b/pt_mode/glibc-2.19/pt-build/libc_pic.a(__longjmp.os)
 .note.GNU-stack
                0x0000000000000000        0x0 /home/yaohui.c/work/afl-pt/afl-2.42b/pt_mode/glibc-2.19/pt-build/libc_pic.a(strchr.os)
 .note.GNU-stack
                0x0000000000000000        0x0 /home/yaohui.c/work/afl-pt/afl-2.42b/pt_mode/glibc-2.19/pt-build/libc_pic.a(strcmp.os)
 .note.GNU-stack
                0x0000000000000000        0x0 /home/yaohui.c/work/afl-pt/afl-2.42b/pt_mode/glibc-2.19/pt-build/libc_pic.a(strcpy.os)
 .note.GNU-stack
                0x0000000000000000        0x0 /home/yaohui.c/work/afl-pt/afl-2.42b/pt_mode/glibc-2.19/pt-build/libc_pic.a(strlen.os)
 .note.GNU-stack
                0x0000000000000000        0x0 /home/yaohui.c/work/afl-pt/afl-2.42b/pt_mode/glibc-2.19/pt-build/libc_pic.a(strnlen.os)
 .note.GNU-stack
                0x0000000000000000        0x0 /home/yaohui.c/work/afl-pt/afl-2.42b/pt_mode/glibc-2.19/pt-build/libc_pic.a(memchr.os)
 .note.GNU-stack
                0x0000000000000000        0x0 /home/yaohui.c/work/afl-pt/afl-2.42b/pt_mode/glibc-2.19/pt-build/libc_pic.a(memcmp.os)
 .note.GNU-stack
                0x0000000000000000        0x0 /home/yaohui.c/work/afl-pt/afl-2.42b/pt_mode/glibc-2.19/pt-build/libc_pic.a(memmove.os)
 .note.GNU-stack
                0x0000000000000000        0x0 /home/yaohui.c/work/afl-pt/afl-2.42b/pt_mode/glibc-2.19/pt-build/libc_pic.a(memset.os)
 .note.GNU-stack
                0x0000000000000000        0x0 /home/yaohui.c/work/afl-pt/afl-2.42b/pt_mode/glibc-2.19/pt-build/libc_pic.a(mempcpy.os)
 .note.GNU-stack
                0x0000000000000000        0x0 /home/yaohui.c/work/afl-pt/afl-2.42b/pt_mode/glibc-2.19/pt-build/libc_pic.a(stpcpy.os)
 .note.GNU-stack
                0x0000000000000000        0x0 /home/yaohui.c/work/afl-pt/afl-2.42b/pt_mode/glibc-2.19/pt-build/libc_pic.a(memcpy.os)
 .note.GNU-stack
                0x0000000000000000        0x0 /home/yaohui.c/work/afl-pt/afl-2.42b/pt_mode/glibc-2.19/pt-build/libc_pic.a(wordcopy.os)
 .note.GNU-stack
                0x0000000000000000        0x0 /home/yaohui.c/work/afl-pt/afl-2.42b/pt_mode/glibc-2.19/pt-build/libc_pic.a(rawmemchr.os)
 .note.GNU-stack
                0x0000000000000000        0x0 /home/yaohui.c/work/afl-pt/afl-2.42b/pt_mode/glibc-2.19/pt-build/libc_pic.a(strcmp-ssse3.os)
 .note.GNU-stack
                0x0000000000000000        0x0 /home/yaohui.c/work/afl-pt/afl-2.42b/pt_mode/glibc-2.19/pt-build/libc_pic.a(strcmp-sse2-unaligned.os)
 .note.GNU-stack
                0x0000000000000000        0x0 /home/yaohui.c/work/afl-pt/afl-2.42b/pt_mode/glibc-2.19/pt-build/libc_pic.a(memcmp-sse4.os)
 .note.GNU-stack
                0x0000000000000000        0x0 /home/yaohui.c/work/afl-pt/afl-2.42b/pt_mode/glibc-2.19/pt-build/libc_pic.a(memcpy-ssse3.os)
 .note.GNU-stack
                0x0000000000000000        0x0 /home/yaohui.c/work/afl-pt/afl-2.42b/pt_mode/glibc-2.19/pt-build/libc_pic.a(memcpy-sse2-unaligned.os)
 .note.GNU-stack
                0x0000000000000000        0x0 /home/yaohui.c/work/afl-pt/afl-2.42b/pt_mode/glibc-2.19/pt-build/libc_pic.a(mempcpy-ssse3.os)
 .note.GNU-stack
                0x0000000000000000        0x0 /home/yaohui.c/work/afl-pt/afl-2.42b/pt_mode/glibc-2.19/pt-build/libc_pic.a(memmove-ssse3.os)
 .note.GNU-stack
                0x0000000000000000        0x0 /home/yaohui.c/work/afl-pt/afl-2.42b/pt_mode/glibc-2.19/pt-build/libc_pic.a(mempcpy-ssse3-back.os)
 .note.GNU-stack
                0x0000000000000000        0x0 /home/yaohui.c/work/afl-pt/afl-2.42b/pt_mode/glibc-2.19/pt-build/libc_pic.a(memmove-ssse3-back.os)
 .note.GNU-stack
                0x0000000000000000        0x0 /home/yaohui.c/work/afl-pt/afl-2.42b/pt_mode/glibc-2.19/pt-build/libc_pic.a(strcpy-ssse3.os)
 .note.GNU-stack
                0x0000000000000000        0x0 /home/yaohui.c/work/afl-pt/afl-2.42b/pt_mode/glibc-2.19/pt-build/libc_pic.a(stpcpy-ssse3.os)
 .note.GNU-stack
                0x0000000000000000        0x0 /home/yaohui.c/work/afl-pt/afl-2.42b/pt_mode/glibc-2.19/pt-build/libc_pic.a(strcpy-sse2-unaligned.os)
 .note.GNU-stack
                0x0000000000000000        0x0 /home/yaohui.c/work/afl-pt/afl-2.42b/pt_mode/glibc-2.19/pt-build/libc_pic.a(stpcpy-sse2-unaligned.os)
 .note.GNU-stack
                0x0000000000000000        0x0 /home/yaohui.c/work/afl-pt/afl-2.42b/pt_mode/glibc-2.19/pt-build/libc_pic.a(strchr-sse2-no-bsf.os)
 .note.GNU-stack
                0x0000000000000000        0x0 /home/yaohui.c/work/afl-pt/afl-2.42b/pt_mode/glibc-2.19/pt-build/libc_pic.a(memcmp-ssse3.os)
 .note.GNU-stack
                0x0000000000000000        0x0 /home/yaohui.c/work/afl-pt/afl-2.42b/pt_mode/glibc-2.19/pt-build/libc_pic.a(cacheinfo.os)
 .note.GNU-stack
                0x0000000000000000        0x0 /home/yaohui.c/work/afl-pt/afl-2.42b/pt_mode/glibc-2.19/pt-build/libc_pic.a(closedir.os)
 .note.GNU-stack
                0x0000000000000000        0x0 /home/yaohui.c/work/afl-pt/afl-2.42b/pt_mode/glibc-2.19/pt-build/libc_pic.a(readdir.os)
 .note.GNU-stack
                0x0000000000000000        0x0 /home/yaohui.c/work/afl-pt/afl-2.42b/pt_mode/glibc-2.19/pt-build/libc_pic.a(rewinddir.os)
 .note.GNU-stack
                0x0000000000000000        0x0 /home/yaohui.c/work/afl-pt/afl-2.42b/pt_mode/glibc-2.19/pt-build/libc_pic.a(getdents.os)
 .note.GNU-stack
                0x0000000000000000        0x0 /home/yaohui.c/work/afl-pt/afl-2.42b/pt_mode/glibc-2.19/pt-build/libc_pic.a(fdopendir.os)
 .note.GNU-stack
                0x0000000000000000        0x0 /home/yaohui.c/work/afl-pt/afl-2.42b/pt_mode/glibc-2.19/pt-build/libc_pic.a(uname.os)
 .note.GNU-stack
                0x0000000000000000        0x0 /home/yaohui.c/work/afl-pt/afl-2.42b/pt_mode/glibc-2.19/pt-build/libc_pic.a(waitpid.os)
 .note.GNU-stack
                0x0000000000000000        0x0 /home/yaohui.c/work/afl-pt/afl-2.42b/pt_mode/glibc-2.19/pt-build/libc_pic.a(_exit.os)
 .note.GNU-stack
                0x0000000000000000        0x0 /home/yaohui.c/work/afl-pt/afl-2.42b/pt_mode/glibc-2.19/pt-build/libc_pic.a(getpid.os)
 .note.GNU-stack
                0x0000000000000000        0x0 /home/yaohui.c/work/afl-pt/afl-2.42b/pt_mode/glibc-2.19/pt-build/libc_pic.a(environ.os)
 .note.GNU-stack
                0x0000000000000000        0x0 /home/yaohui.c/work/afl-pt/afl-2.42b/pt_mode/glibc-2.19/pt-build/libc_pic.a(xstat.os)
 .note.GNU-stack
                0x0000000000000000        0x0 /home/yaohui.c/work/afl-pt/afl-2.42b/pt_mode/glibc-2.19/pt-build/libc_pic.a(fxstat.os)
 .note.GNU-stack
                0x0000000000000000        0x0 /home/yaohui.c/work/afl-pt/afl-2.42b/pt_mode/glibc-2.19/pt-build/libc_pic.a(lxstat.os)
 .note.GNU-stack
                0x0000000000000000        0x0 /home/yaohui.c/work/afl-pt/afl-2.42b/pt_mode/glibc-2.19/pt-build/libc_pic.a(open.os)
 .note.GNU-stack
                0x0000000000000000        0x0 /home/yaohui.c/work/afl-pt/afl-2.42b/pt_mode/glibc-2.19/pt-build/libc_pic.a(read.os)
 .note.GNU-stack
                0x0000000000000000        0x0 /home/yaohui.c/work/afl-pt/afl-2.42b/pt_mode/glibc-2.19/pt-build/libc_pic.a(write.os)
 .note.GNU-stack
                0x0000000000000000        0x0 /home/yaohui.c/work/afl-pt/afl-2.42b/pt_mode/glibc-2.19/pt-build/libc_pic.a(access.os)
 .note.GNU-stack
                0x0000000000000000        0x0 /home/yaohui.c/work/afl-pt/afl-2.42b/pt_mode/glibc-2.19/pt-build/libc_pic.a(fcntl.os)
 .note.GNU-stack
                0x0000000000000000        0x0 /home/yaohui.c/work/afl-pt/afl-2.42b/pt_mode/glibc-2.19/pt-build/libc_pic.a(close.os)
 .note.GNU-stack
                0x0000000000000000        0x0 /home/yaohui.c/work/afl-pt/afl-2.42b/pt_mode/glibc-2.19/pt-build/libc_pic.a(mmap.os)
 .note.GNU-stack
                0x0000000000000000        0x0 /home/yaohui.c/work/afl-pt/afl-2.42b/pt_mode/glibc-2.19/pt-build/libc_pic.a(munmap.os)
 .note.GNU-stack
                0x0000000000000000        0x0 /home/yaohui.c/work/afl-pt/afl-2.42b/pt_mode/glibc-2.19/pt-build/libc_pic.a(mprotect.os)
 .note.GNU-stack
                0x0000000000000000        0x0 /home/yaohui.c/work/afl-pt/afl-2.42b/pt_mode/glibc-2.19/pt-build/libc_pic.a(llseek.os)
 .note.GNU-stack
                0x0000000000000000        0x0 /home/yaohui.c/work/afl-pt/afl-2.42b/pt_mode/glibc-2.19/pt-build/libc_pic.a(profil.os)
 .note.GNU-stack
                0x0000000000000000        0x0 /home/yaohui.c/work/afl-pt/afl-2.42b/pt_mode/glibc-2.19/pt-build/libc_pic.a(prof-freq.os)
 .note.GNU-stack
                0x0000000000000000        0x0 /home/yaohui.c/work/afl-pt/afl-2.42b/pt_mode/glibc-2.19/pt-build/libc_pic.a(libc-lowlevellock.os)
 .note.GNU-stack
                0x0000000000000000        0x0 /home/yaohui.c/work/afl-pt/afl-2.42b/pt_mode/glibc-2.19/pt-build/libc_pic.a(libc-cancellation.os)
 .note.GNU-stack
                0x0000000000000000        0x0 /home/yaohui.c/work/afl-pt/afl-2.42b/pt_mode/glibc-2.19/pt-build/libc_pic.a(libc_multiple_threads.os)
 .note.GNU-stack
                0x0000000000000000        0x0 /home/yaohui.c/work/afl-pt/afl-2.42b/pt_mode/glibc-2.19/pt-build/libc_pic.a(init-arch.os)
 .note.GNU-stack
                0x0000000000000000        0x0 /home/yaohui.c/work/afl-pt/afl-2.42b/pt_mode/glibc-2.19/pt-build/libc_pic.a(sigaction.os)
 .note.GNU-stack
                0x0000000000000000        0x0 /home/yaohui.c/work/afl-pt/afl-2.42b/pt_mode/glibc-2.19/pt-build/libc_pic.a(setitimer.os)
 .note.GNU-stack
                0x0000000000000000        0x0 /home/yaohui.c/work/afl-pt/afl-2.42b/pt_mode/glibc-2.19/pt-build/libc_pic.a(forward.os)
 .note.GNU-stack
                0x0000000000000000        0x0 /home/yaohui.c/work/afl-pt/afl-2.42b/pt_mode/glibc-2.19/pt-build/libc_pic.a(exit.os)
 .note.GNU-stack