Archive member included to satisfy reference by file (symbol)

/home/yaohui.c/work/afl-pt/afl-2.42b/pt_mode/glibc-2.19/pt-build/elf/rtld-libc.a(rtld-check_fds.os)
                              /home/yaohui.c/work/afl-pt/afl-2.42b/pt_mode/glibc-2.19/pt-build/elf/dl-allobjs.os (__libc_check_standard_fds)
/home/yaohui.c/work/afl-pt/afl-2.42b/pt_mode/glibc-2.19/pt-build/elf/rtld-libc.a(rtld-errno.os)
                              /home/yaohui.c/work/afl-pt/afl-2.42b/pt_mode/glibc-2.19/pt-build/elf/dl-allobjs.os (rtld_errno)
/home/yaohui.c/work/afl-pt/afl-2.42b/pt_mode/glibc-2.19/pt-build/elf/rtld-libc.a(rtld-closedir.os)
                              /home/yaohui.c/work/afl-pt/afl-2.42b/pt_mode/glibc-2.19/pt-build/elf/dl-allobjs.os (__closedir)
/home/yaohui.c/work/afl-pt/afl-2.42b/pt_mode/glibc-2.19/pt-build/elf/rtld-libc.a(rtld-readdir.os)
                              /home/yaohui.c/work/afl-pt/afl-2.42b/pt_mode/glibc-2.19/pt-build/elf/dl-allobjs.os (__readdir)
/home/yaohui.c/work/afl-pt/afl-2.42b/pt_mode/glibc-2.19/pt-build/elf/rtld-libc.a(rtld-rewinddir.os)
                              /home/yaohui.c/work/afl-pt/afl-2.42b/pt_mode/glibc-2.19/pt-build/elf/dl-allobjs.os (rewinddir)
/home/yaohui.c/work/afl-pt/afl-2.42b/pt_mode/glibc-2.19/pt-build/elf/rtld-libc.a(rtld-getdents.os)
                              /home/yaohui.c/work/afl-pt/afl-2.42b/pt_mode/glibc-2.19/pt-build/elf/rtld-libc.a(rtld-readdir.os) (__getdents)
/home/yaohui.c/work/afl-pt/afl-2.42b/pt_mode/glibc-2.19/pt-build/elf/rtld-libc.a(rtld-fdopendir.os)
                              /home/yaohui.c/work/afl-pt/afl-2.42b/pt_mode/glibc-2.19/pt-build/elf/dl-allobjs.os (__fdopendir)
/home/yaohui.c/work/afl-pt/afl-2.42b/pt_mode/glibc-2.19/pt-build/elf/rtld-libc.a(rtld-profil.os)
                              /home/yaohui.c/work/afl-pt/afl-2.42b/pt_mode/glibc-2.19/pt-build/elf/dl-allobjs.os (__profil)
/home/yaohui.c/work/afl-pt/afl-2.42b/pt_mode/glibc-2.19/pt-build/elf/rtld-libc.a(rtld-prof-freq.os)
                              /home/yaohui.c/work/afl-pt/afl-2.42b/pt_mode/glibc-2.19/pt-build/elf/dl-allobjs.os (__profile_frequency)
/home/yaohui.c/work/afl-pt/afl-2.42b/pt_mode/glibc-2.19/pt-build/elf/rtld-libc.a(rtld-xstat.os)
                              /home/yaohui.c/work/afl-pt/afl-2.42b/pt_mode/glibc-2.19/pt-build/elf/dl-allobjs.os (__GI___xstat64)
/home/yaohui.c/work/afl-pt/afl-2.42b/pt_mode/glibc-2.19/pt-build/elf/rtld-libc.a(rtld-fxstat.os)
                              /home/yaohui.c/work/afl-pt/afl-2.42b/pt_mode/glibc-2.19/pt-build/elf/dl-allobjs.os (__GI___fxstat64)
/home/yaohui.c/work/afl-pt/afl-2.42b/pt_mode/glibc-2.19/pt-build/elf/rtld-libc.a(rtld-lxstat.os)
                              /home/yaohui.c/work/afl-pt/afl-2.42b/pt_mode/glibc-2.19/pt-build/elf/dl-allobjs.os (__GI___lxstat64)
/home/yaohui.c/work/afl-pt/afl-2.42b/pt_mode/glibc-2.19/pt-build/elf/rtld-libc.a(rtld-open.os)
                              /home/yaohui.c/work/afl-pt/afl-2.42b/pt_mode/glibc-2.19/pt-build/elf/dl-allobjs.os (__open)
/home/yaohui.c/work/afl-pt/afl-2.42b/pt_mode/glibc-2.19/pt-build/elf/rtld-libc.a(rtld-read.os)
                              /home/yaohui.c/work/afl-pt/afl-2.42b/pt_mode/glibc-2.19/pt-build/elf/dl-allobjs.os (__libc_read)
/home/yaohui.c/work/afl-pt/afl-2.42b/pt_mode/glibc-2.19/pt-build/elf/rtld-libc.a(rtld-write.os)
                              /home/yaohui.c/work/afl-pt/afl-2.42b/pt_mode/glibc-2.19/pt-build/elf/dl-allobjs.os (__libc_write)
/home/yaohui.c/work/afl-pt/afl-2.42b/pt_mode/glibc-2.19/pt-build/elf/rtld-libc.a(rtld-access.os)
                              /home/yaohui.c/work/afl-pt/afl-2.42b/pt_mode/glibc-2.19/pt-build/elf/dl-allobjs.os (__access)
/home/yaohui.c/work/afl-pt/afl-2.42b/pt_mode/glibc-2.19/pt-build/elf/rtld-libc.a(rtld-fcntl.os)
                              /home/yaohui.c/work/afl-pt/afl-2.42b/pt_mode/glibc-2.19/pt-build/elf/rtld-libc.a(rtld-check_fds.os) (__libc_fcntl)
/home/yaohui.c/work/afl-pt/afl-2.42b/pt_mode/glibc-2.19/pt-build/elf/rtld-libc.a(rtld-close.os)
                              /home/yaohui.c/work/afl-pt/afl-2.42b/pt_mode/glibc-2.19/pt-build/elf/dl-allobjs.os (__close)
/home/yaohui.c/work/afl-pt/afl-2.42b/pt_mode/glibc-2.19/pt-build/elf/rtld-libc.a(rtld-mmap.os)
                              /home/yaohui.c/work/afl-pt/afl-2.42b/pt_mode/glibc-2.19/pt-build/elf/dl-allobjs.os (__mmap)
/home/yaohui.c/work/afl-pt/afl-2.42b/pt_mode/glibc-2.19/pt-build/elf/rtld-libc.a(rtld-munmap.os)
                              /home/yaohui.c/work/afl-pt/afl-2.42b/pt_mode/glibc-2.19/pt-build/elf/dl-allobjs.os (__munmap)
/home/yaohui.c/work/afl-pt/afl-2.42b/pt_mode/glibc-2.19/pt-build/elf/rtld-libc.a(rtld-mprotect.os)
                              /home/yaohui.c/work/afl-pt/afl-2.42b/pt_mode/glibc-2.19/pt-build/elf/dl-allobjs.os (__mprotect)
/home/yaohui.c/work/afl-pt/afl-2.42b/pt_mode/glibc-2.19/pt-build/elf/rtld-libc.a(rtld-llseek.os)
[...]
Memory Configuration

Name             Origin             Length             Attributes
*default*        0x0000000000000000 0xffffffffffffffff

Linker script and memory map

START GROUP
LOAD /home/yaohui.c/work/afl-pt/afl-2.42b/pt_mode/glibc-2.19/pt-build/elf/dl-allobjs.os
LOAD /home/yaohui.c/work/afl-pt/afl-2.42b/pt_mode/glibc-2.19/pt-build/elf/rtld-libc.a
LOAD /usr/lib/gcc/x86_64-linux-gnu/4.8/libgcc.a
END GROUP

.interp
 *(.interp)

.note.gnu.build-id
 *(.note.gnu.build-id)

.hash
 *(.hash)

.gnu.hash
 *(.gnu.hash)

.dynsym
 *(.dynsym)

.dynstr
 *(.dynstr)

.gnu.version
 *(.gnu.version)

.gnu.version_d
 *(.gnu.version_d)

.gnu.version_r
 *(.gnu.version_r)

.rela.init
 *(.rela.init)

.rela.text
 *(.rela.text)

.rela.fini
 *(.rela.fini)

.rela.rodata
 *(.rela.rodata)

.rela.data.rel.ro
 *(.rela.data.rel.ro)

.rela.data
 *(.rela.data)

.rela.tdata
 *(.rela.tdata)

.rela.tbss
 *(.rela.tbss)

.rela.ctors
 *(.rela.ctors)

.rela.dtors
 *(.rela.dtors)

.rela.got
 *(.rela.got)

.rela.bss
 *(.rela.bss)

.rela.ldata
 *(.rela.ldata)

.rela.lbss
 *(.rela.lbss)

.rela.lrodata
 *(.rela.lrodata)

.rela.ifunc
 *(.rela.ifunc)

.rela.plt
 *(.rela.plt)

.init
 *(SORT(.init))

.plt
 *(.plt)
 *(.iplt)

.text           0x0000000000000000    0x18260
 *(.text .stub)
 .text          0x0000000000000000    0x15ca1 /home/yaohui.c/work/afl-pt/afl-2.42b/pt_mode/glibc-2.19/pt-build/elf/dl-allobjs.os
                0x0000000000000000                _start
                0x0000000000000008                _dl_start_user
                0x0000000000000050                _dl_initial_error_catch_tsd
                0x0000000000005f10                _dl_dst_count
                0x0000000000005fc0                _dl_dst_substitute
                0x0000000000006900                _dl_init_paths
                0x0000000000006d20                _dl_map_object
                0x00000000000076e0                _dl_rtld_di_serinfo
                0x00000000000083d0                _dl_lookup_symbol_x
                0x0000000000009450                _dl_setup_hash
                0x0000000000009500                _dl_add_to_namespace_list
                0x0000000000009590                _dl_new_object
                0x00000000000098e0                _dl_try_allocate_static_tls
                0x00000000000099c0                _dl_allocate_static_tls
                0x00000000000099f0                _dl_nothread_init_static_tls
                0x0000000000009a80                _dl_protect_relro
                0x0000000000009ae0                _dl_reloc_bad_type
                0x0000000000009bc0                _dl_relocate_object
                0x000000000000b160                _dl_map_object_deps
                0x000000000000c3d0                _dl_important_hwcaps
                0x000000000000cb10                _dl_fixup
                0x000000000000cd20                _dl_profile_fixup
                0x000000000000d300                _dl_call_pltexit
                0x000000000000d410                _dl_signal_error
                0x000000000000d5c0                _dl_signal_cerror
                0x000000000000d640                _dl_catch_error
                0x000000000000d700                _dl_receive_error
                0x000000000000d870                _dl_init_internal
                0x000000000000d870                _dl_init
                0x000000000000d990                _dl_sort_fini
                0x000000000000dc20                _dl_fini
                0x000000000000e040                _dl_debug_state
                0x000000000000e040                __GI__dl_debug_state
                0x000000000000e050                _dl_debug_initialize
                0x000000000000e680                _dl_sysdep_read_whole_file
                0x000000000000e710                _dl_debug_printf
                0x000000000000e770                _dl_debug_printf_c
                0x000000000000e7d0                _dl_dprintf
                0x000000000000e820                _dl_name_match_p
                0x000000000000e890                _dl_higher_prime_number
                0x000000000000ecc0                _dl_check_map_versions
                0x000000000000f140                _dl_check_all_versions
                0x000000000000f1b0                _dl_start_profile
                0x000000000000f9b0                _dl_mcount_internal
                0x000000000000f9b0                _dl_mcount
                0x000000000000fbe0                _dl_resolve_conflicts
                0x000000000000fe00                _dl_next_tls_modid
                0x000000000000fee0                _dl_determine_tlsoffset
                0x00000000000100a0                __GI__dl_tls_setup
                0x00000000000100a0                _dl_tls_setup
                0x0000000000010150                _dl_get_tls_static_info
                0x0000000000010170                _dl_allocate_tls_storage
                0x00000000000102b0                __GI__dl_allocate_tls_init
                0x00000000000102b0                _dl_allocate_tls_init
                0x00000000000104d0                __GI__dl_allocate_tls
                0x00000000000104d0                _dl_allocate_tls
                0x0000000000010510                _dl_deallocate_tls
                0x0000000000010510                __GI__dl_deallocate_tls
                0x00000000000105a0                _dl_update_slotinfo
                0x00000000000108f0                __tls_get_addr
                0x0000000000010930                _dl_tls_get_addr_soft
                0x00000000000109a0                _dl_add_to_slotinfo
                0x0000000000010a80                _dl_get_origin
                0x0000000000010bf0                _dl_scope_free
                0x0000000000010cb0                _dl_make_stack_executable
                0x0000000000010cb0                __GI__dl_make_stack_executable
                0x0000000000010d30                _dl_check_caller
                0x0000000000011160                _dl_open
                0x00000000000114d0                _dl_show_scope
                0x0000000000011620                _dl_addr_inside_object
                0x0000000000011680                __GI__dl_find_dso_for_object
                0x0000000000011680                _dl_find_dso_for_object
                0x00000000000121a0                _dl_close_worker
                0x0000000000013040                _dl_close
                0x00000000000130c0                _dl_runtime_resolve
                0x0000000000013130                _dl_runtime_profile
                0x0000000000013690                _dl_x86_64_save_sse
                0x0000000000013780                _dl_x86_64_restore_sse
                0x0000000000013830                _dl_cache_libcmp
                0x0000000000013910                _dl_load_cache_lookup
                0x0000000000013e60                _dl_unload_cache
                0x0000000000013ea0                _dl_sysdep_start
                0x0000000000014160                _dl_sysdep_start_cleanup
                0x0000000000014170                _dl_show_auxv
                0x0000000000014320                _dl_discover_osversion
                0x0000000000014500                _dl_next_ld_env_entry
                0x0000000000014540                unsetenv
                0x00000000000145c0                __libc_memalign
                0x00000000000146d0                malloc
                0x00000000000146e0                calloc
                0x0000000000014720                free
                0x0000000000014750                __sigjmp_save
                0x0000000000014760                __strerror_r
                0x0000000000014840                __GI___assert_fail
                0x0000000000014840                __assert_fail
                0x0000000000014890                realloc
                0x0000000000014920                __GI___assert_perror_fail
                0x0000000000014920                __assert_perror_fail
                0x0000000000014990                __strtoul_internal
                0x0000000000014b60                _itoa
                0x0000000000014bb0                __strsep
                0x0000000000014bb0                strsep
                0x0000000000014bb0                __strsep_g
                0x0000000000014c40                __GI___chk_fail
                0x0000000000014c40                __chk_fail
                0x0000000000014c50                __brk
                0x0000000000014c50                brk
                0x0000000000014cb0                sbrk
                0x0000000000014cb0                __sbrk
                0x0000000000014d40                __getcwd
                0x0000000000014d40                getcwd
                0x0000000000015350                openat64
                0x00000000000153a0                __alloc_dir
                0x00000000000154a0                __opendirat
                0x0000000000015510                __opendir
                0x0000000000015510                opendir
                0x0000000000015520                __fxstatat
                0x0000000000015520                __fxstatat64
                0x0000000000015520                __GI___fxstatat64
                0x0000000000015590                _dl_make_tlsdesc_dynamic
                0x0000000000015860                _dl_tlsdesc_resolve_rela_fixup
                0x0000000000015a40                _dl_tlsdesc_resolve_hold_fixup
                0x0000000000015a80                _dl_unmap
                0x0000000000015b00                _dl_tlsdesc_return
                0x0000000000015b10                _dl_tlsdesc_undefweak
                0x0000000000015b20                _dl_tlsdesc_dynamic
                0x0000000000015bc0                _dl_tlsdesc_resolve_rela
                0x0000000000015c30                _dl_tlsdesc_resolve_hold
 *fill*         0x0000000000015ca1        0xf 
 .text          0x0000000000015cb0       0xe2 /home/yaohui.c/work/afl-pt/afl-2.42b/pt_mode/glibc-2.19/pt-build/elf/rtld-libc.a(rtld-check_fds.os)
                0x0000000000015d60                __libc_check_standard_fds
 .text          0x0000000000015d92        0x0 /home/yaohui.c/work/afl-pt/afl-2.42b/pt_mode/glibc-2.19/pt-build/elf/rtld-libc.a(rtld-errno.os)
 *fill*         0x0000000000015d92        0xe 
 .text          0x0000000000015da0       0x28 /home/yaohui.c/work/afl-pt/afl-2.42b/pt_mode/glibc-2.19/pt-build/elf/rtld-libc.a(rtld-closedir.os)
                0x0000000000015da0                __closedir
                0x0000000000015da0                closedir
 *fill*         0x0000000000015dc8        0x8 
 .text          0x0000000000015dd0       0x8a /home/yaohui.c/work/afl-pt/afl-2.42b/pt_mode/glibc-2.19/pt-build/elf/rtld-libc.a(rtld-readdir.os)
                0x0000000000015dd0                readdir
                0x0000000000015dd0                __readdir64
                0x0000000000015dd0                __readdir
                0x0000000000015dd0                readdir64
 *fill*         0x0000000000015e5a        0x6 
 .text          0x0000000000015e60       0x30 /home/yaohui.c/work/afl-pt/afl-2.42b/pt_mode/glibc-2.19/pt-build/elf/rtld-libc.a(rtld-rewinddir.os)
                0x0000000000015e60                rewinddir
 .text          0x0000000000015e90       0x80 /home/yaohui.c/work/afl-pt/afl-2.42b/pt_mode/glibc-2.19/pt-build/elf/rtld-libc.a(rtld-getdents.os)
                0x0000000000015e90                __getdents
                0x0000000000015e90                __getdents64
 .text          0x0000000000015f10       0x7f /home/yaohui.c/work/afl-pt/afl-2.42b/pt_mode/glibc-2.19/pt-build/elf/rtld-libc.a(rtld-fdopendir.os)
                0x0000000000015f10                fdopendir
                0x0000000000015f10                __fdopendir
 *fill*         0x0000000000015f8f        0x1 
 .text          0x0000000000015f90      0x110 /home/yaohui.c/work/afl-pt/afl-2.42b/pt_mode/glibc-2.19/pt-build/elf/rtld-libc.a(rtld-profil.os)
                0x0000000000015fe0                __profil
                0x0000000000015fe0                profil
 .text          0x00000000000160a0        0x7 /home/yaohui.c/work/afl-pt/afl-2.42b/pt_mode/glibc-2.19/pt-build/elf/rtld-libc.a(rtld-prof-freq.os)
                0x00000000000160a0                __profile_frequency
 *fill*         0x00000000000160a7        0x9 
 .text          0x00000000000160b0       0x3d /home/yaohui.c/work/afl-pt/afl-2.42b/pt_mode/glibc-2.19/pt-build/elf/rtld-libc.a(rtld-xstat.os)
                0x00000000000160b0                _xstat
                0x00000000000160b0                __xstat64
                0x00000000000160b0                __GI___xstat64
                0x00000000000160b0                __GI___xstat
                0x00000000000160b0                __xstat
 *fill*         0x00000000000160ed        0x3 
 .text          0x00000000000160f0       0x3d /home/yaohui.c/work/afl-pt/afl-2.42b/pt_mode/glibc-2.19/pt-build/elf/rtld-libc.a(rtld-fxstat.os)
                0x00000000000160f0                __GI___fxstat
                0x00000000000160f0                __GI___fxstat64
                0x00000000000160f0                __fxstat64
                0x00000000000160f0                _fxstat
                0x00000000000160f0                __fxstat
 *fill*         0x000000000001612d        0x3 
 .text          0x0000000000016130       0x3d /home/yaohui.c/work/afl-pt/afl-2.42b/pt_mode/glibc-2.19/pt-build/elf/rtld-libc.a(rtld-lxstat.os)
                0x0000000000016130                __GI___lxstat
                0x0000000000016130                _lxstat
                0x0000000000016130                __lxstat
                0x0000000000016130                __lxstat64
                0x0000000000016130                __GI___lxstat64
 *fill*         0x000000000001616d        0x3 
 .text          0x0000000000016170       0x20 /home/yaohui.c/work/afl-pt/afl-2.42b/pt_mode/glibc-2.19/pt-build/elf/rtld-libc.a(rtld-open.os)
                0x0000000000016170                __open
                0x0000000000016170                __libc_open
                0x0000000000016170                open64
                0x0000000000016170                open
                0x0000000000016170                __open64
 .text          0x0000000000016190       0x20 /home/yaohui.c/work/afl-pt/afl-2.42b/pt_mode/glibc-2.19/pt-build/elf/rtld-libc.a(rtld-read.os)
                0x0000000000016190                __read
                0x0000000000016190                __libc_read
                0x0000000000016190                read
 .text          0x00000000000161b0       0x20 /home/yaohui.c/work/afl-pt/afl-2.42b/pt_mode/glibc-2.19/pt-build/elf/rtld-libc.a(rtld-write.os)
                0x00000000000161b0                __write
                0x00000000000161b0                write
                0x00000000000161b0                __libc_write
 .text          0x00000000000161d0       0x20 /home/yaohui.c/work/afl-pt/afl-2.42b/pt_mode/glibc-2.19/pt-build/elf/rtld-libc.a(rtld-access.os)
                0x00000000000161d0                access
                0x00000000000161d0                __access
 .text          0x00000000000161f0       0xde /home/yaohui.c/work/afl-pt/afl-2.42b/pt_mode/glibc-2.19/pt-build/elf/rtld-libc.a(rtld-fcntl.os)
                0x00000000000161f0                __libc_fcntl
                0x00000000000161f0                __fcntl
                0x00000000000161f0                fcntl
 *fill*         0x00000000000162ce        0x2 
 .text          0x00000000000162d0       0x20 /home/yaohui.c/work/afl-pt/afl-2.42b/pt_mode/glibc-2.19/pt-build/elf/rtld-libc.a(rtld-close.os)
                0x00000000000162d0                __libc_close
                0x00000000000162d0                __close
                0x00000000000162d0                close
 .text          0x00000000000162f0       0x23 /home/yaohui.c/work/afl-pt/afl-2.42b/pt_mode/glibc-2.19/pt-build/elf/rtld-libc.a(rtld-mmap.os)
                0x00000000000162f0                __mmap
                0x00000000000162f0                mmap
                0x00000000000162f0                __mmap64
                0x00000000000162f0                mmap64
 *fill*         0x0000000000016313        0xd 
 .text          0x0000000000016320       0x20 /home/yaohui.c/work/afl-pt/afl-2.42b/pt_mode/glibc-2.19/pt-build/elf/rtld-libc.a(rtld-munmap.os)
                0x0000000000016320                munmap
                0x0000000000016320                __munmap
 .text          0x0000000000016340       0x20 /home/yaohui.c/work/afl-pt/afl-2.42b/pt_mode/glibc-2.19/pt-build/elf/rtld-libc.a(rtld-mprotect.os)
                0x0000000000016340                __mprotect
                0x0000000000016340                mprotect
 .text          0x0000000000016360       0x20 /home/yaohui.c/work/afl-pt/afl-2.42b/pt_mode/glibc-2.19/pt-build/elf/rtld-libc.a(rtld-llseek.os)
                0x0000000000016360                __llseek
                0x0000000000016360                __lseek64
                0x0000000000016360                lseek
                0x0000000000016360                __libc_lseek64
                0x0000000000016360                llseek
                0x0000000000016360                __lseek
                0x0000000000016360                __libc_lseek
                0x0000000000016360                lseek64
 .text          0x0000000000016380       0x20 /home/yaohui.c/work/afl-pt/afl-2.42b/pt_mode/glibc-2.19/pt-build/elf/rtld-libc.a(rtld-uname.os)
                0x0000000000016380                uname
                0x0000000000016380                __uname
 .text          0x00000000000163a0       0x27 /home/yaohui.c/work/afl-pt/afl-2.42b/pt_mode/glibc-2.19/pt-build/elf/rtld-libc.a(rtld-waitpid.os)
                0x00000000000163a0                waitpid
                0x00000000000163a0                __libc_waitpid
                0x00000000000163a0                __waitpid
 *fill*         0x00000000000163c7        0x9 
 .text          0x00000000000163d0       0x51 /home/yaohui.c/work/afl-pt/afl-2.42b/pt_mode/glibc-2.19/pt-build/elf/rtld-libc.a(rtld-_exit.os)
                0x00000000000163d0                _Exit
                0x00000000000163d0                _exit
 *fill*         0x0000000000016421        0xf 
 .text          0x0000000000016430        0x8 /home/yaohui.c/work/afl-pt/afl-2.42b/pt_mode/glibc-2.19/pt-build/elf/rtld-libc.a(rtld-getpid.os)
                0x0000000000016430                __getpid
                0x0000000000016430                getpid
 .text          0x0000000000016438        0x0 /home/yaohui.c/work/afl-pt/afl-2.42b/pt_mode/glibc-2.19/pt-build/elf/rtld-libc.a(rtld-environ.os)
 *fill*         0x0000000000016438        0x8 
 .text          0x0000000000016440       0x4f /home/yaohui.c/work/afl-pt/afl-2.42b/pt_mode/glibc-2.19/pt-build/elf/rtld-libc.a(rtld-setjmp.os)
                0x0000000000016440                __sigsetjmp
                0x0000000000016440                __GI___sigsetjmp
 *fill*         0x000000000001648f        0x1 
 .text          0x0000000000016490       0x4a /home/yaohui.c/work/afl-pt/afl-2.42b/pt_mode/glibc-2.19/pt-build/elf/rtld-libc.a(rtld-__longjmp.os)
                0x0000000000016490                __longjmp
 *fill*         0x00000000000164da        0x6 
 .text          0x00000000000164e0      0x22b /home/yaohui.c/work/afl-pt/afl-2.42b/pt_mode/glibc-2.19/pt-build/elf/rtld-libc.a(rtld-sigaction.os)
                0x0000000000016500                __libc_sigaction
                0x00000000000166f0                sigaction
                0x00000000000166f0                __sigaction
 *fill*         0x000000000001670b        0x5 
 .text          0x0000000000016710      0x21a /home/yaohui.c/work/afl-pt/afl-2.42b/pt_mode/glibc-2.19/pt-build/elf/rtld-libc.a(rtld-strchr.os)
                0x0000000000016710                index
                0x0000000000016710                strchr
 *fill*         0x000000000001692a        0x6 
 .text          0x0000000000016930       0x21 /home/yaohui.c/work/afl-pt/afl-2.42b/pt_mode/glibc-2.19/pt-build/elf/rtld-libc.a(rtld-strcmp.os)
                0x0000000000016930                strcmp
 *fill*         0x0000000000016951        0xf 
 .text          0x0000000000016960       0xdc /home/yaohui.c/work/afl-pt/afl-2.42b/pt_mode/glibc-2.19/pt-build/elf/rtld-libc.a(rtld-strcpy.os)
                0x0000000000016960                strcpy
 *fill*         0x0000000000016a3c        0x4 
 .text          0x0000000000016a40       0xe9 /home/yaohui.c/work/afl-pt/afl-2.42b/pt_mode/glibc-2.19/pt-build/elf/rtld-libc.a(rtld-strlen.os)
                0x0000000000016a40                strlen
 *fill*         0x0000000000016b29        0x7 
 .text          0x0000000000016b30      0x220 /home/yaohui.c/work/afl-pt/afl-2.42b/pt_mode/glibc-2.19/pt-build/elf/rtld-libc.a(rtld-strnlen.os)
                0x0000000000016b30                __strnlen
                0x0000000000016b30                strnlen
 .text          0x0000000000016d50      0x344 /home/yaohui.c/work/afl-pt/afl-2.42b/pt_mode/glibc-2.19/pt-build/elf/rtld-libc.a(rtld-memchr.os)
                0x0000000000016d50                memchr
                0x0000000000016d50                __memchr
 *fill*         0x0000000000017094        0xc 
 .text          0x00000000000170a0      0x4e1 /home/yaohui.c/work/afl-pt/afl-2.42b/pt_mode/glibc-2.19/pt-build/elf/rtld-libc.a(rtld-memcmp.os)
                0x00000000000170a0                bcmp
                0x00000000000170a0                memcmp
 *fill*         0x0000000000017581        0xf 
 .text          0x0000000000017590      0x19f /home/yaohui.c/work/afl-pt/afl-2.42b/pt_mode/glibc-2.19/pt-build/elf/rtld-libc.a(rtld-memmove.os)
                0x0000000000017590                memmove
 *fill*         0x000000000001772f        0x1 
 .text          0x0000000000017730       0x10 /home/yaohui.c/work/afl-pt/afl-2.42b/pt_mode/glibc-2.19/pt-build/elf/rtld-libc.a(rtld-memset.os)
                0x0000000000017730                memset
 .text          0x0000000000017740      0x14d /home/yaohui.c/work/afl-pt/afl-2.42b/pt_mode/glibc-2.19/pt-build/elf/rtld-libc.a(rtld-mempcpy.os)
                0x0000000000017740                mempcpy
                0x0000000000017740                __mempcpy
 *fill*         0x000000000001788d        0x3 
 .text          0x0000000000017890       0xdc /home/yaohui.c/work/afl-pt/afl-2.42b/pt_mode/glibc-2.19/pt-build/elf/rtld-libc.a(rtld-stpcpy.os)
                0x0000000000017890                stpcpy
                0x0000000000017890                __stpcpy
 *fill*         0x000000000001796c        0x4 
 .text          0x0000000000017970      0x160 /home/yaohui.c/work/afl-pt/afl-2.42b/pt_mode/glibc-2.19/pt-build/elf/rtld-libc.a(rtld-memcpy.os)
                0x0000000000017970                memcpy
 .text          0x0000000000017ad0      0x556 /home/yaohui.c/work/afl-pt/afl-2.42b/pt_mode/glibc-2.19/pt-build/elf/rtld-libc.a(rtld-wordcopy.os)
                0x0000000000017ad0                _wordcopy_fwd_aligned
                0x0000000000017c10                _wordcopy_fwd_dest_aligned
                0x0000000000017d40                _wordcopy_bwd_aligned
                0x0000000000017ed0                _wordcopy_bwd_dest_aligned
 *fill*         0x0000000000018026        0xa 
 .text          0x0000000000018030      0x204 /home/yaohui.c/work/afl-pt/afl-2.42b/pt_mode/glibc-2.19/pt-build/elf/rtld-libc.a(rtld-rawmemchr.os)
                0x0000000000018030                __rawmemchr
                0x0000000000018030                rawmemchr
 *fill*         0x0000000000018234        0xc 
 .text          0x0000000000018240       0x20 /home/yaohui.c/work/afl-pt/afl-2.42b/pt_mode/glibc-2.19/pt-build/elf/rtld-libc.a(rtld-setitimer.os)
                0x0000000000018240                setitimer
                0x0000000000018240                __setitimer
 *(.gnu.warning)

.text.unlikely  0x0000000000000000      0x710
 .text.unlikely
                0x0000000000000000      0x710 /home/yaohui.c/work/afl-pt/afl-2.42b/pt_mode/glibc-2.19/pt-build/elf/dl-allobjs.os

.fini
 *(SORT(.fini))

.rodata         0x0000000000000000      0xb70
 *(.rodata)
 .rodata        0x0000000000000000      0xb30 /home/yaohui.c/work/afl-pt/afl-2.42b/pt_mode/glibc-2.19/pt-build/elf/dl-allobjs.os
                0x0000000000000b20                __GI__itoa_lower_digits
                0x0000000000000b20                _itoa_lower_digits
 .rodata        0x0000000000000b30       0x40 /home/yaohui.c/work/afl-pt/afl-2.42b/pt_mode/glibc-2.19/pt-build/elf/rtld-libc.a(rtld-wordcopy.os)

.rodata.str1.1  0x0000000000000000     0x10c0
 .rodata.str1.1
                0x0000000000000000     0x10ac /home/yaohui.c/work/afl-pt/afl-2.42b/pt_mode/glibc-2.19/pt-build/elf/dl-allobjs.os
 .rodata.str1.1
                0x00000000000010ac       0x14 /home/yaohui.c/work/afl-pt/afl-2.42b/pt_mode/glibc-2.19/pt-build/elf/rtld-libc.a(rtld-check_fds.os)

.rodata.str1.8  0x0000000000000000     0x2551
 .rodata.str1.8
                0x0000000000000000     0x2551 /home/yaohui.c/work/afl-pt/afl-2.42b/pt_mode/glibc-2.19/pt-build/elf/dl-allobjs.os

.rodata.str1.16
                0x0000000000000000      0x3b3
 .rodata.str1.16
                0x0000000000000000      0x3b3 /home/yaohui.c/work/afl-pt/afl-2.42b/pt_mode/glibc-2.19/pt-build/elf/dl-allobjs.os

.rodata.cst16   0x0000000000000000       0x20
 .rodata.cst16  0x0000000000000000       0x20 /home/yaohui.c/work/afl-pt/afl-2.42b/pt_mode/glibc-2.19/pt-build/elf/dl-allobjs.os

.rodata.cst4    0x0000000000000000        0x4
 .rodata.cst4   0x0000000000000000        0x4 /home/yaohui.c/work/afl-pt/afl-2.42b/pt_mode/glibc-2.19/pt-build/elf/dl-allobjs.os

.rodata.str1.32
                0x0000000000000000      0x121
 .rodata.str1.32
                0x0000000000000000      0x121 /home/yaohui.c/work/afl-pt/afl-2.42b/pt_mode/glibc-2.19/pt-build/elf/dl-allobjs.os

.rodata1
 *(.rodata1)

.eh_frame_hdr
 *(.eh_frame_hdr)

.eh_frame       0x0000000000000000     0x2950
 *(.eh_frame)
 .eh_frame      0x0000000000000000     0x1ee0 /home/yaohui.c/work/afl-pt/afl-2.42b/pt_mode/glibc-2.19/pt-build/elf/dl-allobjs.os
 .eh_frame      0x0000000000001ee0       0x68 /home/yaohui.c/work/afl-pt/afl-2.42b/pt_mode/glibc-2.19/pt-build/elf/rtld-libc.a(rtld-check_fds.os)
 .eh_frame      0x0000000000001f48       0x38 /home/yaohui.c/work/afl-pt/afl-2.42b/pt_mode/glibc-2.19/pt-build/elf/rtld-libc.a(rtld-closedir.os)
 .eh_frame      0x0000000000001f80       0x48 /home/yaohui.c/work/afl-pt/afl-2.42b/pt_mode/glibc-2.19/pt-build/elf/rtld-libc.a(rtld-readdir.os)
 .eh_frame      0x0000000000001fc8       0x38 /home/yaohui.c/work/afl-pt/afl-2.42b/pt_mode/glibc-2.19/pt-build/elf/rtld-libc.a(rtld-rewinddir.os)
 .eh_frame      0x0000000000002000       0x58 /home/yaohui.c/work/afl-pt/afl-2.42b/pt_mode/glibc-2.19/pt-build/elf/rtld-libc.a(rtld-getdents.os)
 .eh_frame      0x0000000000002058       0x48 /home/yaohui.c/work/afl-pt/afl-2.42b/pt_mode/glibc-2.19/pt-build/elf/rtld-libc.a(rtld-fdopendir.os)
 .eh_frame      0x00000000000020a0       0x48 /home/yaohui.c/work/afl-pt/afl-2.42b/pt_mode/glibc-2.19/pt-build/elf/rtld-libc.a(rtld-profil.os)
 .eh_frame      0x00000000000020e8       0x30 /home/yaohui.c/work/afl-pt/afl-2.42b/pt_mode/glibc-2.19/pt-build/elf/rtld-libc.a(rtld-prof-freq.os)
 .eh_frame      0x0000000000002118       0x30 /home/yaohui.c/work/afl-pt/afl-2.42b/pt_mode/glibc-2.19/pt-build/elf/rtld-libc.a(rtld-xstat.os)
 .eh_frame      0x0000000000002148       0x30 /home/yaohui.c/work/afl-pt/afl-2.42b/pt_mode/glibc-2.19/pt-build/elf/rtld-libc.a(rtld-fxstat.os)
 .eh_frame      0x0000000000002178       0x30 /home/yaohui.c/work/afl-pt/afl-2.42b/pt_mode/glibc-2.19/pt-build/elf/rtld-libc.a(rtld-lxstat.os)
 .eh_frame      0x00000000000021a8       0x30 /home/yaohui.c/work/afl-pt/afl-2.42b/pt_mode/glibc-2.19/pt-build/elf/rtld-libc.a(rtld-open.os)
 .eh_frame      0x00000000000021d8       0x30 /home/yaohui.c/work/afl-pt/afl-2.42b/pt_mode/glibc-2.19/pt-build/elf/rtld-libc.a(rtld-read.os)
 .eh_frame      0x0000000000002208       0x30 /home/yaohui.c/work/afl-pt/afl-2.42b/pt_mode/glibc-2.19/pt-build/elf/rtld-libc.a(rtld-write.os)
 .eh_frame      0x0000000000002238       0x30 /home/yaohui.c/work/afl-pt/afl-2.42b/pt_mode/glibc-2.19/pt-build/elf/rtld-libc.a(rtld-access.os)
 .eh_frame      0x0000000000002268       0x30 /home/yaohui.c/work/afl-pt/afl-2.42b/pt_mode/glibc-2.19/pt-build/elf/rtld-libc.a(rtld-fcntl.os)
 .eh_frame      0x0000000000002298       0x30 /home/yaohui.c/work/afl-pt/afl-2.42b/pt_mode/glibc-2.19/pt-build/elf/rtld-libc.a(rtld-close.os)
 .eh_frame      0x00000000000022c8       0x30 /home/yaohui.c/work/afl-pt/afl-2.42b/pt_mode/glibc-2.19/pt-build/elf/rtld-libc.a(rtld-mmap.os)
 .eh_frame      0x00000000000022f8       0x30 /home/yaohui.c/work/afl-pt/afl-2.42b/pt_mode/glibc-2.19/pt-build/elf/rtld-libc.a(rtld-munmap.os)
 .eh_frame      0x0000000000002328       0x30 /home/yaohui.c/work/afl-pt/afl-2.42b/pt_mode/glibc-2.19/pt-build/elf/rtld-libc.a(rtld-mprotect.os)
 .eh_frame      0x0000000000002358       0x30 /home/yaohui.c/work/afl-pt/afl-2.42b/pt_mode/glibc-2.19/pt-build/elf/rtld-libc.a(rtld-llseek.os)
 .eh_frame      0x0000000000002388       0x30 /home/yaohui.c/work/afl-pt/afl-2.42b/pt_mode/glibc-2.19/pt-build/elf/rtld-libc.a(rtld-uname.os)
 .eh_frame      0x00000000000023b8       0x30 /home/yaohui.c/work/afl-pt/afl-2.42b/pt_mode/glibc-2.19/pt-build/elf/rtld-libc.a(rtld-waitpid.os)
 .eh_frame      0x00000000000023e8       0x30 /home/yaohui.c/work/afl-pt/afl-2.42b/pt_mode/glibc-2.19/pt-build/elf/rtld-libc.a(rtld-_exit.os)
 .eh_frame      0x0000000000002418       0x30 /home/yaohui.c/work/afl-pt/afl-2.42b/pt_mode/glibc-2.19/pt-build/elf/rtld-libc.a(rtld-getpid.os)
 .eh_frame      0x0000000000002448       0x30 /home/yaohui.c/work/afl-pt/afl-2.42b/pt_mode/glibc-2.19/pt-build/elf/rtld-libc.a(rtld-setjmp.os)
 .eh_frame      0x0000000000002478       0x48 /home/yaohui.c/work/afl-pt/afl-2.42b/pt_mode/glibc-2.19/pt-build/elf/rtld-libc.a(rtld-__longjmp.os)
 .eh_frame      0x00000000000024c0       0xe8 /home/yaohui.c/work/afl-pt/afl-2.42b/pt_mode/glibc-2.19/pt-build/elf/rtld-libc.a(rtld-sigaction.os)
 .eh_frame      0x00000000000025a8       0x30 /home/yaohui.c/work/afl-pt/afl-2.42b/pt_mode/glibc-2.19/pt-build/elf/rtld-libc.a(rtld-strchr.os)
 .eh_frame      0x00000000000025d8       0x30 /home/yaohui.c/work/afl-pt/afl-2.42b/pt_mode/glibc-2.19/pt-build/elf/rtld-libc.a(rtld-strcmp.os)
 .eh_frame      0x0000000000002608       0x30 /home/yaohui.c/work/afl-pt/afl-2.42b/pt_mode/glibc-2.19/pt-build/elf/rtld-libc.a(rtld-strcpy.os)
 .eh_frame      0x0000000000002638       0x30 /home/yaohui.c/work/afl-pt/afl-2.42b/pt_mode/glibc-2.19/pt-build/elf/rtld-libc.a(rtld-strlen.os)
 .eh_frame      0x0000000000002668       0x30 /home/yaohui.c/work/afl-pt/afl-2.42b/pt_mode/glibc-2.19/pt-build/elf/rtld-libc.a(rtld-strnlen.os)
 .eh_frame      0x0000000000002698       0x30 /home/yaohui.c/work/afl-pt/afl-2.42b/pt_mode/glibc-2.19/pt-build/elf/rtld-libc.a(rtld-memchr.os)
 .eh_frame      0x00000000000026c8       0x68 /home/yaohui.c/work/afl-pt/afl-2.42b/pt_mode/glibc-2.19/pt-build/elf/rtld-libc.a(rtld-memcmp.os)
 .eh_frame      0x0000000000002730       0x60 /home/yaohui.c/work/afl-pt/afl-2.42b/pt_mode/glibc-2.19/pt-build/elf/rtld-libc.a(rtld-memmove.os)
 .eh_frame      0x0000000000002790       0x30 /home/yaohui.c/work/afl-pt/afl-2.42b/pt_mode/glibc-2.19/pt-build/elf/rtld-libc.a(rtld-memset.os)
 .eh_frame      0x00000000000027c0       0x30 /home/yaohui.c/work/afl-pt/afl-2.42b/pt_mode/glibc-2.19/pt-build/elf/rtld-libc.a(rtld-mempcpy.os)
 .eh_frame      0x00000000000027f0       0x30 /home/yaohui.c/work/afl-pt/afl-2.42b/pt_mode/glibc-2.19/pt-build/elf/rtld-libc.a(rtld-stpcpy.os)
 .eh_frame      0x0000000000002820       0x30 /home/yaohui.c/work/afl-pt/afl-2.42b/pt_mode/glibc-2.19/pt-build/elf/rtld-libc.a(rtld-memcpy.os)
 .eh_frame      0x0000000000002850       0xa0 /home/yaohui.c/work/afl-pt/afl-2.42b/pt_mode/glibc-2.19/pt-build/elf/rtld-libc.a(rtld-wordcopy.os)
 .eh_frame      0x00000000000028f0       0x30 /home/yaohui.c/work/afl-pt/afl-2.42b/pt_mode/glibc-2.19/pt-build/elf/rtld-libc.a(rtld-rawmemchr.os)
 .eh_frame      0x0000000000002920       0x30 /home/yaohui.c/work/afl-pt/afl-2.42b/pt_mode/glibc-2.19/pt-build/elf/rtld-libc.a(rtld-setitimer.os)

.gcc_except_table
 *(.gcc_except_table .gcc_except_table.*)

.exception_ranges
 *(.exception_ranges .exception_ranges*)

.eh_frame
 *(.eh_frame)

.gcc_except_table
 *(.gcc_except_table .gcc_except_table.*)

.exception_ranges
 *(.exception_ranges .exception_ranges*)

.tdata
 *(.tdata)

.tbss
 *(.tbss)

.preinit_array
 *(.preinit_array)

.jcr
 *(.jcr)

.dynamic
 *(.dynamic)

.got
 *(.got)
 *(.igot)

.got.plt
 *(.got.plt)
 *(.igot.plt)

.data           0x0000000000000000      0xf84
 *(.data)
 .data          0x0000000000000000      0xf84 /home/yaohui.c/work/afl-pt/afl-2.42b/pt_mode/glibc-2.19/pt-build/elf/dl-allobjs.os
                0x0000000000000000                _rtld_global
                0x0000000000000000                _rtld_local
 .data          0x0000000000000f84        0x0 /home/yaohui.c/work/afl-pt/afl-2.42b/pt_mode/glibc-2.19/pt-build/elf/rtld-libc.a(rtld-check_fds.os)
 .data          0x0000000000000f84        0x0 /home/yaohui.c/work/afl-pt/afl-2.42b/pt_mode/glibc-2.19/pt-build/elf/rtld-libc.a(rtld-errno.os)
 .data          0x0000000000000f84        0x0 /home/yaohui.c/work/afl-pt/afl-2.42b/pt_mode/glibc-2.19/pt-build/elf/rtld-libc.a(rtld-closedir.os)
 .data          0x0000000000000f84        0x0 /home/yaohui.c/work/afl-pt/afl-2.42b/pt_mode/glibc-2.19/pt-build/elf/rtld-libc.a(rtld-readdir.os)
 .data          0x0000000000000f84        0x0 /home/yaohui.c/work/afl-pt/afl-2.42b/pt_mode/glibc-2.19/pt-build/elf/rtld-libc.a(rtld-rewinddir.os)
 .data          0x0000000000000f84        0x0 /home/yaohui.c/work/afl-pt/afl-2.42b/pt_mode/glibc-2.19/pt-build/elf/rtld-libc.a(rtld-getdents.os)
 .data          0x0000000000000f84        0x0 /home/yaohui.c/work/afl-pt/afl-2.42b/pt_mode/glibc-2.19/pt-build/elf/rtld-libc.a(rtld-fdopendir.os)
 .data          0x0000000000000f84        0x0 /home/yaohui.c/work/afl-pt/afl-2.42b/pt_mode/glibc-2.19/pt-build/elf/rtld-libc.a(rtld-profil.os)
 .data          0x0000000000000f84        0x0 /home/yaohui.c/work/afl-pt/afl-2.42b/pt_mode/glibc-2.19/pt-build/elf/rtld-libc.a(rtld-prof-freq.os)
 .data          0x0000000000000f84        0x0 /home/yaohui.c/work/afl-pt/afl-2.42b/pt_mode/glibc-2.19/pt-build/elf/rtld-libc.a(rtld-xstat.os)
 .data          0x0000000000000f84        0x0 /home/yaohui.c/work/afl-pt/afl-2.42b/pt_mode/glibc-2.19/pt-build/elf/rtld-libc.a(rtld-fxstat.os)
 .data          0x0000000000000f84        0x0 /home/yaohui.c/work/afl-pt/afl-2.42b/pt_mode/glibc-2.19/pt-build/elf/rtld-libc.a(rtld-lxstat.os)
 .data          0x0000000000000f84        0x0 /home/yaohui.c/work/afl-pt/afl-2.42b/pt_mode/glibc-2.19/pt-build/elf/rtld-libc.a(rtld-open.os)
 .data          0x0000000000000f84        0x0 /home/yaohui.c/work/afl-pt/afl-2.42b/pt_mode/glibc-2.19/pt-build/elf/rtld-libc.a(rtld-read.os)
 .data          0x0000000000000f84        0x0 /home/yaohui.c/work/afl-pt/afl-2.42b/pt_mode/glibc-2.19/pt-build/elf/rtld-libc.a(rtld-write.os)
 .data          0x0000000000000f84        0x0 /home/yaohui.c/work/afl-pt/afl-2.42b/pt_mode/glibc-2.19/pt-build/elf/rtld-libc.a(rtld-access.os)
 .data          0x0000000000000f84        0x0 /home/yaohui.c/work/afl-pt/afl-2.42b/pt_mode/glibc-2.19/pt-build/elf/rtld-libc.a(rtld-fcntl.os)
 .data          0x0000000000000f84        0x0 /home/yaohui.c/work/afl-pt/afl-2.42b/pt_mode/glibc-2.19/pt-build/elf/rtld-libc.a(rtld-close.os)
 .data          0x0000000000000f84        0x0 /home/yaohui.c/work/afl-pt/afl-2.42b/pt_mode/glibc-2.19/pt-build/elf/rtld-libc.a(rtld-mmap.os)
 .data          0x0000000000000f84        0x0 /home/yaohui.c/work/afl-pt/afl-2.42b/pt_mode/glibc-2.19/pt-build/elf/rtld-libc.a(rtld-munmap.os)
 .data          0x0000000000000f84        0x0 /home/yaohui.c/work/afl-pt/afl-2.42b/pt_mode/glibc-2.19/pt-build/elf/rtld-libc.a(rtld-mprotect.os)
 .data          0x0000000000000f84        0x0 /home/yaohui.c/work/afl-pt/afl-2.42b/pt_mode/glibc-2.19/pt-build/elf/rtld-libc.a(rtld-llseek.os)
 .data          0x0000000000000f84        0x0 /home/yaohui.c/work/afl-pt/afl-2.42b/pt_mode/glibc-2.19/pt-build/elf/rtld-libc.a(rtld-uname.os)
 .data          0x0000000000000f84        0x0 /home/yaohui.c/work/afl-pt/afl-2.42b/pt_mode/glibc-2.19/pt-build/elf/rtld-libc.a(rtld-waitpid.os)
 .data          0x0000000000000f84        0x0 /home/yaohui.c/work/afl-pt/afl-2.42b/pt_mode/glibc-2.19/pt-build/elf/rtld-libc.a(rtld-_exit.os)
 .data          0x0000000000000f84        0x0 /home/yaohui.c/work/afl-pt/afl-2.42b/pt_mode/glibc-2.19/pt-build/elf/rtld-libc.a(rtld-getpid.os)
 .data          0x0000000000000f84        0x0 /home/yaohui.c/work/afl-pt/afl-2.42b/pt_mode/glibc-2.19/pt-build/elf/rtld-libc.a(rtld-environ.os)
 .data          0x0000000000000f84        0x0 /home/yaohui.c/work/afl-pt/afl-2.42b/pt_mode/glibc-2.19/pt-build/elf/rtld-libc.a(rtld-setjmp.os)
 .data          0x0000000000000f84        0x0 /home/yaohui.c/work/afl-pt/afl-2.42b/pt_mode/glibc-2.19/pt-build/elf/rtld-libc.a(rtld-__longjmp.os)
 .data          0x0000000000000f84        0x0 /home/yaohui.c/work/afl-pt/afl-2.42b/pt_mode/glibc-2.19/pt-build/elf/rtld-libc.a(rtld-sigaction.os)
 .data          0x0000000000000f84        0x0 /home/yaohui.c/work/afl-pt/afl-2.42b/pt_mode/glibc-2.19/pt-build/elf/rtld-libc.a(rtld-strchr.os)
 .data          0x0000000000000f84        0x0 /home/yaohui.c/work/afl-pt/afl-2.42b/pt_mode/glibc-2.19/pt-build/elf/rtld-libc.a(rtld-strcmp.os)
 .data          0x0000000000000f84        0x0 /home/yaohui.c/work/afl-pt/afl-2.42b/pt_mode/glibc-2.19/pt-build/elf/rtld-libc.a(rtld-strcpy.os)
 .data          0x0000000000000f84        0x0 /home/yaohui.c/work/afl-pt/afl-2.42b/pt_mode/glibc-2.19/pt-build/elf/rtld-libc.a(rtld-strlen.os)
 .data          0x0000000000000f84        0x0 /home/yaohui.c/work/afl-pt/afl-2.42b/pt_mode/glibc-2.19/pt-build/elf/rtld-libc.a(rtld-strnlen.os)
 .data          0x0000000000000f84        0x0 /home/yaohui.c/work/afl-pt/afl-2.42b/pt_mode/glibc-2.19/pt-build/elf/rtld-libc.a(rtld-memchr.os)
 .data          0x0000000000000f84        0x0 /home/yaohui.c/work/afl-pt/afl-2.42b/pt_mode/glibc-2.19/pt-build/elf/rtld-libc.a(rtld-memcmp.os)
 .data          0x0000000000000f84        0x0 /home/yaohui.c/work/afl-pt/afl-2.42b/pt_mode/glibc-2.19/pt-build/elf/rtld-libc.a(rtld-memmove.os)
 .data          0x0000000000000f84        0x0 /home/yaohui.c/work/afl-pt/afl-2.42b/pt_mode/glibc-2.19/pt-build/elf/rtld-libc.a(rtld-memset.os)
 .data          0x0000000000000f84        0x0 /home/yaohui.c/work/afl-pt/afl-2.42b/pt_mode/glibc-2.19/pt-build/elf/rtld-libc.a(rtld-mempcpy.os)
 .data          0x0000000000000f84        0x0 /home/yaohui.c/work/afl-pt/afl-2.42b/pt_mode/glibc-2.19/pt-build/elf/rtld-libc.a(rtld-stpcpy.os)
 .data          0x0000000000000f84        0x0 /home/yaohui.c/work/afl-pt/afl-2.42b/pt_mode/glibc-2.19/pt-build/elf/rtld-libc.a(rtld-memcpy.os)
 .data          0x0000000000000f84        0x0 /home/yaohui.c/work/afl-pt/afl-2.42b/pt_mode/glibc-2.19/pt-build/elf/rtld-libc.a(rtld-wordcopy.os)
 .data          0x0000000000000f84        0x0 /home/yaohui.c/work/afl-pt/afl-2.42b/pt_mode/glibc-2.19/pt-build/elf/rtld-libc.a(rtld-rawmemchr.os)
 .data          0x0000000000000f84        0x0 /home/yaohui.c/work/afl-pt/afl-2.42b/pt_mode/glibc-2.19/pt-build/elf/rtld-libc.a(rtld-setitimer.os)

.data.rel.ro    0x0000000000000000      0x26c
 .data.rel.ro   0x0000000000000000      0x26c /home/yaohui.c/work/afl-pt/afl-2.42b/pt_mode/glibc-2.19/pt-build/elf/dl-allobjs.os
                0x00000000000000c0                _rtld_global_ro
                0x00000000000000c0                _rtld_local_ro
                0x00000000000001f0                __pointer_chk_guard_local
                0x00000000000001f8                _dl_skip_args
                0x0000000000000200                _dl_argv_internal
                0x0000000000000200                _dl_argv
                0x0000000000000208                _dl_argc
                0x0000000000000250                __stack_prot
                0x0000000000000258                _dl_random
                0x0000000000000260                __libc_stack_end
                0x0000000000000260                __GI___libc_stack_end
                0x0000000000000268                __libc_enable_secure_internal
                0x0000000000000268                __libc_enable_secure

.data1
 *(.data1)

.bss            0x0000000000000000      0x158
 *(.dynbss)
 *(.bss)
 .bss           0x0000000000000000      0x124 /home/yaohui.c/work/afl-pt/afl-2.42b/pt_mode/glibc-2.19/pt-build/elf/dl-allobjs.os
                0x00000000000000f8                __libc_multiple_libcs
                0x0000000000000118                __curbrk
 .bss           0x0000000000000124        0x0 /home/yaohui.c/work/afl-pt/afl-2.42b/pt_mode/glibc-2.19/pt-build/elf/rtld-libc.a(rtld-check_fds.os)
 .bss           0x0000000000000124        0x0 /home/yaohui.c/work/afl-pt/afl-2.42b/pt_mode/glibc-2.19/pt-build/elf/rtld-libc.a(rtld-errno.os)
 .bss           0x0000000000000124        0x0 /home/yaohui.c/work/afl-pt/afl-2.42b/pt_mode/glibc-2.19/pt-build/elf/rtld-libc.a(rtld-closedir.os)
 .bss           0x0000000000000124        0x0 /home/yaohui.c/work/afl-pt/afl-2.42b/pt_mode/glibc-2.19/pt-build/elf/rtld-libc.a(rtld-readdir.os)
 .bss           0x0000000000000124        0x0 /home/yaohui.c/work/afl-pt/afl-2.42b/pt_mode/glibc-2.19/pt-build/elf/rtld-libc.a(rtld-rewinddir.os)
 .bss           0x0000000000000124        0x0 /home/yaohui.c/work/afl-pt/afl-2.42b/pt_mode/glibc-2.19/pt-build/elf/rtld-libc.a(rtld-getdents.os)
 .bss           0x0000000000000124        0x0 /home/yaohui.c/work/afl-pt/afl-2.42b/pt_mode/glibc-2.19/pt-build/elf/rtld-libc.a(rtld-fdopendir.os)
 *fill*         0x0000000000000124        0x4 
 .bss           0x0000000000000128       0x20 /home/yaohui.c/work/afl-pt/afl-2.42b/pt_mode/glibc-2.19/pt-build/elf/rtld-libc.a(rtld-profil.os)
 .bss           0x0000000000000148        0x0 /home/yaohui.c/work/afl-pt/afl-2.42b/pt_mode/glibc-2.19/pt-build/elf/rtld-libc.a(rtld-prof-freq.os)
 .bss           0x0000000000000148        0x0 /home/yaohui.c/work/afl-pt/afl-2.42b/pt_mode/glibc-2.19/pt-build/elf/rtld-libc.a(rtld-xstat.os)
 .bss           0x0000000000000148        0x0 /home/yaohui.c/work/afl-pt/afl-2.42b/pt_mode/glibc-2.19/pt-build/elf/rtld-libc.a(rtld-fxstat.os)
 .bss           0x0000000000000148        0x0 /home/yaohui.c/work/afl-pt/afl-2.42b/pt_mode/glibc-2.19/pt-build/elf/rtld-libc.a(rtld-lxstat.os)
 .bss           0x0000000000000148        0x0 /home/yaohui.c/work/afl-pt/afl-2.42b/pt_mode/glibc-2.19/pt-build/elf/rtld-libc.a(rtld-open.os)
 .bss           0x0000000000000148        0x0 /home/yaohui.c/work/afl-pt/afl-2.42b/pt_mode/glibc-2.19/pt-build/elf/rtld-libc.a(rtld-read.os)
 .bss           0x0000000000000148        0x0 /home/yaohui.c/work/afl-pt/afl-2.42b/pt_mode/glibc-2.19/pt-build/elf/rtld-libc.a(rtld-write.os)
 .bss           0x0000000000000148        0x0 /home/yaohui.c/work/afl-pt/afl-2.42b/pt_mode/glibc-2.19/pt-build/elf/rtld-libc.a(rtld-access.os)
 .bss           0x0000000000000148        0x4 /home/yaohui.c/work/afl-pt/afl-2.42b/pt_mode/glibc-2.19/pt-build/elf/rtld-libc.a(rtld-fcntl.os)
 .bss           0x000000000000014c        0x0 /home/yaohui.c/work/afl-pt/afl-2.42b/pt_mode/glibc-2.19/pt-build/elf/rtld-libc.a(rtld-close.os)
 .bss           0x000000000000014c        0x0 /home/yaohui.c/work/afl-pt/afl-2.42b/pt_mode/glibc-2.19/pt-build/elf/rtld-libc.a(rtld-mmap.os)
 .bss           0x000000000000014c        0x0 /home/yaohui.c/work/afl-pt/afl-2.42b/pt_mode/glibc-2.19/pt-build/elf/rtld-libc.a(rtld-munmap.os)
 .bss           0x000000000000014c        0x0 /home/yaohui.c/work/afl-pt/afl-2.42b/pt_mode/glibc-2.19/pt-build/elf/rtld-libc.a(rtld-mprotect.os)
 .bss           0x000000000000014c        0x0 /home/yaohui.c/work/afl-pt/afl-2.42b/pt_mode/glibc-2.19/pt-build/elf/rtld-libc.a(rtld-llseek.os)
 .bss           0x000000000000014c        0x0 /home/yaohui.c/work/afl-pt/afl-2.42b/pt_mode/glibc-2.19/pt-build/elf/rtld-libc.a(rtld-uname.os)
 .bss           0x000000000000014c        0x0 /home/yaohui.c/work/afl-pt/afl-2.42b/pt_mode/glibc-2.19/pt-build/elf/rtld-libc.a(rtld-waitpid.os)
 .bss           0x000000000000014c        0x0 /home/yaohui.c/work/afl-pt/afl-2.42b/pt_mode/glibc-2.19/pt-build/elf/rtld-libc.a(rtld-_exit.os)
 .bss           0x000000000000014c        0x0 /home/yaohui.c/work/afl-pt/afl-2.42b/pt_mode/glibc-2.19/pt-build/elf/rtld-libc.a(rtld-getpid.os)
 *fill*         0x000000000000014c        0x4 
 .bss           0x0000000000000150        0x8 /home/yaohui.c/work/afl-pt/afl-2.42b/pt_mode/glibc-2.19/pt-build/elf/rtld-libc.a(rtld-environ.os)
                0x0000000000000150                _environ
                0x0000000000000150                __environ
                0x0000000000000150                environ
 .bss           0x0000000000000158        0x0 /home/yaohui.c/work/afl-pt/afl-2.42b/pt_mode/glibc-2.19/pt-build/elf/rtld-libc.a(rtld-setjmp.os)
 .bss           0x0000000000000158        0x0 /home/yaohui.c/work/afl-pt/afl-2.42b/pt_mode/glibc-2.19/pt-build/elf/rtld-libc.a(rtld-__longjmp.os)
 .bss           0x0000000000000158        0x0 /home/yaohui.c/work/afl-pt/afl-2.42b/pt_mode/glibc-2.19/pt-build/elf/rtld-libc.a(rtld-sigaction.os)
 .bss           0x0000000000000158        0x0 /home/yaohui.c/work/afl-pt/afl-2.42b/pt_mode/glibc-2.19/pt-build/elf/rtld-libc.a(rtld-strchr.os)
 .bss           0x0000000000000158        0x0 /home/yaohui.c/work/afl-pt/afl-2.42b/pt_mode/glibc-2.19/pt-build/elf/rtld-libc.a(rtld-strcmp.os)
 .bss           0x0000000000000158        0x0 /home/yaohui.c/work/afl-pt/afl-2.42b/pt_mode/glibc-2.19/pt-build/elf/rtld-libc.a(rtld-strcpy.os)
 .bss           0x0000000000000158        0x0 /home/yaohui.c/work/afl-pt/afl-2.42b/pt_mode/glibc-2.19/pt-build/elf/rtld-libc.a(rtld-strlen.os)
 .bss           0x0000000000000158        0x0 /home/yaohui.c/work/afl-pt/afl-2.42b/pt_mode/glibc-2.19/pt-build/elf/rtld-libc.a(rtld-strnlen.os)
 .bss           0x0000000000000158        0x0 /home/yaohui.c/work/afl-pt/afl-2.42b/pt_mode/glibc-2.19/pt-build/elf/rtld-libc.a(rtld-memchr.os)
 .bss           0x0000000000000158        0x0 /home/yaohui.c/work/afl-pt/afl-2.42b/pt_mode/glibc-2.19/pt-build/elf/rtld-libc.a(rtld-memcmp.os)
 .bss           0x0000000000000158        0x0 /home/yaohui.c/work/afl-pt/afl-2.42b/pt_mode/glibc-2.19/pt-build/elf/rtld-libc.a(rtld-memmove.os)
 .bss           0x0000000000000158        0x0 /home/yaohui.c/work/afl-pt/afl-2.42b/pt_mode/glibc-2.19/pt-build/elf/rtld-libc.a(rtld-memset.os)
 .bss           0x0000000000000158        0x0 /home/yaohui.c/work/afl-pt/afl-2.42b/pt_mode/glibc-2.19/pt-build/elf/rtld-libc.a(rtld-mempcpy.os)
 .bss           0x0000000000000158        0x0 /home/yaohui.c/work/afl-pt/afl-2.42b/pt_mode/glibc-2.19/pt-build/elf/rtld-libc.a(rtld-stpcpy.os)
 .bss           0x0000000000000158        0x0 /home/yaohui.c/work/afl-pt/afl-2.42b/pt_mode/glibc-2.19/pt-build/elf/rtld-libc.a(rtld-memcpy.os)
 .bss           0x0000000000000158        0x0 /home/yaohui.c/work/afl-pt/afl-2.42b/pt_mode/glibc-2.19/pt-build/elf/rtld-libc.a(rtld-wordcopy.os)
 .bss           0x0000000000000158        0x0 /home/yaohui.c/work/afl-pt/afl-2.42b/pt_mode/glibc-2.19/pt-build/elf/rtld-libc.a(rtld-rawmemchr.os)
 .bss           0x0000000000000158        0x0 /home/yaohui.c/work/afl-pt/afl-2.42b/pt_mode/glibc-2.19/pt-build/elf/rtld-libc.a(rtld-setitimer.os)
 *(COMMON)
 COMMON         0x0000000000000158        0x0 /home/yaohui.c/work/afl-pt/afl-2.42b/pt_mode/glibc-2.19/pt-build/elf/dl-allobjs.os
 COMMON         0x0000000000000158        0x0 /home/yaohui.c/work/afl-pt/afl-2.42b/pt_mode/glibc-2.19/pt-build/elf/rtld-libc.a(rtld-errno.os)

.lbss
 *(.dynlbss)
 *(.lbss)
 *(LARGE_COMMON)

.lrodata
 *(.lrodata)

.ldata
 *(.ldata)

.stab
 *(.stab)

.stabstr
 *(.stabstr)

.stab.excl
 *(.stab.excl)

.stab.exclstr
 *(.stab.exclstr)

.stab.index
 *(.stab.index)

.stab.indexstr
 *(.stab.indexstr)

.comment        0x0000000000000000      0x974
 *(.comment)
 .comment       0x0000000000000000      0x5d8 /home/yaohui.c/work/afl-pt/afl-2.42b/pt_mode/glibc-2.19/pt-build/elf/dl-allobjs.os
 .comment       0x00000000000005d8       0x2c /home/yaohui.c/work/afl-pt/afl-2.42b/pt_mode/glibc-2.19/pt-build/elf/rtld-libc.a(rtld-check_fds.os)
 .comment       0x0000000000000604       0x2c /home/yaohui.c/work/afl-pt/afl-2.42b/pt_mode/glibc-2.19/pt-build/elf/rtld-libc.a(rtld-errno.os)
 .comment       0x0000000000000630       0x2c /home/yaohui.c/work/afl-pt/afl-2.42b/pt_mode/glibc-2.19/pt-build/elf/rtld-libc.a(rtld-closedir.os)
 .comment       0x000000000000065c       0x2c /home/yaohui.c/work/afl-pt/afl-2.42b/pt_mode/glibc-2.19/pt-build/elf/rtld-libc.a(rtld-readdir.os)
 .comment       0x0000000000000688       0x2c /home/yaohui.c/work/afl-pt/afl-2.42b/pt_mode/glibc-2.19/pt-build/elf/rtld-libc.a(rtld-rewinddir.os)
 .comment       0x00000000000006b4       0x2c /home/yaohui.c/work/afl-pt/afl-2.42b/pt_mode/glibc-2.19/pt-build/elf/rtld-libc.a(rtld-getdents.os)
 .comment       0x00000000000006e0       0x2c /home/yaohui.c/work/afl-pt/afl-2.42b/pt_mode/glibc-2.19/pt-build/elf/rtld-libc.a(rtld-fdopendir.os)
 .comment       0x000000000000070c       0x2c /home/yaohui.c/work/afl-pt/afl-2.42b/pt_mode/glibc-2.19/pt-build/elf/rtld-libc.a(rtld-profil.os)
 .comment       0x0000000000000738       0x2c /home/yaohui.c/work/afl-pt/afl-2.42b/pt_mode/glibc-2.19/pt-build/elf/rtld-libc.a(rtld-prof-freq.os)
 .comment       0x0000000000000764       0x2c /home/yaohui.c/work/afl-pt/afl-2.42b/pt_mode/glibc-2.19/pt-build/elf/rtld-libc.a(rtld-xstat.os)
 .comment       0x0000000000000790       0x2c /home/yaohui.c/work/afl-pt/afl-2.42b/pt_mode/glibc-2.19/pt-build/elf/rtld-libc.a(rtld-fxstat.os)
 .comment       0x00000000000007bc       0x2c /home/yaohui.c/work/afl-pt/afl-2.42b/pt_mode/glibc-2.19/pt-build/elf/rtld-libc.a(rtld-lxstat.os)
 .comment       0x00000000000007e8       0x2c /home/yaohui.c/work/afl-pt/afl-2.42b/pt_mode/glibc-2.19/pt-build/elf/rtld-libc.a(rtld-fcntl.os)
 .comment       0x0000000000000814       0x2c /home/yaohui.c/work/afl-pt/afl-2.42b/pt_mode/glibc-2.19/pt-build/elf/rtld-libc.a(rtld-waitpid.os)
 .comment       0x0000000000000840       0x2c /home/yaohui.c/work/afl-pt/afl-2.42b/pt_mode/glibc-2.19/pt-build/elf/rtld-libc.a(rtld-_exit.os)
 .comment       0x000000000000086c       0x2c /home/yaohui.c/work/afl-pt/afl-2.42b/pt_mode/glibc-2.19/pt-build/elf/rtld-libc.a(rtld-getpid.os)
 .comment       0x0000000000000898       0x2c /home/yaohui.c/work/afl-pt/afl-2.42b/pt_mode/glibc-2.19/pt-build/elf/rtld-libc.a(rtld-environ.os)
 .comment       0x00000000000008c4       0x2c /home/yaohui.c/work/afl-pt/afl-2.42b/pt_mode/glibc-2.19/pt-build/elf/rtld-libc.a(rtld-sigaction.os)
 .comment       0x00000000000008f0       0x2c /home/yaohui.c/work/afl-pt/afl-2.42b/pt_mode/glibc-2.19/pt-build/elf/rtld-libc.a(rtld-memcmp.os)
 .comment       0x000000000000091c       0x2c /home/yaohui.c/work/afl-pt/afl-2.42b/pt_mode/glibc-2.19/pt-build/elf/rtld-libc.a(rtld-memmove.os)
 .comment       0x0000000000000948       0x2c /home/yaohui.c/work/afl-pt/afl-2.42b/pt_mode/glibc-2.19/pt-build/elf/rtld-libc.a(rtld-wordcopy.os)

.note.GNU-stack
                0x0000000000000000        0x0
 .note.GNU-stack
                0x0000000000000000        0x0 /home/yaohui.c/work/afl-pt/afl-2.42b/pt_mode/glibc-2.19/pt-build/elf/dl-allobjs.os
 .note.GNU-stack
                0x0000000000000000        0x0 /home/yaohui.c/work/afl-pt/afl-2.42b/pt_mode/glibc-2.19/pt-build/elf/rtld-libc.a(rtld-check_fds.os)
 .note.GNU-stack
                0x0000000000000000        0x0 /home/yaohui.c/work/afl-pt/afl-2.42b/pt_mode/glibc-2.19/pt-build/elf/rtld-libc.a(rtld-errno.os)
 .note.GNU-stack
                0x0000000000000000        0x0 /home/yaohui.c/work/afl-pt/afl-2.42b/pt_mode/glibc-2.19/pt-build/elf/rtld-libc.a(rtld-closedir.os)
 .note.GNU-stack
                0x0000000000000000        0x0 /home/yaohui.c/work/afl-pt/afl-2.42b/pt_mode/glibc-2.19/pt-build/elf/rtld-libc.a(rtld-readdir.os)
 .note.GNU-stack
                0x0000000000000000        0x0 /home/yaohui.c/work/afl-pt/afl-2.42b/pt_mode/glibc-2.19/pt-build/elf/rtld-libc.a(rtld-rewinddir.os)
 .note.GNU-stack
                0x0000000000000000        0x0 /home/yaohui.c/work/afl-pt/afl-2.42b/pt_mode/glibc-2.19/pt-build/elf/rtld-libc.a(rtld-getdents.os)
 .note.GNU-stack
                0x0000000000000000        0x0 /home/yaohui.c/work/afl-pt/afl-2.42b/pt_mode/glibc-2.19/pt-build/elf/rtld-libc.a(rtld-fdopendir.os)
 .note.GNU-stack
                0x0000000000000000        0x0 /home/yaohui.c/work/afl-pt/afl-2.42b/pt_mode/glibc-2.19/pt-build/elf/rtld-libc.a(rtld-profil.os)
 .note.GNU-stack
                0x0000000000000000        0x0 /home/yaohui.c/work/afl-pt/afl-2.42b/pt_mode/glibc-2.19/pt-build/elf/rtld-libc.a(rtld-prof-freq.os)
 .note.GNU-stack
                0x0000000000000000        0x0 /home/yaohui.c/work/afl-pt/afl-2.42b/pt_mode/glibc-2.19/pt-build/elf/rtld-libc.a(rtld-xstat.os)
 .note.GNU-stack
                0x0000000000000000        0x0 /home/yaohui.c/work/afl-pt/afl-2.42b/pt_mode/glibc-2.19/pt-build/elf/rtld-libc.a(rtld-fxstat.os)
 .note.GNU-stack
                0x0000000000000000        0x0 /home/yaohui.c/work/afl-pt/afl-2.42b/pt_mode/glibc-2.19/pt-build/elf/rtld-libc.a(rtld-lxstat.os)
 .note.GNU-stack
                0x0000000000000000        0x0 /home/yaohui.c/work/afl-pt/afl-2.42b/pt_mode/glibc-2.19/pt-build/elf/rtld-libc.a(rtld-open.os)
 .note.GNU-stack
                0x0000000000000000        0x0 /home/yaohui.c/work/afl-pt/afl-2.42b/pt_mode/glibc-2.19/pt-build/elf/rtld-libc.a(rtld-read.os)
 .note.GNU-stack
                0x0000000000000000        0x0 /home/yaohui.c/work/afl-pt/afl-2.42b/pt_mode/glibc-2.19/pt-build/elf/rtld-libc.a(rtld-write.os)
 .note.GNU-stack
                0x0000000000000000        0x0 /home/yaohui.c/work/afl-pt/afl-2.42b/pt_mode/glibc-2.19/pt-build/elf/rtld-libc.a(rtld-access.os)
 .note.GNU-stack
                0x0000000000000000        0x0 /home/yaohui.c/work/afl-pt/afl-2.42b/pt_mode/glibc-2.19/pt-build/elf/rtld-libc.a(rtld-fcntl.os)
 .note.GNU-stack
                0x0000000000000000        0x0 /home/yaohui.c/work/afl-pt/afl-2.42b/pt_mode/glibc-2.19/pt-build/elf/rtld-libc.a(rtld-close.os)
 .note.GNU-stack
                0x0000000000000000        0x0 /home/yaohui.c/work/afl-pt/afl-2.42b/pt_mode/glibc-2.19/pt-build/elf/rtld-libc.a(rtld-mmap.os)
 .note.GNU-stack
                0x0000000000000000        0x0 /home/yaohui.c/work/afl-pt/afl-2.42b/pt_mode/glibc-2.19/pt-build/elf/rtld-libc.a(rtld-munmap.os)
 .note.GNU-stack
                0x0000000000000000        0x0 /home/yaohui.c/work/afl-pt/afl-2.42b/pt_mode/glibc-2.19/pt-build/elf/rtld-libc.a(rtld-mprotect.os)
 .note.GNU-stack
                0x0000000000000000        0x0 /home/yaohui.c/work/afl-pt/afl-2.42b/pt_mode/glibc-2.19/pt-build/elf/rtld-libc.a(rtld-llseek.os)
 .note.GNU-stack
                0x0000000000000000        0x0 /home/yaohui.c/work/afl-pt/afl-2.42b/pt_mode/glibc-2.19/pt-build/elf/rtld-libc.a(rtld-uname.os)
 .note.GNU-stack
                0x0000000000000000        0x0 /home/yaohui.c/work/afl-pt/afl-2.42b/pt_mode/glibc-2.19/pt-build/elf/rtld-libc.a(rtld-waitpid.os)
 .note.GNU-stack
                0x0000000000000000        0x0 /home/yaohui.c/work/afl-pt/afl-2.42b/pt_mode/glibc-2.19/pt-build/elf/rtld-libc.a(rtld-_exit.os)
 .note.GNU-stack
                0x0000000000000000        0x0 /home/yaohui.c/work/afl-pt/afl-2.42b/pt_mode/glibc-2.19/pt-build/elf/rtld-libc.a(rtld-getpid.os)
 .note.GNU-stack
                0x0000000000000000        0x0 /home/yaohui.c/work/afl-pt/afl-2.42b/pt_mode/glibc-2.19/pt-build/elf/rtld-libc.a(rtld-environ.os)
 .note.GNU-stack
                0x0000000000000000        0x0 /home/yaohui.c/work/afl-pt/afl-2.42b/pt_mode/glibc-2.19/pt-build/elf/rtld-libc.a(rtld-setjmp.os)
 .note.GNU-stack
                0x0000000000000000        0x0 /home/yaohui.c/work/afl-pt/afl-2.42b/pt_mode/glibc-2.19/pt-build/elf/rtld-libc.a(rtld-__longjmp.os)
 .note.GNU-stack
                0x0000000000000000        0x0 /home/yaohui.c/work/afl-pt/afl-2.42b/pt_mode/glibc-2.19/pt-build/elf/rtld-libc.a(rtld-sigaction.os)
 .note.GNU-stack
                0x0000000000000000        0x0 /home/yaohui.c/work/afl-pt/afl-2.42b/pt_mode/glibc-2.19/pt-build/elf/rtld-libc.a(rtld-strchr.os)
 .note.GNU-stack
                0x0000000000000000        0x0 /home/yaohui.c/work/afl-pt/afl-2.42b/pt_mode/glibc-2.19/pt-build/elf/rtld-libc.a(rtld-strcmp.os)
 .note.GNU-stack
                0x0000000000000000        0x0 /home/yaohui.c/work/afl-pt/afl-2.42b/pt_mode/glibc-2.19/pt-build/elf/rtld-libc.a(rtld-strcpy.os)
 .note.GNU-stack
                0x0000000000000000        0x0 /home/yaohui.c/work/afl-pt/afl-2.42b/pt_mode/glibc-2.19/pt-build/elf/rtld-libc.a(rtld-strlen.os)
 .note.GNU-stack
                0x0000000000000000        0x0 /home/yaohui.c/work/afl-pt/afl-2.42b/pt_mode/glibc-2.19/pt-build/elf/rtld-libc.a(rtld-strnlen.os)
 .note.GNU-stack
                0x0000000000000000        0x0 /home/yaohui.c/work/afl-pt/afl-2.42b/pt_mode/glibc-2.19/pt-build/elf/rtld-libc.a(rtld-memchr.os)
 .note.GNU-stack
                0x0000000000000000        0x0 /home/yaohui.c/work/afl-pt/afl-2.42b/pt_mode/glibc-2.19/pt-build/elf/rtld-libc.a(rtld-memcmp.os)
 .note.GNU-stack
                0x0000000000000000        0x0 /home/yaohui.c/work/afl-pt/afl-2.42b/pt_mode/glibc-2.19/pt-build/elf/rtld-libc.a(rtld-memmove.os)
 .note.GNU-stack
                0x0000000000000000        0x0 /home/yaohui.c/work/afl-pt/afl-2.42b/pt_mode/glibc-2.19/pt-build/elf/rtld-libc.a(rtld-memset.os)
 .note.GNU-stack
                0x0000000000000000        0x0 /home/yaohui.c/work/afl-pt/afl-2.42b/pt_mode/glibc-2.19/pt-build/elf/rtld-libc.a(rtld-mempcpy.os)
 .note.GNU-stack
                0x0000000000000000        0x0 /home/yaohui.c/work/afl-pt/afl-2.42b/pt_mode/glibc-2.19/pt-build/elf/rtld-libc.a(rtld-stpcpy.os)
 .note.GNU-stack
                0x0000000000000000        0x0 /home/yaohui.c/work/afl-pt/afl-2.42b/pt_mode/glibc-2.19/pt-build/elf/rtld-libc.a(rtld-memcpy.os)
 .note.GNU-stack
                0x0000000000000000        0x0 /home/yaohui.c/work/afl-pt/afl-2.42b/pt_mode/glibc-2.19/pt-build/elf/rtld-libc.a(rtld-wordcopy.os)
 .note.GNU-stack
                0x0000000000000000        0x0 /home/yaohui.c/work/afl-pt/afl-2.42b/pt_mode/glibc-2.19/pt-build/elf/rtld-libc.a(rtld-rawmemchr.os)
 .note.GNU-stack
                0x0000000000000000        0x0 /home/yaohui.c/work/afl-pt/afl-2.42b/pt_mode/glibc-2.19/pt-build/elf/rtld-libc.a(rtld-setitimer.os)

.debug
 *(.debug)

.line
 *(.line)

.debug_srcinfo
 *(.debug_srcinfo)

.debug_sfnames
 *(.debug_sfnames)

.debug_aranges  0x0000000000000000      0xf80
 *(.debug_aranges)
 .debug_aranges
                0x0000000000000000      0x730 /home/yaohui.c/work/afl-pt/afl-2.42b/pt_mode/glibc-2.19/pt-build/elf/dl-allobjs.os
 .debug_aranges
                0x0000000000000730       0x30 /home/yaohui.c/work/afl-pt/afl-2.42b/pt_mode/glibc-2.19/pt-build/elf/rtld-libc.a(rtld-check_fds.os)
 .debug_aranges
                0x0000000000000760       0x20 /home/yaohui.c/work/afl-pt/afl-2.42b/pt_mode/glibc-2.19/pt-build/elf/rtld-libc.a(rtld-errno.os)
 .debug_aranges
                0x0000000000000780       0x30 /home/yaohui.c/work/afl-pt/afl-2.42b/pt_mode/glibc-2.19/pt-build/elf/rtld-libc.a(rtld-closedir.os)
 .debug_aranges
                0x00000000000007b0       0x30 /home/yaohui.c/work/afl-pt/afl-2.42b/pt_mode/glibc-2.19/pt-build/elf/rtld-libc.a(rtld-readdir.os)
 .debug_aranges
                0x00000000000007e0       0x30 /home/yaohui.c/work/afl-pt/afl-2.42b/pt_mode/glibc-2.19/pt-build/elf/rtld-libc.a(rtld-rewinddir.os)
 .debug_aranges
                0x0000000000000810       0x30 /home/yaohui.c/work/afl-pt/afl-2.42b/pt_mode/glibc-2.19/pt-build/elf/rtld-libc.a(rtld-getdents.os)
 .debug_aranges
                0x0000000000000840       0x30 /home/yaohui.c/work/afl-pt/afl-2.42b/pt_mode/glibc-2.19/pt-build/elf/rtld-libc.a(rtld-fdopendir.os)
 .debug_aranges
                0x0000000000000870       0x30 /home/yaohui.c/work/afl-pt/afl-2.42b/pt_mode/glibc-2.19/pt-build/elf/rtld-libc.a(rtld-profil.os)
 .debug_aranges
                0x00000000000008a0       0x30 /home/yaohui.c/work/afl-pt/afl-2.42b/pt_mode/glibc-2.19/pt-build/elf/rtld-libc.a(rtld-prof-freq.os)
 .debug_aranges
                0x00000000000008d0       0x30 /home/yaohui.c/work/afl-pt/afl-2.42b/pt_mode/glibc-2.19/pt-build/elf/rtld-libc.a(rtld-xstat.os)
 .debug_aranges
                0x0000000000000900       0x30 /home/yaohui.c/work/afl-pt/afl-2.42b/pt_mode/glibc-2.19/pt-build/elf/rtld-libc.a(rtld-fxstat.os)
 .debug_aranges
                0x0000000000000930       0x30 /home/yaohui.c/work/afl-pt/afl-2.42b/pt_mode/glibc-2.19/pt-build/elf/rtld-libc.a(rtld-lxstat.os)
 .debug_aranges
                0x0000000000000960       0x30 /home/yaohui.c/work/afl-pt/afl-2.42b/pt_mode/glibc-2.19/pt-build/elf/rtld-libc.a(rtld-open.os)
 .debug_aranges
                0x0000000000000990       0x30 /home/yaohui.c/work/afl-pt/afl-2.42b/pt_mode/glibc-2.19/pt-build/elf/rtld-libc.a(rtld-read.os)
 .debug_aranges
                0x00000000000009c0       0x30 /home/yaohui.c/work/afl-pt/afl-2.42b/pt_mode/glibc-2.19/pt-build/elf/rtld-libc.a(rtld-write.os)
 .debug_aranges
                0x00000000000009f0       0x30 /home/yaohui.c/work/afl-pt/afl-2.42b/pt_mode/glibc-2.19/pt-build/elf/rtld-libc.a(rtld-access.os)
 .debug_aranges
                0x0000000000000a20       0x30 /home/yaohui.c/work/afl-pt/afl-2.42b/pt_mode/glibc-2.19/pt-build/elf/rtld-libc.a(rtld-fcntl.os)
 .debug_aranges
                0x0000000000000a50       0x30 /home/yaohui.c/work/afl-pt/afl-2.42b/pt_mode/glibc-2.19/pt-build/elf/rtld-libc.a(rtld-close.os)
 .debug_aranges
                0x0000000000000a80       0x30 /home/yaohui.c/work/afl-pt/afl-2.42b/pt_mode/glibc-2.19/pt-build/elf/rtld-libc.a(rtld-mmap.os)
 .debug_aranges
                0x0000000000000ab0       0x30 /home/yaohui.c/work/afl-pt/afl-2.42b/pt_mode/glibc-2.19/pt-build/elf/rtld-libc.a(rtld-munmap.os)
 .debug_aranges
                0x0000000000000ae0       0x30 /home/yaohui.c/work/afl-pt/afl-2.42b/pt_mode/glibc-2.19/pt-build/elf/rtld-libc.a(rtld-mprotect.os)
 .debug_aranges
                0x0000000000000b10       0x30 /home/yaohui.c/work/afl-pt/afl-2.42b/pt_mode/glibc-2.19/pt-build/elf/rtld-libc.a(rtld-llseek.os)
 .debug_aranges
                0x0000000000000b40       0x30 /home/yaohui.c/work/afl-pt/afl-2.42b/pt_mode/glibc-2.19/pt-build/elf/rtld-libc.a(rtld-uname.os)
 .debug_aranges
                0x0000000000000b70       0x30 /home/yaohui.c/work/afl-pt/afl-2.42b/pt_mode/glibc-2.19/pt-build/elf/rtld-libc.a(rtld-waitpid.os)
 .debug_aranges
                0x0000000000000ba0       0x30 /home/yaohui.c/work/afl-pt/afl-2.42b/pt_mode/glibc-2.19/pt-build/elf/rtld-libc.a(rtld-_exit.os)
 .debug_aranges
                0x0000000000000bd0       0x30 /home/yaohui.c/work/afl-pt/afl-2.42b/pt_mode/glibc-2.19/pt-build/elf/rtld-libc.a(rtld-getpid.os)
 .debug_aranges
                0x0000000000000c00       0x20 /home/yaohui.c/work/afl-pt/afl-2.42b/pt_mode/glibc-2.19/pt-build/elf/rtld-libc.a(rtld-environ.os)
 .debug_aranges
                0x0000000000000c20       0x30 /home/yaohui.c/work/afl-pt/afl-2.42b/pt_mode/glibc-2.19/pt-build/elf/rtld-libc.a(rtld-setjmp.os)
 .debug_aranges
                0x0000000000000c50       0x30 /home/yaohui.c/work/afl-pt/afl-2.42b/pt_mode/glibc-2.19/pt-build/elf/rtld-libc.a(rtld-__longjmp.os)
 .debug_aranges
                0x0000000000000c80       0x30 /home/yaohui.c/work/afl-pt/afl-2.42b/pt_mode/glibc-2.19/pt-build/elf/rtld-libc.a(rtld-sigaction.os)
 .debug_aranges
                0x0000000000000cb0       0x30 /home/yaohui.c/work/afl-pt/afl-2.42b/pt_mode/glibc-2.19/pt-build/elf/rtld-libc.a(rtld-strchr.os)
 .debug_aranges
                0x0000000000000ce0       0x30 /home/yaohui.c/work/afl-pt/afl-2.42b/pt_mode/glibc-2.19/pt-build/elf/rtld-libc.a(rtld-strcmp.os)
 .debug_aranges
                0x0000000000000d10       0x30 /home/yaohui.c/work/afl-pt/afl-2.42b/pt_mode/glibc-2.19/pt-build/elf/rtld-libc.a(rtld-strcpy.os)
 .debug_aranges
                0x0000000000000d40       0x30 /home/yaohui.c/work/afl-pt/afl-2.42b/pt_mode/glibc-2.19/pt-build/elf/rtld-libc.a(rtld-strlen.os)
 .debug_aranges
                0x0000000000000d70       0x30 /home/yaohui.c/work/afl-pt/afl-2.42b/pt_mode/glibc-2.19/pt-build/elf/rtld-libc.a(rtld-strnlen.os)
 .debug_aranges
                0x0000000000000da0       0x30 /home/yaohui.c/work/afl-pt/afl-2.42b/pt_mode/glibc-2.19/pt-build/elf/rtld-libc.a(rtld-memchr.os)
 .debug_aranges
                0x0000000000000dd0       0x30 /home/yaohui.c/work/afl-pt/afl-2.42b/pt_mode/glibc-2.19/pt-build/elf/rtld-libc.a(rtld-memcmp.os)
 .debug_aranges
                0x0000000000000e00       0x30 /home/yaohui.c/work/afl-pt/afl-2.42b/pt_mode/glibc-2.19/pt-build/elf/rtld-libc.a(rtld-memmove.os)
 .debug_aranges
                0x0000000000000e30       0x30 /home/yaohui.c/work/afl-pt/afl-2.42b/pt_mode/glibc-2.19/pt-build/elf/rtld-libc.a(rtld-memset.os)
 .debug_aranges
                0x0000000000000e60       0x30 /home/yaohui.c/work/afl-pt/afl-2.42b/pt_mode/glibc-2.19/pt-build/elf/rtld-libc.a(rtld-mempcpy.os)
 .debug_aranges
                0x0000000000000e90       0x30 /home/yaohui.c/work/afl-pt/afl-2.42b/pt_mode/glibc-2.19/pt-build/elf/rtld-libc.a(rtld-stpcpy.os)
 .debug_aranges
                0x0000000000000ec0       0x30 /home/yaohui.c/work/afl-pt/afl-2.42b/pt_mode/glibc-2.19/pt-build/elf/rtld-libc.a(rtld-memcpy.os)
 .debug_aranges
                0x0000000000000ef0       0x30 /home/yaohui.c/work/afl-pt/afl-2.42b/pt_mode/glibc-2.19/pt-build/elf/rtld-libc.a(rtld-wordcopy.os)
 .debug_aranges
                0x0000000000000f20       0x30 /home/yaohui.c/work/afl-pt/afl-2.42b/pt_mode/glibc-2.19/pt-build/elf/rtld-libc.a(rtld-rawmemchr.os)
 .debug_aranges
                0x0000000000000f50       0x30 /home/yaohui.c/work/afl-pt/afl-2.42b/pt_mode/glibc-2.19/pt-build/elf/rtld-libc.a(rtld-setitimer.os)

.debug_pubnames
 *(.debug_pubnames)

.debug_info     0x0000000000000000    0x4f54f
 *(.debug_info)
 .debug_info    0x0000000000000000    0x488a5 /home/yaohui.c/work/afl-pt/afl-2.42b/pt_mode/glibc-2.19/pt-build/elf/dl-allobjs.os
 .debug_info    0x00000000000488a5      0x492 /home/yaohui.c/work/afl-pt/afl-2.42b/pt_mode/glibc-2.19/pt-build/elf/rtld-libc.a(rtld-check_fds.os)
 .debug_info    0x0000000000048d37       0xc1 /home/yaohui.c/work/afl-pt/afl-2.42b/pt_mode/glibc-2.19/pt-build/elf/rtld-libc.a(rtld-errno.os)
 .debug_info    0x0000000000048df8      0x2a2 /home/yaohui.c/work/afl-pt/afl-2.42b/pt_mode/glibc-2.19/pt-build/elf/rtld-libc.a(rtld-closedir.os)
 .debug_info    0x000000000004909a      0x3a4 /home/yaohui.c/work/afl-pt/afl-2.42b/pt_mode/glibc-2.19/pt-build/elf/rtld-libc.a(rtld-readdir.os)
 .debug_info    0x000000000004943e      0x2bc /home/yaohui.c/work/afl-pt/afl-2.42b/pt_mode/glibc-2.19/pt-build/elf/rtld-libc.a(rtld-rewinddir.os)
 .debug_info    0x00000000000496fa      0x39f /home/yaohui.c/work/afl-pt/afl-2.42b/pt_mode/glibc-2.19/pt-build/elf/rtld-libc.a(rtld-getdents.os)
 .debug_info    0x0000000000049a99      0x4eb /home/yaohui.c/work/afl-pt/afl-2.42b/pt_mode/glibc-2.19/pt-build/elf/rtld-libc.a(rtld-fdopendir.os)
 .debug_info    0x0000000000049f84      0xa0d /home/yaohui.c/work/afl-pt/afl-2.42b/pt_mode/glibc-2.19/pt-build/elf/rtld-libc.a(rtld-profil.os)
 .debug_info    0x000000000004a991     0x1466 /home/yaohui.c/work/afl-pt/afl-2.42b/pt_mode/glibc-2.19/pt-build/elf/rtld-libc.a(rtld-prof-freq.os)
 .debug_info    0x000000000004bdf7      0x306 /home/yaohui.c/work/afl-pt/afl-2.42b/pt_mode/glibc-2.19/pt-build/elf/rtld-libc.a(rtld-xstat.os)
 .debug_info    0x000000000004c0fd      0x2fa /home/yaohui.c/work/afl-pt/afl-2.42b/pt_mode/glibc-2.19/pt-build/elf/rtld-libc.a(rtld-fxstat.os)
 .debug_info    0x000000000004c3f7      0x306 /home/yaohui.c/work/afl-pt/afl-2.42b/pt_mode/glibc-2.19/pt-build/elf/rtld-libc.a(rtld-lxstat.os)
 .debug_info    0x000000000004c6fd       0x8c /home/yaohui.c/work/afl-pt/afl-2.42b/pt_mode/glibc-2.19/pt-build/elf/rtld-libc.a(rtld-open.os)
 .debug_info    0x000000000004c789       0x8c /home/yaohui.c/work/afl-pt/afl-2.42b/pt_mode/glibc-2.19/pt-build/elf/rtld-libc.a(rtld-read.os)
 .debug_info    0x000000000004c815       0x8c /home/yaohui.c/work/afl-pt/afl-2.42b/pt_mode/glibc-2.19/pt-build/elf/rtld-libc.a(rtld-write.os)
 .debug_info    0x000000000004c8a1       0x8c /home/yaohui.c/work/afl-pt/afl-2.42b/pt_mode/glibc-2.19/pt-build/elf/rtld-libc.a(rtld-access.os)
 .debug_info    0x000000000004c92d      0x5a9 /home/yaohui.c/work/afl-pt/afl-2.42b/pt_mode/glibc-2.19/pt-build/elf/rtld-libc.a(rtld-fcntl.os)
 .debug_info    0x000000000004ced6       0x8c /home/yaohui.c/work/afl-pt/afl-2.42b/pt_mode/glibc-2.19/pt-build/elf/rtld-libc.a(rtld-close.os)
 .debug_info    0x000000000004cf62       0x8e /home/yaohui.c/work/afl-pt/afl-2.42b/pt_mode/glibc-2.19/pt-build/elf/rtld-libc.a(rtld-mmap.os)
 .debug_info    0x000000000004cff0       0x8e /home/yaohui.c/work/afl-pt/afl-2.42b/pt_mode/glibc-2.19/pt-build/elf/rtld-libc.a(rtld-munmap.os)
 .debug_info    0x000000000004d07e       0x8e /home/yaohui.c/work/afl-pt/afl-2.42b/pt_mode/glibc-2.19/pt-build/elf/rtld-libc.a(rtld-mprotect.os)
 .debug_info    0x000000000004d10c       0x8e /home/yaohui.c/work/afl-pt/afl-2.42b/pt_mode/glibc-2.19/pt-build/elf/rtld-libc.a(rtld-llseek.os)
 .debug_info    0x000000000004d19a       0x8f /home/yaohui.c/work/afl-pt/afl-2.42b/pt_mode/glibc-2.19/pt-build/elf/rtld-libc.a(rtld-uname.os)
 .debug_info    0x000000000004d229      0x297 /home/yaohui.c/work/afl-pt/afl-2.42b/pt_mode/glibc-2.19/pt-build/elf/rtld-libc.a(rtld-waitpid.os)
 .debug_info    0x000000000004d4c0      0x18e /home/yaohui.c/work/afl-pt/afl-2.42b/pt_mode/glibc-2.19/pt-build/elf/rtld-libc.a(rtld-_exit.os)
 .debug_info    0x000000000004d64e      0x121 /home/yaohui.c/work/afl-pt/afl-2.42b/pt_mode/glibc-2.19/pt-build/elf/rtld-libc.a(rtld-getpid.os)
 .debug_info    0x000000000004d76f       0xaf /home/yaohui.c/work/afl-pt/afl-2.42b/pt_mode/glibc-2.19/pt-build/elf/rtld-libc.a(rtld-environ.os)
 .debug_info    0x000000000004d81e       0x88 /home/yaohui.c/work/afl-pt/afl-2.42b/pt_mode/glibc-2.19/pt-build/elf/rtld-libc.a(rtld-setjmp.os)
 .debug_info    0x000000000004d8a6       0x8b /home/yaohui.c/work/afl-pt/afl-2.42b/pt_mode/glibc-2.19/pt-build/elf/rtld-libc.a(rtld-__longjmp.os)
 .debug_info    0x000000000004d931      0x66c /home/yaohui.c/work/afl-pt/afl-2.42b/pt_mode/glibc-2.19/pt-build/elf/rtld-libc.a(rtld-sigaction.os)
 .debug_info    0x000000000004df9d       0x95 /home/yaohui.c/work/afl-pt/afl-2.42b/pt_mode/glibc-2.19/pt-build/elf/rtld-libc.a(rtld-strchr.os)
 .debug_info    0x000000000004e032       0x95 /home/yaohui.c/work/afl-pt/afl-2.42b/pt_mode/glibc-2.19/pt-build/elf/rtld-libc.a(rtld-strcmp.os)
 .debug_info    0x000000000004e0c7       0x95 /home/yaohui.c/work/afl-pt/afl-2.42b/pt_mode/glibc-2.19/pt-build/elf/rtld-libc.a(rtld-strcpy.os)
 .debug_info    0x000000000004e15c       0x9a /home/yaohui.c/work/afl-pt/afl-2.42b/pt_mode/glibc-2.19/pt-build/elf/rtld-libc.a(rtld-strlen.os)
 .debug_info    0x000000000004e1f6       0x88 /home/yaohui.c/work/afl-pt/afl-2.42b/pt_mode/glibc-2.19/pt-build/elf/rtld-libc.a(rtld-strnlen.os)
 .debug_info    0x000000000004e27e       0x88 /home/yaohui.c/work/afl-pt/afl-2.42b/pt_mode/glibc-2.19/pt-build/elf/rtld-libc.a(rtld-memchr.os)
 .debug_info    0x000000000004e306      0x7f6 /home/yaohui.c/work/afl-pt/afl-2.42b/pt_mode/glibc-2.19/pt-build/elf/rtld-libc.a(rtld-memcmp.os)
 .debug_info    0x000000000004eafc      0x2b8 /home/yaohui.c/work/afl-pt/afl-2.42b/pt_mode/glibc-2.19/pt-build/elf/rtld-libc.a(rtld-memmove.os)
 .debug_info    0x000000000004edb4       0x8d /home/yaohui.c/work/afl-pt/afl-2.42b/pt_mode/glibc-2.19/pt-build/elf/rtld-libc.a(rtld-memset.os)
 .debug_info    0x000000000004ee41       0x88 /home/yaohui.c/work/afl-pt/afl-2.42b/pt_mode/glibc-2.19/pt-build/elf/rtld-libc.a(rtld-mempcpy.os)
 .debug_info    0x000000000004eec9       0x95 /home/yaohui.c/work/afl-pt/afl-2.42b/pt_mode/glibc-2.19/pt-build/elf/rtld-libc.a(rtld-stpcpy.os)
 .debug_info    0x000000000004ef5e       0x95 /home/yaohui.c/work/afl-pt/afl-2.42b/pt_mode/glibc-2.19/pt-build/elf/rtld-libc.a(rtld-memcpy.os)
 .debug_info    0x000000000004eff3      0x443 /home/yaohui.c/work/afl-pt/afl-2.42b/pt_mode/glibc-2.19/pt-build/elf/rtld-libc.a(rtld-wordcopy.os)
 .debug_info    0x000000000004f436       0x8b /home/yaohui.c/work/afl-pt/afl-2.42b/pt_mode/glibc-2.19/pt-build/elf/rtld-libc.a(rtld-rawmemchr.os)
 .debug_info    0x000000000004f4c1       0x8e /home/yaohui.c/work/afl-pt/afl-2.42b/pt_mode/glibc-2.19/pt-build/elf/rtld-libc.a(rtld-setitimer.os)

.debug_abbrev   0x0000000000000000     0x9ded
 *(.debug_abbrev)
 .debug_abbrev  0x0000000000000000     0x8056 /home/yaohui.c/work/afl-pt/afl-2.42b/pt_mode/glibc-2.19/pt-build/elf/dl-allobjs.os
 .debug_abbrev  0x0000000000008056      0x1e0 /home/yaohui.c/work/afl-pt/afl-2.42b/pt_mode/glibc-2.19/pt-build/elf/rtld-libc.a(rtld-check_fds.os)
 .debug_abbrev  0x0000000000008236       0x5f /home/yaohui.c/work/afl-pt/afl-2.42b/pt_mode/glibc-2.19/pt-build/elf/rtld-libc.a(rtld-errno.os)
 .debug_abbrev  0x0000000000008295      0x114 /home/yaohui.c/work/afl-pt/afl-2.42b/pt_mode/glibc-2.19/pt-build/elf/rtld-libc.a(rtld-closedir.os)
 .debug_abbrev  0x00000000000083a9      0x16d /home/yaohui.c/work/afl-pt/afl-2.42b/pt_mode/glibc-2.19/pt-build/elf/rtld-libc.a(rtld-readdir.os)
 .debug_abbrev  0x0000000000008516      0x126 /home/yaohui.c/work/afl-pt/afl-2.42b/pt_mode/glibc-2.19/pt-build/elf/rtld-libc.a(rtld-rewinddir.os)
 .debug_abbrev  0x000000000000863c      0x1a2 /home/yaohui.c/work/afl-pt/afl-2.42b/pt_mode/glibc-2.19/pt-build/elf/rtld-libc.a(rtld-getdents.os)
 .debug_abbrev  0x00000000000087de      0x182 /home/yaohui.c/work/afl-pt/afl-2.42b/pt_mode/glibc-2.19/pt-build/elf/rtld-libc.a(rtld-fdopendir.os)
 .debug_abbrev  0x0000000000008960      0x2a3 /home/yaohui.c/work/afl-pt/afl-2.42b/pt_mode/glibc-2.19/pt-build/elf/rtld-libc.a(rtld-profil.os)
 .debug_abbrev  0x0000000000008c03      0x248 /home/yaohui.c/work/afl-pt/afl-2.42b/pt_mode/glibc-2.19/pt-build/elf/rtld-libc.a(rtld-prof-freq.os)
 .debug_abbrev  0x0000000000008e4b      0x10a /home/yaohui.c/work/afl-pt/afl-2.42b/pt_mode/glibc-2.19/pt-build/elf/rtld-libc.a(rtld-xstat.os)
 .debug_abbrev  0x0000000000008f55      0x119 /home/yaohui.c/work/afl-pt/afl-2.42b/pt_mode/glibc-2.19/pt-build/elf/rtld-libc.a(rtld-fxstat.os)
 .debug_abbrev  0x000000000000906e      0x10a /home/yaohui.c/work/afl-pt/afl-2.42b/pt_mode/glibc-2.19/pt-build/elf/rtld-libc.a(rtld-lxstat.os)
 .debug_abbrev  0x0000000000009178       0x14 /home/yaohui.c/work/afl-pt/afl-2.42b/pt_mode/glibc-2.19/pt-build/elf/rtld-libc.a(rtld-open.os)
 .debug_abbrev  0x000000000000918c       0x14 /home/yaohui.c/work/afl-pt/afl-2.42b/pt_mode/glibc-2.19/pt-build/elf/rtld-libc.a(rtld-read.os)
 .debug_abbrev  0x00000000000091a0       0x14 /home/yaohui.c/work/afl-pt/afl-2.42b/pt_mode/glibc-2.19/pt-build/elf/rtld-libc.a(rtld-write.os)
 .debug_abbrev  0x00000000000091b4       0x14 /home/yaohui.c/work/afl-pt/afl-2.42b/pt_mode/glibc-2.19/pt-build/elf/rtld-libc.a(rtld-access.os)
 .debug_abbrev  0x00000000000091c8      0x1f6 /home/yaohui.c/work/afl-pt/afl-2.42b/pt_mode/glibc-2.19/pt-build/elf/rtld-libc.a(rtld-fcntl.os)
 .debug_abbrev  0x00000000000093be       0x14 /home/yaohui.c/work/afl-pt/afl-2.42b/pt_mode/glibc-2.19/pt-build/elf/rtld-libc.a(rtld-close.os)
 .debug_abbrev  0x00000000000093d2       0x14 /home/yaohui.c/work/afl-pt/afl-2.42b/pt_mode/glibc-2.19/pt-build/elf/rtld-libc.a(rtld-mmap.os)
 .debug_abbrev  0x00000000000093e6       0x14 /home/yaohui.c/work/afl-pt/afl-2.42b/pt_mode/glibc-2.19/pt-build/elf/rtld-libc.a(rtld-munmap.os)
 .debug_abbrev  0x00000000000093fa       0x14 /home/yaohui.c/work/afl-pt/afl-2.42b/pt_mode/glibc-2.19/pt-build/elf/rtld-libc.a(rtld-mprotect.os)
 .debug_abbrev  0x000000000000940e       0x14 /home/yaohui.c/work/afl-pt/afl-2.42b/pt_mode/glibc-2.19/pt-build/elf/rtld-libc.a(rtld-llseek.os)
 .debug_abbrev  0x0000000000009422       0x14 /home/yaohui.c/work/afl-pt/afl-2.42b/pt_mode/glibc-2.19/pt-build/elf/rtld-libc.a(rtld-uname.os)
 .debug_abbrev  0x0000000000009436      0x16a /home/yaohui.c/work/afl-pt/afl-2.42b/pt_mode/glibc-2.19/pt-build/elf/rtld-libc.a(rtld-waitpid.os)
 .debug_abbrev  0x00000000000095a0       0xd2 /home/yaohui.c/work/afl-pt/afl-2.42b/pt_mode/glibc-2.19/pt-build/elf/rtld-libc.a(rtld-_exit.os)
 .debug_abbrev  0x0000000000009672       0xa0 /home/yaohui.c/work/afl-pt/afl-2.42b/pt_mode/glibc-2.19/pt-build/elf/rtld-libc.a(rtld-getpid.os)
 .debug_abbrev  0x0000000000009712       0x40 /home/yaohui.c/work/afl-pt/afl-2.42b/pt_mode/glibc-2.19/pt-build/elf/rtld-libc.a(rtld-environ.os)
 .debug_abbrev  0x0000000000009752       0x14 /home/yaohui.c/work/afl-pt/afl-2.42b/pt_mode/glibc-2.19/pt-build/elf/rtld-libc.a(rtld-setjmp.os)
 .debug_abbrev  0x0000000000009766       0x14 /home/yaohui.c/work/afl-pt/afl-2.42b/pt_mode/glibc-2.19/pt-build/elf/rtld-libc.a(rtld-__longjmp.os)
 .debug_abbrev  0x000000000000977a      0x1dd /home/yaohui.c/work/afl-pt/afl-2.42b/pt_mode/glibc-2.19/pt-build/elf/rtld-libc.a(rtld-sigaction.os)
 .debug_abbrev  0x0000000000009957       0x14 /home/yaohui.c/work/afl-pt/afl-2.42b/pt_mode/glibc-2.19/pt-build/elf/rtld-libc.a(rtld-strchr.os)
 .debug_abbrev  0x000000000000996b       0x14 /home/yaohui.c/work/afl-pt/afl-2.42b/pt_mode/glibc-2.19/pt-build/elf/rtld-libc.a(rtld-strcmp.os)
 .debug_abbrev  0x000000000000997f       0x14 /home/yaohui.c/work/afl-pt/afl-2.42b/pt_mode/glibc-2.19/pt-build/elf/rtld-libc.a(rtld-strcpy.os)
 .debug_abbrev  0x0000000000009993       0x14 /home/yaohui.c/work/afl-pt/afl-2.42b/pt_mode/glibc-2.19/pt-build/elf/rtld-libc.a(rtld-strlen.os)
 .debug_abbrev  0x00000000000099a7       0x14 /home/yaohui.c/work/afl-pt/afl-2.42b/pt_mode/glibc-2.19/pt-build/elf/rtld-libc.a(rtld-strnlen.os)
 .debug_abbrev  0x00000000000099bb       0x14 /home/yaohui.c/work/afl-pt/afl-2.42b/pt_mode/glibc-2.19/pt-build/elf/rtld-libc.a(rtld-memchr.os)
 .debug_abbrev  0x00000000000099cf      0x176 /home/yaohui.c/work/afl-pt/afl-2.42b/pt_mode/glibc-2.19/pt-build/elf/rtld-libc.a(rtld-memcmp.os)
 .debug_abbrev  0x0000000000009b45      0x117 /home/yaohui.c/work/afl-pt/afl-2.42b/pt_mode/glibc-2.19/pt-build/elf/rtld-libc.a(rtld-memmove.os)
 .debug_abbrev  0x0000000000009c5c       0x14 /home/yaohui.c/work/afl-pt/afl-2.42b/pt_mode/glibc-2.19/pt-build/elf/rtld-libc.a(rtld-memset.os)
 .debug_abbrev  0x0000000000009c70       0x14 /home/yaohui.c/work/afl-pt/afl-2.42b/pt_mode/glibc-2.19/pt-build/elf/rtld-libc.a(rtld-mempcpy.os)
 .debug_abbrev  0x0000000000009c84       0x14 /home/yaohui.c/work/afl-pt/afl-2.42b/pt_mode/glibc-2.19/pt-build/elf/rtld-libc.a(rtld-stpcpy.os)
 .debug_abbrev  0x0000000000009c98       0x14 /home/yaohui.c/work/afl-pt/afl-2.42b/pt_mode/glibc-2.19/pt-build/elf/rtld-libc.a(rtld-memcpy.os)
 .debug_abbrev  0x0000000000009cac      0x119 /home/yaohui.c/work/afl-pt/afl-2.42b/pt_mode/glibc-2.19/pt-build/elf/rtld-libc.a(rtld-wordcopy.os)
 .debug_abbrev  0x0000000000009dc5       0x14 /home/yaohui.c/work/afl-pt/afl-2.42b/pt_mode/glibc-2.19/pt-build/elf/rtld-libc.a(rtld-rawmemchr.os)
 .debug_abbrev  0x0000000000009dd9       0x14 /home/yaohui.c/work/afl-pt/afl-2.42b/pt_mode/glibc-2.19/pt-build/elf/rtld-libc.a(rtld-setitimer.os)

.debug_line     0x0000000000000000     0xc639
 *(.debug_line .debug_line.* .debug_line_end)
 .debug_line    0x0000000000000000     0x9d65 /home/yaohui.c/work/afl-pt/afl-2.42b/pt_mode/glibc-2.19/pt-build/elf/dl-allobjs.os
 .debug_line    0x0000000000009d65      0x15e /home/yaohui.c/work/afl-pt/afl-2.42b/pt_mode/glibc-2.19/pt-build/elf/rtld-libc.a(rtld-check_fds.os)
 .debug_line    0x0000000000009ec3       0x46 /home/yaohui.c/work/afl-pt/afl-2.42b/pt_mode/glibc-2.19/pt-build/elf/rtld-libc.a(rtld-errno.os)
 .debug_line    0x0000000000009f09      0x180 /home/yaohui.c/work/afl-pt/afl-2.42b/pt_mode/glibc-2.19/pt-build/elf/rtld-libc.a(rtld-closedir.os)
 .debug_line    0x000000000000a089      0x1de /home/yaohui.c/work/afl-pt/afl-2.42b/pt_mode/glibc-2.19/pt-build/elf/rtld-libc.a(rtld-readdir.os)
 .debug_line    0x000000000000a267      0x17a /home/yaohui.c/work/afl-pt/afl-2.42b/pt_mode/glibc-2.19/pt-build/elf/rtld-libc.a(rtld-rewinddir.os)
 .debug_line    0x000000000000a3e1      0x191 /home/yaohui.c/work/afl-pt/afl-2.42b/pt_mode/glibc-2.19/pt-build/elf/rtld-libc.a(rtld-getdents.os)
 .debug_line    0x000000000000a572      0x1f5 /home/yaohui.c/work/afl-pt/afl-2.42b/pt_mode/glibc-2.19/pt-build/elf/rtld-libc.a(rtld-fdopendir.os)
 .debug_line    0x000000000000a767      0x286 /home/yaohui.c/work/afl-pt/afl-2.42b/pt_mode/glibc-2.19/pt-build/elf/rtld-libc.a(rtld-profil.os)
 .debug_line    0x000000000000a9ed      0x1aa /home/yaohui.c/work/afl-pt/afl-2.42b/pt_mode/glibc-2.19/pt-build/elf/rtld-libc.a(rtld-prof-freq.os)
 .debug_line    0x000000000000ab97       0xf7 /home/yaohui.c/work/afl-pt/afl-2.42b/pt_mode/glibc-2.19/pt-build/elf/rtld-libc.a(rtld-xstat.os)
 .debug_line    0x000000000000ac8e       0xf8 /home/yaohui.c/work/afl-pt/afl-2.42b/pt_mode/glibc-2.19/pt-build/elf/rtld-libc.a(rtld-fxstat.os)
 .debug_line    0x000000000000ad86       0xf8 /home/yaohui.c/work/afl-pt/afl-2.42b/pt_mode/glibc-2.19/pt-build/elf/rtld-libc.a(rtld-lxstat.os)
 .debug_line    0x000000000000ae7e       0x59 /home/yaohui.c/work/afl-pt/afl-2.42b/pt_mode/glibc-2.19/pt-build/elf/rtld-libc.a(rtld-open.os)
 .debug_line    0x000000000000aed7       0x59 /home/yaohui.c/work/afl-pt/afl-2.42b/pt_mode/glibc-2.19/pt-build/elf/rtld-libc.a(rtld-read.os)
 .debug_line    0x000000000000af30       0x59 /home/yaohui.c/work/afl-pt/afl-2.42b/pt_mode/glibc-2.19/pt-build/elf/rtld-libc.a(rtld-write.os)
 .debug_line    0x000000000000af89       0x59 /home/yaohui.c/work/afl-pt/afl-2.42b/pt_mode/glibc-2.19/pt-build/elf/rtld-libc.a(rtld-access.os)
 .debug_line    0x000000000000afe2      0x1cf /home/yaohui.c/work/afl-pt/afl-2.42b/pt_mode/glibc-2.19/pt-build/elf/rtld-libc.a(rtld-fcntl.os)
 .debug_line    0x000000000000b1b1       0x59 /home/yaohui.c/work/afl-pt/afl-2.42b/pt_mode/glibc-2.19/pt-build/elf/rtld-libc.a(rtld-close.os)
 .debug_line    0x000000000000b20a       0x5a /home/yaohui.c/work/afl-pt/afl-2.42b/pt_mode/glibc-2.19/pt-build/elf/rtld-libc.a(rtld-mmap.os)
 .debug_line    0x000000000000b264       0x59 /home/yaohui.c/work/afl-pt/afl-2.42b/pt_mode/glibc-2.19/pt-build/elf/rtld-libc.a(rtld-munmap.os)
 .debug_line    0x000000000000b2bd       0x59 /home/yaohui.c/work/afl-pt/afl-2.42b/pt_mode/glibc-2.19/pt-build/elf/rtld-libc.a(rtld-mprotect.os)
 .debug_line    0x000000000000b316       0x59 /home/yaohui.c/work/afl-pt/afl-2.42b/pt_mode/glibc-2.19/pt-build/elf/rtld-libc.a(rtld-llseek.os)
 .debug_line    0x000000000000b36f       0x59 /home/yaohui.c/work/afl-pt/afl-2.42b/pt_mode/glibc-2.19/pt-build/elf/rtld-libc.a(rtld-uname.os)
 .debug_line    0x000000000000b3c8      0x163 /home/yaohui.c/work/afl-pt/afl-2.42b/pt_mode/glibc-2.19/pt-build/elf/rtld-libc.a(rtld-waitpid.os)
 .debug_line    0x000000000000b52b       0xa5 /home/yaohui.c/work/afl-pt/afl-2.42b/pt_mode/glibc-2.19/pt-build/elf/rtld-libc.a(rtld-_exit.os)
 .debug_line    0x000000000000b5d0       0xa4 /home/yaohui.c/work/afl-pt/afl-2.42b/pt_mode/glibc-2.19/pt-build/elf/rtld-libc.a(rtld-getpid.os)
 .debug_line    0x000000000000b674       0x2a /home/yaohui.c/work/afl-pt/afl-2.42b/pt_mode/glibc-2.19/pt-build/elf/rtld-libc.a(rtld-environ.os)
 .debug_line    0x000000000000b69e       0x5f /home/yaohui.c/work/afl-pt/afl-2.42b/pt_mode/glibc-2.19/pt-build/elf/rtld-libc.a(rtld-setjmp.os)
 .debug_line    0x000000000000b6fd       0x61 /home/yaohui.c/work/afl-pt/afl-2.42b/pt_mode/glibc-2.19/pt-build/elf/rtld-libc.a(rtld-__longjmp.os)
 .debug_line    0x000000000000b75e      0x266 /home/yaohui.c/work/afl-pt/afl-2.42b/pt_mode/glibc-2.19/pt-build/elf/rtld-libc.a(rtld-sigaction.os)
 .debug_line    0x000000000000b9c4       0xde /home/yaohui.c/work/afl-pt/afl-2.42b/pt_mode/glibc-2.19/pt-build/elf/rtld-libc.a(rtld-strchr.os)
 .debug_line    0x000000000000baa2       0x68 /home/yaohui.c/work/afl-pt/afl-2.42b/pt_mode/glibc-2.19/pt-build/elf/rtld-libc.a(rtld-strcmp.os)
 .debug_line    0x000000000000bb0a       0xa2 /home/yaohui.c/work/afl-pt/afl-2.42b/pt_mode/glibc-2.19/pt-build/elf/rtld-libc.a(rtld-strcpy.os)
 .debug_line    0x000000000000bbac       0xa8 /home/yaohui.c/work/afl-pt/afl-2.42b/pt_mode/glibc-2.19/pt-build/elf/rtld-libc.a(rtld-strlen.os)
 .debug_line    0x000000000000bc54       0x98 /home/yaohui.c/work/afl-pt/afl-2.42b/pt_mode/glibc-2.19/pt-build/elf/rtld-libc.a(rtld-strnlen.os)
 .debug_line    0x000000000000bcec      0x117 /home/yaohui.c/work/afl-pt/afl-2.42b/pt_mode/glibc-2.19/pt-build/elf/rtld-libc.a(rtld-memchr.os)
 .debug_line    0x000000000000be03      0x1c5 /home/yaohui.c/work/afl-pt/afl-2.42b/pt_mode/glibc-2.19/pt-build/elf/rtld-libc.a(rtld-memcmp.os)
 .debug_line    0x000000000000bfc8      0x120 /home/yaohui.c/work/afl-pt/afl-2.42b/pt_mode/glibc-2.19/pt-build/elf/rtld-libc.a(rtld-memmove.os)
 .debug_line    0x000000000000c0e8       0x58 /home/yaohui.c/work/afl-pt/afl-2.42b/pt_mode/glibc-2.19/pt-build/elf/rtld-libc.a(rtld-memset.os)
 .debug_line    0x000000000000c140       0xb1 /home/yaohui.c/work/afl-pt/afl-2.42b/pt_mode/glibc-2.19/pt-build/elf/rtld-libc.a(rtld-mempcpy.os)
 .debug_line    0x000000000000c1f1       0xa2 /home/yaohui.c/work/afl-pt/afl-2.42b/pt_mode/glibc-2.19/pt-build/elf/rtld-libc.a(rtld-stpcpy.os)
 .debug_line    0x000000000000c293       0xc0 /home/yaohui.c/work/afl-pt/afl-2.42b/pt_mode/glibc-2.19/pt-build/elf/rtld-libc.a(rtld-memcpy.os)
 .debug_line    0x000000000000c353      0x1c5 /home/yaohui.c/work/afl-pt/afl-2.42b/pt_mode/glibc-2.19/pt-build/elf/rtld-libc.a(rtld-wordcopy.os)
 .debug_line    0x000000000000c518       0xc8 /home/yaohui.c/work/afl-pt/afl-2.42b/pt_mode/glibc-2.19/pt-build/elf/rtld-libc.a(rtld-rawmemchr.os)
 .debug_line    0x000000000000c5e0       0x59 /home/yaohui.c/work/afl-pt/afl-2.42b/pt_mode/glibc-2.19/pt-build/elf/rtld-libc.a(rtld-setitimer.os)

.debug_frame
 *(.debug_frame)

.debug_str      0x0000000000000000    0x2c6ac
 *(.debug_str)
 .debug_str     0x0000000000000000    0x27aa6 /home/yaohui.c/work/afl-pt/afl-2.42b/pt_mode/glibc-2.19/pt-build/elf/dl-allobjs.os
 .debug_str     0x0000000000027aa6      0x36b /home/yaohui.c/work/afl-pt/afl-2.42b/pt_mode/glibc-2.19/pt-build/elf/rtld-libc.a(rtld-check_fds.os)
 .debug_str     0x0000000000027e11      0x1c8 /home/yaohui.c/work/afl-pt/afl-2.42b/pt_mode/glibc-2.19/pt-build/elf/rtld-libc.a(rtld-errno.os)
 .debug_str     0x0000000000027fd9      0x2fe /home/yaohui.c/work/afl-pt/afl-2.42b/pt_mode/glibc-2.19/pt-build/elf/rtld-libc.a(rtld-closedir.os)
 .debug_str     0x00000000000282d7      0x382 /home/yaohui.c/work/afl-pt/afl-2.42b/pt_mode/glibc-2.19/pt-build/elf/rtld-libc.a(rtld-readdir.os)
 .debug_str     0x0000000000028659      0x2fb /home/yaohui.c/work/afl-pt/afl-2.42b/pt_mode/glibc-2.19/pt-build/elf/rtld-libc.a(rtld-rewinddir.os)
 .debug_str     0x0000000000028954      0x2f3 /home/yaohui.c/work/afl-pt/afl-2.42b/pt_mode/glibc-2.19/pt-build/elf/rtld-libc.a(rtld-getdents.os)
 .debug_str     0x0000000000028c47      0x442 /home/yaohui.c/work/afl-pt/afl-2.42b/pt_mode/glibc-2.19/pt-build/elf/rtld-libc.a(rtld-fdopendir.os)
 .debug_str     0x0000000000029089      0x6e9 /home/yaohui.c/work/afl-pt/afl-2.42b/pt_mode/glibc-2.19/pt-build/elf/rtld-libc.a(rtld-profil.os)
 .debug_str     0x0000000000029772      0xe43 /home/yaohui.c/work/afl-pt/afl-2.42b/pt_mode/glibc-2.19/pt-build/elf/rtld-libc.a(rtld-prof-freq.os)
 .debug_str     0x000000000002a5b5      0x331 /home/yaohui.c/work/afl-pt/afl-2.42b/pt_mode/glibc-2.19/pt-build/elf/rtld-libc.a(rtld-xstat.os)
 .debug_str     0x000000000002a8e6      0x32f /home/yaohui.c/work/afl-pt/afl-2.42b/pt_mode/glibc-2.19/pt-build/elf/rtld-libc.a(rtld-fxstat.os)
 .debug_str     0x000000000002ac15      0x334 /home/yaohui.c/work/afl-pt/afl-2.42b/pt_mode/glibc-2.19/pt-build/elf/rtld-libc.a(rtld-lxstat.os)
 .debug_str     0x000000000002af49      0x485 /home/yaohui.c/work/afl-pt/afl-2.42b/pt_mode/glibc-2.19/pt-build/elf/rtld-libc.a(rtld-fcntl.os)
 .debug_str     0x000000000002b3ce      0x30b /home/yaohui.c/work/afl-pt/afl-2.42b/pt_mode/glibc-2.19/pt-build/elf/rtld-libc.a(rtld-waitpid.os)
 .debug_str     0x000000000002b6d9      0x203 /home/yaohui.c/work/afl-pt/afl-2.42b/pt_mode/glibc-2.19/pt-build/elf/rtld-libc.a(rtld-_exit.os)
 .debug_str     0x000000000002b8dc      0x208 /home/yaohui.c/work/afl-pt/afl-2.42b/pt_mode/glibc-2.19/pt-build/elf/rtld-libc.a(rtld-getpid.os)
 .debug_str     0x000000000002bae4      0x15b /home/yaohui.c/work/afl-pt/afl-2.42b/pt_mode/glibc-2.19/pt-build/elf/rtld-libc.a(rtld-environ.os)
 .debug_str     0x000000000002bc3f      0x4b8 /home/yaohui.c/work/afl-pt/afl-2.42b/pt_mode/glibc-2.19/pt-build/elf/rtld-libc.a(rtld-sigaction.os)
 .debug_str     0x000000000002c0f7      0x1e6 /home/yaohui.c/work/afl-pt/afl-2.42b/pt_mode/glibc-2.19/pt-build/elf/rtld-libc.a(rtld-memcmp.os)
 .debug_str     0x000000000002c2dd      0x210 /home/yaohui.c/work/afl-pt/afl-2.42b/pt_mode/glibc-2.19/pt-build/elf/rtld-libc.a(rtld-memmove.os)
 .debug_str     0x000000000002c4ed      0x1bf /home/yaohui.c/work/afl-pt/afl-2.42b/pt_mode/glibc-2.19/pt-build/elf/rtld-libc.a(rtld-wordcopy.os)

.debug_loc      0x0000000000000000    0x2f0e5
 *(.debug_loc)
 .debug_loc     0x0000000000000000    0x29f37 /home/yaohui.c/work/afl-pt/afl-2.42b/pt_mode/glibc-2.19/pt-build/elf/dl-allobjs.os
 .debug_loc     0x0000000000029f37       0xe1 /home/yaohui.c/work/afl-pt/afl-2.42b/pt_mode/glibc-2.19/pt-build/elf/rtld-libc.a(rtld-check_fds.os)
 .debug_loc     0x000000000002a018      0x1e2 /home/yaohui.c/work/afl-pt/afl-2.42b/pt_mode/glibc-2.19/pt-build/elf/rtld-libc.a(rtld-readdir.os)
 .debug_loc     0x000000000002a1fa       0x4c /home/yaohui.c/work/afl-pt/afl-2.42b/pt_mode/glibc-2.19/pt-build/elf/rtld-libc.a(rtld-rewinddir.os)
 .debug_loc     0x000000000002a246      0x289 /home/yaohui.c/work/afl-pt/afl-2.42b/pt_mode/glibc-2.19/pt-build/elf/rtld-libc.a(rtld-getdents.os)
 .debug_loc     0x000000000002a4cf       0x95 /home/yaohui.c/work/afl-pt/afl-2.42b/pt_mode/glibc-2.19/pt-build/elf/rtld-libc.a(rtld-fdopendir.os)
 .debug_loc     0x000000000002a564      0x23a /home/yaohui.c/work/afl-pt/afl-2.42b/pt_mode/glibc-2.19/pt-build/elf/rtld-libc.a(rtld-profil.os)
 .debug_loc     0x000000000002a79e      0x20a /home/yaohui.c/work/afl-pt/afl-2.42b/pt_mode/glibc-2.19/pt-build/elf/rtld-libc.a(rtld-xstat.os)
 .debug_loc     0x000000000002a9a8      0x1ff /home/yaohui.c/work/afl-pt/afl-2.42b/pt_mode/glibc-2.19/pt-build/elf/rtld-libc.a(rtld-fxstat.os)
 .debug_loc     0x000000000002aba7      0x20a /home/yaohui.c/work/afl-pt/afl-2.42b/pt_mode/glibc-2.19/pt-build/elf/rtld-libc.a(rtld-lxstat.os)
 .debug_loc     0x000000000002adb1      0x692 /home/yaohui.c/work/afl-pt/afl-2.42b/pt_mode/glibc-2.19/pt-build/elf/rtld-libc.a(rtld-fcntl.os)
 .debug_loc     0x000000000002b443       0xea /home/yaohui.c/work/afl-pt/afl-2.42b/pt_mode/glibc-2.19/pt-build/elf/rtld-libc.a(rtld-waitpid.os)
 .debug_loc     0x000000000002b52d      0x15b /home/yaohui.c/work/afl-pt/afl-2.42b/pt_mode/glibc-2.19/pt-build/elf/rtld-libc.a(rtld-_exit.os)
 .debug_loc     0x000000000002b688      0x297 /home/yaohui.c/work/afl-pt/afl-2.42b/pt_mode/glibc-2.19/pt-build/elf/rtld-libc.a(rtld-sigaction.os)
 .debug_loc     0x000000000002b91f     0x2126 /home/yaohui.c/work/afl-pt/afl-2.42b/pt_mode/glibc-2.19/pt-build/elf/rtld-libc.a(rtld-memcmp.os)
 .debug_loc     0x000000000002da45      0x67c /home/yaohui.c/work/afl-pt/afl-2.42b/pt_mode/glibc-2.19/pt-build/elf/rtld-libc.a(rtld-memmove.os)
 .debug_loc     0x000000000002e0c1     0x1024 /home/yaohui.c/work/afl-pt/afl-2.42b/pt_mode/glibc-2.19/pt-build/elf/rtld-libc.a(rtld-wordcopy.os)

.debug_macinfo
 *(.debug_macinfo)

.debug_weaknames
 *(.debug_weaknames)

.debug_funcnames
 *(.debug_funcnames)

.debug_typenames
 *(.debug_typenames)

.debug_varnames
 *(.debug_varnames)

.debug_pubtypes
 *(.debug_pubtypes)

.debug_ranges   0x0000000000000000     0x7200
 *(.debug_ranges)
 .debug_ranges  0x0000000000000000     0x6c40 /home/yaohui.c/work/afl-pt/afl-2.42b/pt_mode/glibc-2.19/pt-build/elf/dl-allobjs.os
 .debug_ranges  0x0000000000006c40       0xa0 /home/yaohui.c/work/afl-pt/afl-2.42b/pt_mode/glibc-2.19/pt-build/elf/rtld-libc.a(rtld-readdir.os)
 .debug_ranges  0x0000000000006ce0       0xb0 /home/yaohui.c/work/afl-pt/afl-2.42b/pt_mode/glibc-2.19/pt-build/elf/rtld-libc.a(rtld-getdents.os)
 .debug_ranges  0x0000000000006d90       0x30 /home/yaohui.c/work/afl-pt/afl-2.42b/pt_mode/glibc-2.19/pt-build/elf/rtld-libc.a(rtld-xstat.os)
 .debug_ranges  0x0000000000006dc0       0x30 /home/yaohui.c/work/afl-pt/afl-2.42b/pt_mode/glibc-2.19/pt-build/elf/rtld-libc.a(rtld-fxstat.os)
 .debug_ranges  0x0000000000006df0       0x30 /home/yaohui.c/work/afl-pt/afl-2.42b/pt_mode/glibc-2.19/pt-build/elf/rtld-libc.a(rtld-lxstat.os)
 .debug_ranges  0x0000000000006e20       0xb0 /home/yaohui.c/work/afl-pt/afl-2.42b/pt_mode/glibc-2.19/pt-build/elf/rtld-libc.a(rtld-fcntl.os)
 .debug_ranges  0x0000000000006ed0       0x30 /home/yaohui.c/work/afl-pt/afl-2.42b/pt_mode/glibc-2.19/pt-build/elf/rtld-libc.a(rtld-waitpid.os)
 .debug_ranges  0x0000000000006f00       0x90 /home/yaohui.c/work/afl-pt/afl-2.42b/pt_mode/glibc-2.19/pt-build/elf/rtld-libc.a(rtld-_exit.os)
 .debug_ranges  0x0000000000006f90       0x70 /home/yaohui.c/work/afl-pt/afl-2.42b/pt_mode/glibc-2.19/pt-build/elf/rtld-libc.a(rtld-sigaction.os)
 .debug_ranges  0x0000000000007000       0xf0 /home/yaohui.c/work/afl-pt/afl-2.42b/pt_mode/glibc-2.19/pt-build/elf/rtld-libc.a(rtld-memcmp.os)
 .debug_ranges  0x00000000000070f0      0x110 /home/yaohui.c/work/afl-pt/afl-2.42b/pt_mode/glibc-2.19/pt-build/elf/rtld-libc.a(rtld-memmove.os)

.debug_macro
 *(.debug_macro)

.gnu.attributes
 *(.gnu.attributes)
OUTPUT(/home/yaohui.c/work/afl-pt/afl-2.42b/pt_mode/glibc-2.19/pt-build/elf/librtld.os elf64-x86-64)